Archive member included to satisfy reference by file (symbol)

c:/progra~2/gnuarm~1/102021~1.10/bin/../lib/gcc/arm-none-eabi/10.3.1/thumb/v7e-m/nofp\libgcc.a(_aeabi_uldivmod.o)
                              CMakeFiles/iot_lab.elf.dir/Drivers/STM32L4xx_HAL_Driver/Src/stm32l4xx_hal_uart.c.obj (__aeabi_uldivmod)
c:/progra~2/gnuarm~1/102021~1.10/bin/../lib/gcc/arm-none-eabi/10.3.1/thumb/v7e-m/nofp\libgcc.a(_udivmoddi4.o)
                              c:/progra~2/gnuarm~1/102021~1.10/bin/../lib/gcc/arm-none-eabi/10.3.1/thumb/v7e-m/nofp\libgcc.a(_aeabi_uldivmod.o) (__udivmoddi4)
c:/progra~2/gnuarm~1/102021~1.10/bin/../lib/gcc/arm-none-eabi/10.3.1/thumb/v7e-m/nofp\libgcc.a(_dvmd_tls.o)
                              c:/progra~2/gnuarm~1/102021~1.10/bin/../lib/gcc/arm-none-eabi/10.3.1/thumb/v7e-m/nofp\libgcc.a(_aeabi_uldivmod.o) (__aeabi_ldiv0)
c:/progra~2/gnuarm~1/102021~1.10/bin/../lib/gcc/arm-none-eabi/10.3.1/../../../../arm-none-eabi/lib/thumb/v7e-m/nofp\libg.a(lib_a-errno.o)
                              CMakeFiles/iot_lab.elf.dir/Core/Src/syscalls.c.obj (__errno)
c:/progra~2/gnuarm~1/102021~1.10/bin/../lib/gcc/arm-none-eabi/10.3.1/../../../../arm-none-eabi/lib/thumb/v7e-m/nofp\libg.a(lib_a-exit.o)
                              c:/progra~2/gnuarm~1/102021~1.10/bin/../lib/gcc/arm-none-eabi/10.3.1/../../../../arm-none-eabi/lib/thumb/v7e-m/nofp/crt0.o (exit)
c:/progra~2/gnuarm~1/102021~1.10/bin/../lib/gcc/arm-none-eabi/10.3.1/../../../../arm-none-eabi/lib/thumb/v7e-m/nofp\libg.a(lib_a-impure.o)
                              c:/progra~2/gnuarm~1/102021~1.10/bin/../lib/gcc/arm-none-eabi/10.3.1/../../../../arm-none-eabi/lib/thumb/v7e-m/nofp\libg.a(lib_a-exit.o) (_global_impure_ptr)
c:/progra~2/gnuarm~1/102021~1.10/bin/../lib/gcc/arm-none-eabi/10.3.1/../../../../arm-none-eabi/lib/thumb/v7e-m/nofp\libg.a(lib_a-init.o)
                              c:/progra~2/gnuarm~1/102021~1.10/bin/../lib/gcc/arm-none-eabi/10.3.1/../../../../arm-none-eabi/lib/thumb/v7e-m/nofp/crt0.o (__libc_init_array)
c:/progra~2/gnuarm~1/102021~1.10/bin/../lib/gcc/arm-none-eabi/10.3.1/../../../../arm-none-eabi/lib/thumb/v7e-m/nofp\libg.a(lib_a-memset.o)
                              c:/progra~2/gnuarm~1/102021~1.10/bin/../lib/gcc/arm-none-eabi/10.3.1/../../../../arm-none-eabi/lib/thumb/v7e-m/nofp/crt0.o (memset)
c:/progra~2/gnuarm~1/102021~1.10/bin/../lib/gcc/arm-none-eabi/10.3.1/../../../../arm-none-eabi/lib/thumb/v7e-m/nofp\libg.a(lib_a-strlen.o)
                              CMakeFiles/iot_lab.elf.dir/Core/Src/main.c.obj (strlen)
c:/progra~2/gnuarm~1/102021~1.10/bin/../lib/gcc/arm-none-eabi/10.3.1/../../../../arm-none-eabi/lib/thumb/v7e-m/nofp\libg.a(lib_a-__call_atexit.o)
                              c:/progra~2/gnuarm~1/102021~1.10/bin/../lib/gcc/arm-none-eabi/10.3.1/../../../../arm-none-eabi/lib/thumb/v7e-m/nofp\libg.a(lib_a-exit.o) (__call_exitprocs)
c:/progra~2/gnuarm~1/102021~1.10/bin/../lib/gcc/arm-none-eabi/10.3.1/../../../../arm-none-eabi/lib/thumb/v7e-m/nofp\libg.a(lib_a-atexit.o)
                              c:/progra~2/gnuarm~1/102021~1.10/bin/../lib/gcc/arm-none-eabi/10.3.1/../../../../arm-none-eabi/lib/thumb/v7e-m/nofp\libg.a(lib_a-__call_atexit.o) (atexit)
c:/progra~2/gnuarm~1/102021~1.10/bin/../lib/gcc/arm-none-eabi/10.3.1/../../../../arm-none-eabi/lib/thumb/v7e-m/nofp\libg.a(lib_a-fini.o)
                              c:/progra~2/gnuarm~1/102021~1.10/bin/../lib/gcc/arm-none-eabi/10.3.1/../../../../arm-none-eabi/lib/thumb/v7e-m/nofp\libg.a(lib_a-__call_atexit.o) (__libc_fini_array)
c:/progra~2/gnuarm~1/102021~1.10/bin/../lib/gcc/arm-none-eabi/10.3.1/../../../../arm-none-eabi/lib/thumb/v7e-m/nofp\libg.a(lib_a-lock.o)
                              c:/progra~2/gnuarm~1/102021~1.10/bin/../lib/gcc/arm-none-eabi/10.3.1/../../../../arm-none-eabi/lib/thumb/v7e-m/nofp\libg.a(lib_a-__call_atexit.o) (__retarget_lock_acquire_recursive)
c:/progra~2/gnuarm~1/102021~1.10/bin/../lib/gcc/arm-none-eabi/10.3.1/../../../../arm-none-eabi/lib/thumb/v7e-m/nofp\libg.a(lib_a-__atexit.o)
                              c:/progra~2/gnuarm~1/102021~1.10/bin/../lib/gcc/arm-none-eabi/10.3.1/../../../../arm-none-eabi/lib/thumb/v7e-m/nofp\libg.a(lib_a-atexit.o) (__register_exitproc)

Discarded input sections

 .text          0x00000000        0x0 c:/progra~2/gnuarm~1/102021~1.10/bin/../lib/gcc/arm-none-eabi/10.3.1/thumb/v7e-m/nofp/crti.o
 .data          0x00000000        0x0 c:/progra~2/gnuarm~1/102021~1.10/bin/../lib/gcc/arm-none-eabi/10.3.1/thumb/v7e-m/nofp/crti.o
 .bss           0x00000000        0x0 c:/progra~2/gnuarm~1/102021~1.10/bin/../lib/gcc/arm-none-eabi/10.3.1/thumb/v7e-m/nofp/crti.o
 .data          0x00000000        0x4 c:/progra~2/gnuarm~1/102021~1.10/bin/../lib/gcc/arm-none-eabi/10.3.1/thumb/v7e-m/nofp/crtbegin.o
 .rodata        0x00000000       0x24 c:/progra~2/gnuarm~1/102021~1.10/bin/../lib/gcc/arm-none-eabi/10.3.1/thumb/v7e-m/nofp/crtbegin.o
[...]
Memory Configuration

Name             Origin             Length             Attributes
RAM              0x20000000         0x00018000         xrw
RAM2             0x10000000         0x00008000         xrw
FLASH            0x08000000         0x00080000         xr
*default*        0x00000000         0xffffffff

Linker script and memory map

LOAD c:/progra~2/gnuarm~1/102021~1.10/bin/../lib/gcc/arm-none-eabi/10.3.1/thumb/v7e-m/nofp/crti.o
LOAD c:/progra~2/gnuarm~1/102021~1.10/bin/../lib/gcc/arm-none-eabi/10.3.1/thumb/v7e-m/nofp/crtbegin.o
LOAD c:/progra~2/gnuarm~1/102021~1.10/bin/../lib/gcc/arm-none-eabi/10.3.1/../../../../arm-none-eabi/lib/thumb/v7e-m/nofp/crt0.o
LOAD CMakeFiles/iot_lab.elf.dir/Core/Src/gpio.c.obj
LOAD CMakeFiles/iot_lab.elf.dir/Core/Src/main.c.obj
LOAD CMakeFiles/iot_lab.elf.dir/Core/Src/stm32l4xx_hal_msp.c.obj
LOAD CMakeFiles/iot_lab.elf.dir/Core/Src/stm32l4xx_it.c.obj
LOAD CMakeFiles/iot_lab.elf.dir/Core/Src/syscalls.c.obj
LOAD CMakeFiles/iot_lab.elf.dir/Core/Src/sysmem.c.obj
LOAD CMakeFiles/iot_lab.elf.dir/Core/Src/system_stm32l4xx.c.obj
LOAD CMakeFiles/iot_lab.elf.dir/Core/Src/usart.c.obj
LOAD CMakeFiles/iot_lab.elf.dir/Core/Startup/startup_stm32l475vetx.s.obj
LOAD CMakeFiles/iot_lab.elf.dir/Drivers/STM32L4xx_HAL_Driver/Src/stm32l4xx_hal.c.obj
LOAD CMakeFiles/iot_lab.elf.dir/Drivers/STM32L4xx_HAL_Driver/Src/stm32l4xx_hal_cortex.c.obj
LOAD CMakeFiles/iot_lab.elf.dir/Drivers/STM32L4xx_HAL_Driver/Src/stm32l4xx_hal_dma.c.obj
LOAD CMakeFiles/iot_lab.elf.dir/Drivers/STM32L4xx_HAL_Driver/Src/stm32l4xx_hal_dma_ex.c.obj
LOAD CMakeFiles/iot_lab.elf.dir/Drivers/STM32L4xx_HAL_Driver/Src/stm32l4xx_hal_exti.c.obj
LOAD CMakeFiles/iot_lab.elf.dir/Drivers/STM32L4xx_HAL_Driver/Src/stm32l4xx_hal_flash.c.obj
LOAD CMakeFiles/iot_lab.elf.dir/Drivers/STM32L4xx_HAL_Driver/Src/stm32l4xx_hal_flash_ex.c.obj
LOAD CMakeFiles/iot_lab.elf.dir/Drivers/STM32L4xx_HAL_Driver/Src/stm32l4xx_hal_flash_ramfunc.c.obj
LOAD CMakeFiles/iot_lab.elf.dir/Drivers/STM32L4xx_HAL_Driver/Src/stm32l4xx_hal_gpio.c.obj
LOAD CMakeFiles/iot_lab.elf.dir/Drivers/STM32L4xx_HAL_Driver/Src/stm32l4xx_hal_pwr.c.obj
LOAD CMakeFiles/iot_lab.elf.dir/Drivers/STM32L4xx_HAL_Driver/Src/stm32l4xx_hal_pwr_ex.c.obj
LOAD CMakeFiles/iot_lab.elf.dir/Drivers/STM32L4xx_HAL_Driver/Src/stm32l4xx_hal_rcc.c.obj
LOAD CMakeFiles/iot_lab.elf.dir/Drivers/STM32L4xx_HAL_Driver/Src/stm32l4xx_hal_rcc_ex.c.obj
LOAD CMakeFiles/iot_lab.elf.dir/Drivers/STM32L4xx_HAL_Driver/Src/stm32l4xx_hal_tim.c.obj
LOAD CMakeFiles/iot_lab.elf.dir/Drivers/STM32L4xx_HAL_Driver/Src/stm32l4xx_hal_tim_ex.c.obj
LOAD CMakeFiles/iot_lab.elf.dir/Drivers/STM32L4xx_HAL_Driver/Src/stm32l4xx_hal_uart.c.obj
LOAD CMakeFiles/iot_lab.elf.dir/Drivers/STM32L4xx_HAL_Driver/Src/stm32l4xx_hal_uart_ex.c.obj
START GROUP
LOAD c:/progra~2/gnuarm~1/102021~1.10/bin/../lib/gcc/arm-none-eabi/10.3.1/thumb/v7e-m/nofp\libgcc.a
LOAD c:/progra~2/gnuarm~1/102021~1.10/bin/../lib/gcc/arm-none-eabi/10.3.1/../../../../arm-none-eabi/lib/thumb/v7e-m/nofp\libg.a
LOAD c:/progra~2/gnuarm~1/102021~1.10/bin/../lib/gcc/arm-none-eabi/10.3.1/../../../../arm-none-eabi/lib/thumb/v7e-m/nofp\libc.a
END GROUP
LOAD c:/progra~2/gnuarm~1/102021~1.10/bin/../lib/gcc/arm-none-eabi/10.3.1/thumb/v7e-m/nofp/crtend.o
LOAD c:/progra~2/gnuarm~1/102021~1.10/bin/../lib/gcc/arm-none-eabi/10.3.1/thumb/v7e-m/nofp/crtn.o
                0x20018000                _estack = (ORIGIN (RAM) + LENGTH (RAM))
                0x00000200                _Min_Heap_Size = 0x200
                0x00000400                _Min_Stack_Size = 0x400

.isr_vector     0x08000000      0x188
                0x08000000                . = ALIGN (0x4)
 *(.isr_vector)
 .isr_vector    0x08000000      0x188 CMakeFiles/iot_lab.elf.dir/Core/Startup/startup_stm32l475vetx.s.obj
                0x08000000                g_pfnVectors
                0x08000188                . = ALIGN (0x4)

.text           0x080001c0     0x2f98
                0x080001c0                . = ALIGN (0x4)
 *(.text)
 .text          0x080001c0       0x40 c:/progra~2/gnuarm~1/102021~1.10/bin/../lib/gcc/arm-none-eabi/10.3.1/thumb/v7e-m/nofp/crtbegin.o
 .text          0x08000200       0x30 c:/progra~2/gnuarm~1/102021~1.10/bin/../lib/gcc/arm-none-eabi/10.3.1/thumb/v7e-m/nofp\libgcc.a(_aeabi_uldivmod.o)
                0x08000200                __aeabi_uldivmod
 .text          0x08000230      0x2d0 c:/progra~2/gnuarm~1/102021~1.10/bin/../lib/gcc/arm-none-eabi/10.3.1/thumb/v7e-m/nofp\libgcc.a(_udivmoddi4.o)
                0x08000230                __udivmoddi4
 .text          0x08000500        0x4 c:/progra~2/gnuarm~1/102021~1.10/bin/../lib/gcc/arm-none-eabi/10.3.1/thumb/v7e-m/nofp\libgcc.a(_dvmd_tls.o)
                0x08000500                __aeabi_idiv0
                0x08000500                __aeabi_ldiv0
 *fill*         0x08000504       0x3c 
 .text          0x08000540       0xdc c:/progra~2/gnuarm~1/102021~1.10/bin/../lib/gcc/arm-none-eabi/10.3.1/../../../../arm-none-eabi/lib/thumb/v7e-m/nofp\libg.a(lib_a-strlen.o)
                0x08000540                strlen
 *(.text*)
 .text.MX_GPIO_Init
                0x0800061c       0x74 CMakeFiles/iot_lab.elf.dir/Core/Src/gpio.c.obj
                0x0800061c                MX_GPIO_Init
 .text.AT_lora_inquire
                0x08000690       0xac CMakeFiles/iot_lab.elf.dir/Core/Src/main.c.obj
                0x08000690                AT_lora_inquire
 .text.AT_lora_mode_set
                0x0800073c      0x288 CMakeFiles/iot_lab.elf.dir/Core/Src/main.c.obj
                0x0800073c                AT_lora_mode_set
 .text.HAL_GPIO_EXTI_Callback
                0x080009c4       0x58 CMakeFiles/iot_lab.elf.dir/Core/Src/main.c.obj
                0x080009c4                HAL_GPIO_EXTI_Callback
 .text.Error_Handler
                0x08000a1c        0x4 CMakeFiles/iot_lab.elf.dir/Core/Src/main.c.obj
                0x08000a1c                Error_Handler
 .text.SystemClock_Config
                0x08000a20       0x78 CMakeFiles/iot_lab.elf.dir/Core/Src/main.c.obj
                0x08000a20                SystemClock_Config
 .text.enter_low_power_mode
                0x08000a98       0x88 CMakeFiles/iot_lab.elf.dir/Core/Src/main.c.obj
                0x08000a98                enter_low_power_mode
 .text.AT_lora_init
                0x08000b20       0xb4 CMakeFiles/iot_lab.elf.dir/Core/Src/main.c.obj
                0x08000b20                AT_lora_init
 .text.main     0x08000bd4       0x68 CMakeFiles/iot_lab.elf.dir/Core/Src/main.c.obj
                0x08000bd4                main
 .text.HAL_MspInit
                0x08000c3c       0x30 CMakeFiles/iot_lab.elf.dir/Core/Src/stm32l4xx_hal_msp.c.obj
                0x08000c3c                HAL_MspInit
 .text.NMI_Handler
                0x08000c6c        0x2 CMakeFiles/iot_lab.elf.dir/Core/Src/stm32l4xx_it.c.obj
                0x08000c6c                NMI_Handler
 .text.HardFault_Handler
                0x08000c6e        0x2 CMakeFiles/iot_lab.elf.dir/Core/Src/stm32l4xx_it.c.obj
                0x08000c6e                HardFault_Handler
 .text.MemManage_Handler
                0x08000c70        0x2 CMakeFiles/iot_lab.elf.dir/Core/Src/stm32l4xx_it.c.obj
                0x08000c70                MemManage_Handler
 .text.BusFault_Handler
                0x08000c72        0x2 CMakeFiles/iot_lab.elf.dir/Core/Src/stm32l4xx_it.c.obj
                0x08000c72                BusFault_Handler
 .text.UsageFault_Handler
                0x08000c74        0x2 CMakeFiles/iot_lab.elf.dir/Core/Src/stm32l4xx_it.c.obj
                0x08000c74                UsageFault_Handler
 .text.SVC_Handler
                0x08000c76        0x2 CMakeFiles/iot_lab.elf.dir/Core/Src/stm32l4xx_it.c.obj
                0x08000c76                SVC_Handler
 .text.DebugMon_Handler
                0x08000c78        0x2 CMakeFiles/iot_lab.elf.dir/Core/Src/stm32l4xx_it.c.obj
                0x08000c78                DebugMon_Handler
 .text.PendSV_Handler
                0x08000c7a        0x2 CMakeFiles/iot_lab.elf.dir/Core/Src/stm32l4xx_it.c.obj
                0x08000c7a                PendSV_Handler
 .text.SysTick_Handler
                0x08000c7c        0x8 CMakeFiles/iot_lab.elf.dir/Core/Src/stm32l4xx_it.c.obj
                0x08000c7c                SysTick_Handler
 .text.USART2_IdleCallback
                0x08000c84       0x30 CMakeFiles/iot_lab.elf.dir/Core/Src/stm32l4xx_it.c.obj
                0x08000c84                USART2_IdleCallback
 .text.USART2_IRQHandler
                0x08000cb4       0xc4 CMakeFiles/iot_lab.elf.dir/Core/Src/stm32l4xx_it.c.obj
                0x08000cb4                USART2_IRQHandler
 .text.USART1_IdleCallback
                0x08000d78       0x84 CMakeFiles/iot_lab.elf.dir/Core/Src/stm32l4xx_it.c.obj
                0x08000d78                USART1_IdleCallback
 .text.USART1_IRQHandler
                0x08000dfc       0x88 CMakeFiles/iot_lab.elf.dir/Core/Src/stm32l4xx_it.c.obj
                0x08000dfc                USART1_IRQHandler
 .text.EXTI1_IRQHandler
                0x08000e84        0xa CMakeFiles/iot_lab.elf.dir/Core/Src/stm32l4xx_it.c.obj
                0x08000e84                EXTI1_IRQHandler
 .text.SystemInit
                0x08000e8e        0x2 CMakeFiles/iot_lab.elf.dir/Core/Src/system_stm32l4xx.c.obj
                0x08000e8e                SystemInit
 .text.MX_USART1_UART_Init
                0x08000e90       0x38 CMakeFiles/iot_lab.elf.dir/Core/Src/usart.c.obj
                0x08000e90                MX_USART1_UART_Init
 .text.MX_USART2_UART_Init
                0x08000ec8       0x38 CMakeFiles/iot_lab.elf.dir/Core/Src/usart.c.obj
                0x08000ec8                MX_USART2_UART_Init
 .text.HAL_UART_MspInit
                0x08000f00      0x10c CMakeFiles/iot_lab.elf.dir/Core/Src/usart.c.obj
                0x08000f00                HAL_UART_MspInit
 .text.HAL_UART_MspDeInit
                0x0800100c       0x58 CMakeFiles/iot_lab.elf.dir/Core/Src/usart.c.obj
                0x0800100c                HAL_UART_MspDeInit
 .text.Reset_Handler
                0x08001064       0x50 CMakeFiles/iot_lab.elf.dir/Core/Startup/startup_stm32l475vetx.s.obj
                0x08001064                Reset_Handler
 .text.Default_Handler
                0x080010b4        0x2 CMakeFiles/iot_lab.elf.dir/Core/Startup/startup_stm32l475vetx.s.obj
                0x080010b4                RTC_Alarm_IRQHandler
                0x080010b4                EXTI2_IRQHandler
                0x080010b4                TIM8_TRG_COM_IRQHandler
                0x080010b4                TIM8_CC_IRQHandler
                0x080010b4                TIM1_CC_IRQHandler
                0x080010b4                TSC_IRQHandler
                0x080010b4                TAMP_STAMP_IRQHandler
                0x080010b4                EXTI3_IRQHandler
                0x080010b4                LPTIM2_IRQHandler
                0x080010b4                DFSDM1_FLT1_IRQHandler
                0x080010b4                I2C3_ER_IRQHandler
                0x080010b4                DFSDM1_FLT2_IRQHandler
                0x080010b4                EXTI0_IRQHandler
                0x080010b4                I2C2_EV_IRQHandler
                0x080010b4                CAN1_RX0_IRQHandler
                0x080010b4                FPU_IRQHandler
                0x080010b4                TIM1_UP_TIM16_IRQHandler
                0x080010b4                ADC1_2_IRQHandler
                0x080010b4                SPI1_IRQHandler
                0x080010b4                TIM6_DAC_IRQHandler
                0x080010b4                TIM8_UP_IRQHandler
                0x080010b4                DMA2_Channel2_IRQHandler
                0x080010b4                DMA1_Channel4_IRQHandler
                0x080010b4                SAI2_IRQHandler
                0x080010b4                DFSDM1_FLT3_IRQHandler
                0x080010b4                USART3_IRQHandler
                0x080010b4                DMA1_Channel7_IRQHandler
                0x080010b4                CAN1_RX1_IRQHandler
                0x080010b4                UART5_IRQHandler
                0x080010b4                ADC3_IRQHandler
                0x080010b4                TIM4_IRQHandler
                0x080010b4                DMA2_Channel1_IRQHandler
                0x080010b4                QUADSPI_IRQHandler
                0x080010b4                I2C1_EV_IRQHandler
                0x080010b4                DMA1_Channel6_IRQHandler
                0x080010b4                UART4_IRQHandler
                0x080010b4                DMA2_Channel4_IRQHandler
                0x080010b4                TIM3_IRQHandler
                0x080010b4                RCC_IRQHandler
                0x080010b4                DMA1_Channel1_IRQHandler
                0x080010b4                Default_Handler
                0x080010b4                DMA2_Channel7_IRQHandler
                0x080010b4                EXTI15_10_IRQHandler
                0x080010b4                TIM7_IRQHandler
                0x080010b4                SDMMC1_IRQHandler
                0x080010b4                TIM5_IRQHandler
                0x080010b4                I2C3_EV_IRQHandler
                0x080010b4                EXTI9_5_IRQHandler
                0x080010b4                RTC_WKUP_IRQHandler
                0x080010b4                PVD_PVM_IRQHandler
                0x080010b4                SPI2_IRQHandler
                0x080010b4                CAN1_TX_IRQHandler
                0x080010b4                DMA2_Channel5_IRQHandler
                0x080010b4                DMA1_Channel5_IRQHandler
                0x080010b4                EXTI4_IRQHandler
                0x080010b4                RNG_IRQHandler
                0x080010b4                TIM1_TRG_COM_TIM17_IRQHandler
                0x080010b4                DMA1_Channel3_IRQHandler
                0x080010b4                COMP_IRQHandler
                0x080010b4                WWDG_IRQHandler
                0x080010b4                LPUART1_IRQHandler
                0x080010b4                DMA2_Channel6_IRQHandler
                0x080010b4                TIM2_IRQHandler
                0x080010b4                DFSDM1_FLT0_IRQHandler
                0x080010b4                I2C2_ER_IRQHandler
                0x080010b4                DMA1_Channel2_IRQHandler
                0x080010b4                TIM8_BRK_IRQHandler
                0x080010b4                CAN1_SCE_IRQHandler
                0x080010b4                FLASH_IRQHandler
                0x080010b4                OTG_FS_IRQHandler
                0x080010b4                SPI3_IRQHandler
                0x080010b4                I2C1_ER_IRQHandler
                0x080010b4                FMC_IRQHandler
                0x080010b4                SWPMI1_IRQHandler
                0x080010b4                LPTIM1_IRQHandler
                0x080010b4                SAI1_IRQHandler
                0x080010b4                DMA2_Channel3_IRQHandler
                0x080010b4                TIM1_BRK_TIM15_IRQHandler
 *fill*         0x080010b6        0x2 
 .text.HAL_InitTick
                0x080010b8       0x50 CMakeFiles/iot_lab.elf.dir/Drivers/STM32L4xx_HAL_Driver/Src/stm32l4xx_hal.c.obj
                0x080010b8                HAL_InitTick
 .text.HAL_Init
                0x08001108       0x1e CMakeFiles/iot_lab.elf.dir/Drivers/STM32L4xx_HAL_Driver/Src/stm32l4xx_hal.c.obj
                0x08001108                HAL_Init
 *fill*         0x08001126        0x2 
 .text.HAL_IncTick
                0x08001128       0x18 CMakeFiles/iot_lab.elf.dir/Drivers/STM32L4xx_HAL_Driver/Src/stm32l4xx_hal.c.obj
                0x08001128                HAL_IncTick
 .text.HAL_GetTick
                0x08001140        0xc CMakeFiles/iot_lab.elf.dir/Drivers/STM32L4xx_HAL_Driver/Src/stm32l4xx_hal.c.obj
                0x08001140                HAL_GetTick
 .text.HAL_Delay
                0x0800114c       0x28 CMakeFiles/iot_lab.elf.dir/Drivers/STM32L4xx_HAL_Driver/Src/stm32l4xx_hal.c.obj
                0x0800114c                HAL_Delay
 .text.HAL_NVIC_SetPriorityGrouping
                0x08001174       0x24 CMakeFiles/iot_lab.elf.dir/Drivers/STM32L4xx_HAL_Driver/Src/stm32l4xx_hal_cortex.c.obj
                0x08001174                HAL_NVIC_SetPriorityGrouping
 .text.HAL_NVIC_SetPriority
                0x08001198       0x70 CMakeFiles/iot_lab.elf.dir/Drivers/STM32L4xx_HAL_Driver/Src/stm32l4xx_hal_cortex.c.obj
                0x08001198                HAL_NVIC_SetPriority
 .text.HAL_NVIC_EnableIRQ
                0x08001208       0x1c CMakeFiles/iot_lab.elf.dir/Drivers/STM32L4xx_HAL_Driver/Src/stm32l4xx_hal_cortex.c.obj
                0x08001208                HAL_NVIC_EnableIRQ
 .text.HAL_NVIC_DisableIRQ
                0x08001224       0x24 CMakeFiles/iot_lab.elf.dir/Drivers/STM32L4xx_HAL_Driver/Src/stm32l4xx_hal_cortex.c.obj
                0x08001224                HAL_NVIC_DisableIRQ
 .text.HAL_SYSTICK_Config
                0x08001248       0x28 CMakeFiles/iot_lab.elf.dir/Drivers/STM32L4xx_HAL_Driver/Src/stm32l4xx_hal_cortex.c.obj
                0x08001248                HAL_SYSTICK_Config
 .text.HAL_GPIO_Init
                0x08001270      0x20c CMakeFiles/iot_lab.elf.dir/Drivers/STM32L4xx_HAL_Driver/Src/stm32l4xx_hal_gpio.c.obj
                0x08001270                HAL_GPIO_Init
 .text.HAL_GPIO_DeInit
                0x0800147c      0x130 CMakeFiles/iot_lab.elf.dir/Drivers/STM32L4xx_HAL_Driver/Src/stm32l4xx_hal_gpio.c.obj
                0x0800147c                HAL_GPIO_DeInit
 .text.HAL_GPIO_WritePin
                0x080015ac        0xa CMakeFiles/iot_lab.elf.dir/Drivers/STM32L4xx_HAL_Driver/Src/stm32l4xx_hal_gpio.c.obj
                0x080015ac                HAL_GPIO_WritePin
 *fill*         0x080015b6        0x2 
 .text.HAL_GPIO_EXTI_IRQHandler
                0x080015b8       0x1c CMakeFiles/iot_lab.elf.dir/Drivers/STM32L4xx_HAL_Driver/Src/stm32l4xx_hal_gpio.c.obj
                0x080015b8                HAL_GPIO_EXTI_IRQHandler
 .text.HAL_PWR_EnterSTOPMode
                0x080015d4       0x18 CMakeFiles/iot_lab.elf.dir/Drivers/STM32L4xx_HAL_Driver/Src/stm32l4xx_hal_pwr.c.obj
                0x080015d4                HAL_PWR_EnterSTOPMode
 .text.HAL_PWREx_GetVoltageRange
                0x080015ec       0x10 CMakeFiles/iot_lab.elf.dir/Drivers/STM32L4xx_HAL_Driver/Src/stm32l4xx_hal_pwr_ex.c.obj
                0x080015ec                HAL_PWREx_GetVoltageRange
 .text.HAL_PWREx_ControlVoltageScaling
                0x080015fc       0x90 CMakeFiles/iot_lab.elf.dir/Drivers/STM32L4xx_HAL_Driver/Src/stm32l4xx_hal_pwr_ex.c.obj
                0x080015fc                HAL_PWREx_ControlVoltageScaling
 .text.HAL_PWREx_EnterSTOP0Mode
                0x0800168c       0x38 CMakeFiles/iot_lab.elf.dir/Drivers/STM32L4xx_HAL_Driver/Src/stm32l4xx_hal_pwr_ex.c.obj
                0x0800168c                HAL_PWREx_EnterSTOP0Mode
 .text.HAL_PWREx_EnterSTOP1Mode
                0x080016c4       0x3c CMakeFiles/iot_lab.elf.dir/Drivers/STM32L4xx_HAL_Driver/Src/stm32l4xx_hal_pwr_ex.c.obj
                0x080016c4                HAL_PWREx_EnterSTOP1Mode
 .text.RCC_SetFlashLatencyFromMSIRange
                0x08001700       0x90 CMakeFiles/iot_lab.elf.dir/Drivers/STM32L4xx_HAL_Driver/Src/stm32l4xx_hal_rcc.c.obj
 .text.HAL_RCC_GetSysClockFreq
                0x08001790       0xb4 CMakeFiles/iot_lab.elf.dir/Drivers/STM32L4xx_HAL_Driver/Src/stm32l4xx_hal_rcc.c.obj
                0x08001790                HAL_RCC_GetSysClockFreq
 .text.HAL_RCC_OscConfig
                0x08001844      0x61c CMakeFiles/iot_lab.elf.dir/Drivers/STM32L4xx_HAL_Driver/Src/stm32l4xx_hal_rcc.c.obj
                0x08001844                HAL_RCC_OscConfig
 .text.HAL_RCC_ClockConfig
                0x08001e60      0x188 CMakeFiles/iot_lab.elf.dir/Drivers/STM32L4xx_HAL_Driver/Src/stm32l4xx_hal_rcc.c.obj
                0x08001e60                HAL_RCC_ClockConfig
 .text.HAL_RCC_GetHCLKFreq
                0x08001fe8        0xc CMakeFiles/iot_lab.elf.dir/Drivers/STM32L4xx_HAL_Driver/Src/stm32l4xx_hal_rcc.c.obj
                0x08001fe8                HAL_RCC_GetHCLKFreq
 .text.HAL_RCC_GetPCLK1Freq
                0x08001ff4       0x24 CMakeFiles/iot_lab.elf.dir/Drivers/STM32L4xx_HAL_Driver/Src/stm32l4xx_hal_rcc.c.obj
                0x08001ff4                HAL_RCC_GetPCLK1Freq
 .text.HAL_RCC_GetPCLK2Freq
                0x08002018       0x24 CMakeFiles/iot_lab.elf.dir/Drivers/STM32L4xx_HAL_Driver/Src/stm32l4xx_hal_rcc.c.obj
                0x08002018                HAL_RCC_GetPCLK2Freq
 .text.RCCEx_PLLSAI1_Config
                0x0800203c      0x170 CMakeFiles/iot_lab.elf.dir/Drivers/STM32L4xx_HAL_Driver/Src/stm32l4xx_hal_rcc_ex.c.obj
 .text.RCCEx_PLLSAI2_Config
                0x080021ac      0x14c CMakeFiles/iot_lab.elf.dir/Drivers/STM32L4xx_HAL_Driver/Src/stm32l4xx_hal_rcc_ex.c.obj
 .text.HAL_RCCEx_PeriphCLKConfig
                0x080022f8      0x454 CMakeFiles/iot_lab.elf.dir/Drivers/STM32L4xx_HAL_Driver/Src/stm32l4xx_hal_rcc_ex.c.obj
                0x080022f8                HAL_RCCEx_PeriphCLKConfig
 .text.UART_EndRxTransfer
                0x0800274c       0x52 CMakeFiles/iot_lab.elf.dir/Drivers/STM32L4xx_HAL_Driver/Src/stm32l4xx_hal_uart.c.obj
 .text.HAL_UART_DeInit
                0x0800279e       0x40 CMakeFiles/iot_lab.elf.dir/Drivers/STM32L4xx_HAL_Driver/Src/stm32l4xx_hal_uart.c.obj
                0x0800279e                HAL_UART_DeInit
 *fill*         0x080027de        0x2 
 .text.UART_SetConfig
                0x080027e0      0x328 CMakeFiles/iot_lab.elf.dir/Drivers/STM32L4xx_HAL_Driver/Src/stm32l4xx_hal_uart.c.obj
                0x080027e0                UART_SetConfig
 .text.UART_AdvFeatureConfig
                0x08002b08       0xca CMakeFiles/iot_lab.elf.dir/Drivers/STM32L4xx_HAL_Driver/Src/stm32l4xx_hal_uart.c.obj
                0x08002b08                UART_AdvFeatureConfig
 .text.UART_WaitOnFlagUntilTimeout
                0x08002bd2       0x9a CMakeFiles/iot_lab.elf.dir/Drivers/STM32L4xx_HAL_Driver/Src/stm32l4xx_hal_uart.c.obj
                0x08002bd2                UART_WaitOnFlagUntilTimeout
 .text.HAL_UART_Transmit
                0x08002c6c       0xc8 CMakeFiles/iot_lab.elf.dir/Drivers/STM32L4xx_HAL_Driver/Src/stm32l4xx_hal_uart.c.obj
                0x08002c6c                HAL_UART_Transmit
 .text.HAL_UART_Receive
                0x08002d34      0x118 CMakeFiles/iot_lab.elf.dir/Drivers/STM32L4xx_HAL_Driver/Src/stm32l4xx_hal_uart.c.obj
                0x08002d34                HAL_UART_Receive
 .text.UART_CheckIdleState
                0x08002e4c       0xc6 CMakeFiles/iot_lab.elf.dir/Drivers/STM32L4xx_HAL_Driver/Src/stm32l4xx_hal_uart.c.obj
                0x08002e4c                UART_CheckIdleState
 .text.HAL_UART_Init
                0x08002f12       0x62 CMakeFiles/iot_lab.elf.dir/Drivers/STM32L4xx_HAL_Driver/Src/stm32l4xx_hal_uart.c.obj
                0x08002f12                HAL_UART_Init
 .text.__libc_init_array
                0x08002f74       0x48 c:/progra~2/gnuarm~1/102021~1.10/bin/../lib/gcc/arm-none-eabi/10.3.1/../../../../arm-none-eabi/lib/thumb/v7e-m/nofp\libg.a(lib_a-init.o)
                0x08002f74                __libc_init_array
 .text.memset   0x08002fbc       0xa4 c:/progra~2/gnuarm~1/102021~1.10/bin/../lib/gcc/arm-none-eabi/10.3.1/../../../../arm-none-eabi/lib/thumb/v7e-m/nofp\libg.a(lib_a-memset.o)
                0x08002fbc                memset
 .text.startup.register_fini
                0x08003060       0x14 c:/progra~2/gnuarm~1/102021~1.10/bin/../lib/gcc/arm-none-eabi/10.3.1/../../../../arm-none-eabi/lib/thumb/v7e-m/nofp\libg.a(lib_a-__call_atexit.o)
 .text.atexit   0x08003074        0xc c:/progra~2/gnuarm~1/102021~1.10/bin/../lib/gcc/arm-none-eabi/10.3.1/../../../../arm-none-eabi/lib/thumb/v7e-m/nofp\libg.a(lib_a-atexit.o)
                0x08003074                atexit
 .text.__libc_fini_array
                0x08003080       0x2c c:/progra~2/gnuarm~1/102021~1.10/bin/../lib/gcc/arm-none-eabi/10.3.1/../../../../arm-none-eabi/lib/thumb/v7e-m/nofp\libg.a(lib_a-fini.o)
                0x08003080                __libc_fini_array
 .text.__retarget_lock_acquire_recursive
                0x080030ac        0x4 c:/progra~2/gnuarm~1/102021~1.10/bin/../lib/gcc/arm-none-eabi/10.3.1/../../../../arm-none-eabi/lib/thumb/v7e-m/nofp\libg.a(lib_a-lock.o)
                0x080030ac                __retarget_lock_acquire_recursive
 .text.__retarget_lock_release_recursive
                0x080030b0        0x4 c:/progra~2/gnuarm~1/102021~1.10/bin/../lib/gcc/arm-none-eabi/10.3.1/../../../../arm-none-eabi/lib/thumb/v7e-m/nofp\libg.a(lib_a-lock.o)
                0x080030b0                __retarget_lock_release_recursive
 .text.__register_exitproc
                0x080030b4       0x8c c:/progra~2/gnuarm~1/102021~1.10/bin/../lib/gcc/arm-none-eabi/10.3.1/../../../../arm-none-eabi/lib/thumb/v7e-m/nofp\libg.a(lib_a-__atexit.o)
                0x080030b4                __register_exitproc
 *(.glue_7)
 .glue_7        0x08003140        0x0 linker stubs
 *(.glue_7t)
 .glue_7t       0x08003140        0x0 linker stubs
 *(.eh_frame)
 .eh_frame      0x08003140        0x0 c:/progra~2/gnuarm~1/102021~1.10/bin/../lib/gcc/arm-none-eabi/10.3.1/thumb/v7e-m/nofp/crtbegin.o
 *(.init)
 .init          0x08003140        0x4 c:/progra~2/gnuarm~1/102021~1.10/bin/../lib/gcc/arm-none-eabi/10.3.1/thumb/v7e-m/nofp/crti.o
                0x08003140                _init
 .init          0x08003144        0x8 c:/progra~2/gnuarm~1/102021~1.10/bin/../lib/gcc/arm-none-eabi/10.3.1/thumb/v7e-m/nofp/crtn.o
 *(.fini)
 .fini          0x0800314c        0x4 c:/progra~2/gnuarm~1/102021~1.10/bin/../lib/gcc/arm-none-eabi/10.3.1/thumb/v7e-m/nofp/crti.o
                0x0800314c                _fini
 .fini          0x08003150        0x8 c:/progra~2/gnuarm~1/102021~1.10/bin/../lib/gcc/arm-none-eabi/10.3.1/thumb/v7e-m/nofp/crtn.o
                0x08003158                . = ALIGN (0x4)
                0x08003158                _etext = .

.vfp11_veneer   0x08003158        0x0
 .vfp11_veneer  0x08003158        0x0 linker stubs

.v4_bx          0x08003158        0x0
 .v4_bx         0x08003158        0x0 linker stubs

.iplt           0x08003158        0x0
 .iplt          0x08003158        0x0 c:/progra~2/gnuarm~1/102021~1.10/bin/../lib/gcc/arm-none-eabi/10.3.1/thumb/v7e-m/nofp/crtbegin.o

.rodata         0x08003158       0x4c
                0x08003158                . = ALIGN (0x4)
 *(.rodata)
 *(.rodata*)
 .rodata.AHBPrescTable
                0x08003158       0x10 CMakeFiles/iot_lab.elf.dir/Core/Src/system_stm32l4xx.c.obj
                0x08003158                AHBPrescTable
 .rodata.APBPrescTable
                0x08003168        0x8 CMakeFiles/iot_lab.elf.dir/Core/Src/system_stm32l4xx.c.obj
                0x08003168                APBPrescTable
 .rodata.MSIRangeTable
                0x08003170       0x30 CMakeFiles/iot_lab.elf.dir/Core/Src/system_stm32l4xx.c.obj
                0x08003170                MSIRangeTable
 .rodata._global_impure_ptr
                0x080031a0        0x4 c:/progra~2/gnuarm~1/102021~1.10/bin/../lib/gcc/arm-none-eabi/10.3.1/../../../../arm-none-eabi/lib/thumb/v7e-m/nofp\libg.a(lib_a-impure.o)
                0x080031a0                _global_impure_ptr
                0x080031a4                . = ALIGN (0x4)

.ARM.extab      0x080031a4        0x0
                0x080031a4                . = ALIGN (0x4)
 *(.ARM.extab* .gnu.linkonce.armextab.*)
                0x080031a4                . = ALIGN (0x4)

.ARM            0x080031a4        0x8
                0x080031a4                . = ALIGN (0x4)
                0x080031a4                __exidx_start = .
 *(.ARM.exidx*)
 .ARM.exidx     0x080031a4        0x8 c:/progra~2/gnuarm~1/102021~1.10/bin/../lib/gcc/arm-none-eabi/10.3.1/thumb/v7e-m/nofp\libgcc.a(_udivmoddi4.o)
                0x080031ac                __exidx_end = .
                0x080031ac                . = ALIGN (0x4)

.rel.dyn        0x080031ac        0x0
 .rel.iplt      0x080031ac        0x0 c:/progra~2/gnuarm~1/102021~1.10/bin/../lib/gcc/arm-none-eabi/10.3.1/thumb/v7e-m/nofp/crtbegin.o

.preinit_array  0x080031ac        0x0
                0x080031ac                . = ALIGN (0x4)
                0x080031ac                PROVIDE (__preinit_array_start = .)
 *(.preinit_array*)
                0x080031ac                PROVIDE (__preinit_array_end = .)
                0x080031ac                . = ALIGN (0x4)

.init_array     0x080031ac        0x8
                0x080031ac                . = ALIGN (0x4)
                0x080031ac                PROVIDE (__init_array_start = .)
 *(SORT_BY_NAME(.init_array.*))
 .init_array.00000
                0x080031ac        0x4 c:/progra~2/gnuarm~1/102021~1.10/bin/../lib/gcc/arm-none-eabi/10.3.1/../../../../arm-none-eabi/lib/thumb/v7e-m/nofp\libg.a(lib_a-__call_atexit.o)
 *(.init_array*)
 .init_array    0x080031b0        0x4 c:/progra~2/gnuarm~1/102021~1.10/bin/../lib/gcc/arm-none-eabi/10.3.1/thumb/v7e-m/nofp/crtbegin.o
                0x080031b4                PROVIDE (__init_array_end = .)
                0x080031b4                . = ALIGN (0x4)

.fini_array     0x080031b4        0x4
                0x080031b4                . = ALIGN (0x4)
                0x080031b4                PROVIDE (__fini_array_start = .)
 *(SORT_BY_NAME(.fini_array.*))
 *(.fini_array*)
 .fini_array    0x080031b4        0x4 c:/progra~2/gnuarm~1/102021~1.10/bin/../lib/gcc/arm-none-eabi/10.3.1/thumb/v7e-m/nofp/crtbegin.o
                0x080031b8                PROVIDE (__fini_array_end = .)
                0x080031b8                . = ALIGN (0x4)
                0x080031b8                _sidata = LOADADDR (.data)

.data           0x20000000      0x744 load address 0x080031b8
                0x20000000                . = ALIGN (0x4)
                0x20000000                _sdata = .
 *(.data)
 *(.data*)
 .data.at_close_showback
                0x20000000       0x14 CMakeFiles/iot_lab.elf.dir/Core/Src/main.c.obj
                0x20000000                at_close_showback
 .data.at_open_showback
                0x20000014       0x14 CMakeFiles/iot_lab.elf.dir/Core/Src/main.c.obj
                0x20000014                at_open_showback
 .data.at_restart
                0x20000028       0x14 CMakeFiles/iot_lab.elf.dir/Core/Src/main.c.obj
                0x20000028                at_restart
 .data.at_search_address
                0x2000003c       0x14 CMakeFiles/iot_lab.elf.dir/Core/Src/main.c.obj
                0x2000003c                at_search_address
 .data.at_search_cwmode
                0x20000050       0x14 CMakeFiles/iot_lab.elf.dir/Core/Src/main.c.obj
                0x20000050                at_search_cwmode
 .data.at_search_tmode
                0x20000064       0x14 CMakeFiles/iot_lab.elf.dir/Core/Src/main.c.obj
                0x20000064                at_search_tmode
 .data.at_search_wlrate
                0x20000078       0x14 CMakeFiles/iot_lab.elf.dir/Core/Src/main.c.obj
                0x20000078                at_search_wlrate
 .data.at_set_address_a
                0x2000008c       0x14 CMakeFiles/iot_lab.elf.dir/Core/Src/main.c.obj
                0x2000008c                at_set_address_a
 .data.at_set_address_b
                0x200000a0       0x14 CMakeFiles/iot_lab.elf.dir/Core/Src/main.c.obj
                0x200000a0                at_set_address_b
 .data.at_set_cwmode_lowpower
                0x200000b4       0x14 CMakeFiles/iot_lab.elf.dir/Core/Src/main.c.obj
                0x200000b4                at_set_cwmode_lowpower
 .data.at_set_cwmode_weakup
                0x200000c8       0x14 CMakeFiles/iot_lab.elf.dir/Core/Src/main.c.obj
                0x200000c8                at_set_cwmode_weakup
 .data.at_set_tmode_orientation
                0x200000dc       0x14 CMakeFiles/iot_lab.elf.dir/Core/Src/main.c.obj
                0x200000dc                at_set_tmode_orientation
 .data.at_set_tmode_transparent
                0x200000f0       0x14 CMakeFiles/iot_lab.elf.dir/Core/Src/main.c.obj
                0x200000f0                at_set_tmode_transparent
 .data.at_set_uart_baudrate_115200
                0x20000104       0x14 CMakeFiles/iot_lab.elf.dir/Core/Src/main.c.obj
                0x20000104                at_set_uart_baudrate_115200
 .data.at_set_wlrate_a
                0x20000118       0x1e CMakeFiles/iot_lab.elf.dir/Core/Src/main.c.obj
                0x20000118                at_set_wlrate_a
 *fill*         0x20000136        0x2 
 .data.at_set_wlrate_b
                0x20000138       0x1e CMakeFiles/iot_lab.elf.dir/Core/Src/main.c.obj
                0x20000138                at_set_wlrate_b
 *fill*         0x20000156        0x2 
 .data.at_test  0x20000158       0x14 CMakeFiles/iot_lab.elf.dir/Core/Src/main.c.obj
                0x20000158                at_test
 .data.choose_board
                0x2000016c       0x64 CMakeFiles/iot_lab.elf.dir/Core/Src/main.c.obj
                0x2000016c                choose_board
 .data.choose_mode
                0x200001d0       0x64 CMakeFiles/iot_lab.elf.dir/Core/Src/main.c.obj
                0x200001d0                choose_mode
 .data.choose_work
                0x20000234       0x96 CMakeFiles/iot_lab.elf.dir/Core/Src/main.c.obj
                0x20000234                choose_work
 *fill*         0x200002ca        0x2 
 .data.error    0x200002cc       0x1e CMakeFiles/iot_lab.elf.dir/Core/Src/main.c.obj
                0x200002cc                error
 *fill*         0x200002ea        0x2 
 .data.low_power
                0x200002ec       0x1e CMakeFiles/iot_lab.elf.dir/Core/Src/main.c.obj
                0x200002ec                low_power
 *fill*         0x2000030a        0x2 
 .data.SystemCoreClock
                0x2000030c        0x4 CMakeFiles/iot_lab.elf.dir/Core/Src/system_stm32l4xx.c.obj
                0x2000030c                SystemCoreClock
 .data.uwTickFreq
                0x20000310        0x1 CMakeFiles/iot_lab.elf.dir/Drivers/STM32L4xx_HAL_Driver/Src/stm32l4xx_hal.c.obj
                0x20000310                uwTickFreq
 *fill*         0x20000311        0x3 
 .data.uwTickPrio
                0x20000314        0x4 CMakeFiles/iot_lab.elf.dir/Drivers/STM32L4xx_HAL_Driver/Src/stm32l4xx_hal.c.obj
                0x20000314                uwTickPrio
 .data.impure_data
                0x20000318      0x428 c:/progra~2/gnuarm~1/102021~1.10/bin/../lib/gcc/arm-none-eabi/10.3.1/../../../../arm-none-eabi/lib/thumb/v7e-m/nofp\libg.a(lib_a-impure.o)
 .data.__atexit_recursive_mutex
                0x20000740        0x4 c:/progra~2/gnuarm~1/102021~1.10/bin/../lib/gcc/arm-none-eabi/10.3.1/../../../../arm-none-eabi/lib/thumb/v7e-m/nofp\libg.a(lib_a-__call_atexit.o)
                0x20000740                __atexit_recursive_mutex
 *(.RamFunc)
 *(.RamFunc*)
                0x20000744                . = ALIGN (0x4)
                0x20000744                _edata = .

.igot.plt       0x20000744        0x0 load address 0x080038fc
 .igot.plt      0x20000744        0x0 c:/progra~2/gnuarm~1/102021~1.10/bin/../lib/gcc/arm-none-eabi/10.3.1/thumb/v7e-m/nofp/crtbegin.o
                0x20000744                . = ALIGN (0x4)

.bss            0x20000744      0x344 load address 0x080038fc
                0x20000744                _sbss = .
                0x20000744                __bss_start__ = _sbss
 *(.bss)
 .bss           0x20000744       0x1c c:/progra~2/gnuarm~1/102021~1.10/bin/../lib/gcc/arm-none-eabi/10.3.1/thumb/v7e-m/nofp/crtbegin.o
 *(.bss*)
 .bss.config_ab
                0x20000760        0x1 CMakeFiles/iot_lab.elf.dir/Core/Src/main.c.obj
                0x20000760                config_ab
 .bss.config_flag
                0x20000761        0x1 CMakeFiles/iot_lab.elf.dir/Core/Src/main.c.obj
                0x20000761                config_flag
 *fill*         0x20000762        0x2 
 .bss.rx1_buffer
                0x20000764      0x100 CMakeFiles/iot_lab.elf.dir/Core/Src/main.c.obj
                0x20000764                rx1_buffer
 .bss.rx2_buffer
                0x20000864      0x100 CMakeFiles/iot_lab.elf.dir/Core/Src/main.c.obj
                0x20000864                rx2_buffer
 .bss.trans_mode
                0x20000964        0x1 CMakeFiles/iot_lab.elf.dir/Core/Src/main.c.obj
                0x20000964                trans_mode
 .bss.weak_up   0x20000965        0x1 CMakeFiles/iot_lab.elf.dir/Core/Src/main.c.obj
                0x20000965                weak_up
 *fill*         0x20000966        0x2 
 .bss.rx1_count
                0x20000968        0x4 CMakeFiles/iot_lab.elf.dir/Core/Src/stm32l4xx_it.c.obj
                0x20000968                rx1_count
 .bss.rx2_count
                0x2000096c        0x4 CMakeFiles/iot_lab.elf.dir/Core/Src/stm32l4xx_it.c.obj
                0x2000096c                rx2_count
 .bss.huart1    0x20000970       0x88 CMakeFiles/iot_lab.elf.dir/Core/Src/usart.c.obj
                0x20000970                huart1
 .bss.huart2    0x200009f8       0x88 CMakeFiles/iot_lab.elf.dir/Core/Src/usart.c.obj
                0x200009f8                huart2
 .bss.uwTick    0x20000a80        0x4 CMakeFiles/iot_lab.elf.dir/Drivers/STM32L4xx_HAL_Driver/Src/stm32l4xx_hal.c.obj
                0x20000a80                uwTick
 .bss.__lock___atexit_recursive_mutex
                0x20000a84        0x1 c:/progra~2/gnuarm~1/102021~1.10/bin/../lib/gcc/arm-none-eabi/10.3.1/../../../../arm-none-eabi/lib/thumb/v7e-m/nofp\libg.a(lib_a-lock.o)
                0x20000a84                __lock___atexit_recursive_mutex
 *(COMMON)
                0x20000a88                . = ALIGN (0x4)
 *fill*         0x20000a85        0x3 
                0x20000a88                _ebss = .
                0x20000a88                __bss_end__ = _ebss

._user_heap_stack
                0x20000a88      0x600 load address 0x080038fc
                0x20000a88                . = ALIGN (0x8)
                [!provide]                PROVIDE (end = .)
                0x20000a88                PROVIDE (_end = .)
                0x20000c88                . = (. + _Min_Heap_Size)
 *fill*         0x20000a88      0x200 
                0x20001088                . = (. + _Min_Stack_Size)
 *fill*         0x20000c88      0x400 
                0x20001088                . = ALIGN (0x8)

/DISCARD/
 libc.a(*)
 libm.a(*)
 libgcc.a(*)

.ARM.attributes
                0x00000000       0x2a
 *(.ARM.attributes)
 .ARM.attributes
                0x00000000       0x1e c:/progra~2/gnuarm~1/102021~1.10/bin/../lib/gcc/arm-none-eabi/10.3.1/thumb/v7e-m/nofp/crti.o
 .ARM.attributes
                0x0000001e       0x2e c:/progra~2/gnuarm~1/102021~1.10/bin/../lib/gcc/arm-none-eabi/10.3.1/thumb/v7e-m/nofp/crtbegin.o
 .ARM.attributes
                0x0000004c       0x2e CMakeFiles/iot_lab.elf.dir/Core/Src/gpio.c.obj
 .ARM.attributes
                0x0000007a       0x2e CMakeFiles/iot_lab.elf.dir/Core/Src/main.c.obj
 .ARM.attributes
                0x000000a8       0x2e CMakeFiles/iot_lab.elf.dir/Core/Src/stm32l4xx_hal_msp.c.obj
 .ARM.attributes
                0x000000d6       0x2e CMakeFiles/iot_lab.elf.dir/Core/Src/stm32l4xx_it.c.obj
 .ARM.attributes
                0x00000104       0x2e CMakeFiles/iot_lab.elf.dir/Core/Src/system_stm32l4xx.c.obj
 .ARM.attributes
                0x00000132       0x2e CMakeFiles/iot_lab.elf.dir/Core/Src/usart.c.obj
 .ARM.attributes
                0x00000160       0x21 CMakeFiles/iot_lab.elf.dir/Core/Startup/startup_stm32l475vetx.s.obj
 .ARM.attributes
                0x00000181       0x2e CMakeFiles/iot_lab.elf.dir/Drivers/STM32L4xx_HAL_Driver/Src/stm32l4xx_hal.c.obj
 .ARM.attributes
                0x000001af       0x2e CMakeFiles/iot_lab.elf.dir/Drivers/STM32L4xx_HAL_Driver/Src/stm32l4xx_hal_cortex.c.obj
 .ARM.attributes
                0x000001dd       0x2e CMakeFiles/iot_lab.elf.dir/Drivers/STM32L4xx_HAL_Driver/Src/stm32l4xx_hal_gpio.c.obj
 .ARM.attributes
                0x0000020b       0x2e CMakeFiles/iot_lab.elf.dir/Drivers/STM32L4xx_HAL_Driver/Src/stm32l4xx_hal_pwr.c.obj
 .ARM.attributes
                0x00000239       0x2e CMakeFiles/iot_lab.elf.dir/Drivers/STM32L4xx_HAL_Driver/Src/stm32l4xx_hal_pwr_ex.c.obj
 .ARM.attributes
                0x00000267       0x2e CMakeFiles/iot_lab.elf.dir/Drivers/STM32L4xx_HAL_Driver/Src/stm32l4xx_hal_rcc.c.obj
 .ARM.attributes
                0x00000295       0x2e CMakeFiles/iot_lab.elf.dir/Drivers/STM32L4xx_HAL_Driver/Src/stm32l4xx_hal_rcc_ex.c.obj
 .ARM.attributes
                0x000002c3       0x2e CMakeFiles/iot_lab.elf.dir/Drivers/STM32L4xx_HAL_Driver/Src/stm32l4xx_hal_uart.c.obj
 .ARM.attributes
                0x000002f1       0x1e c:/progra~2/gnuarm~1/102021~1.10/bin/../lib/gcc/arm-none-eabi/10.3.1/thumb/v7e-m/nofp\libgcc.a(_aeabi_uldivmod.o)
 .ARM.attributes
                0x0000030f       0x2e c:/progra~2/gnuarm~1/102021~1.10/bin/../lib/gcc/arm-none-eabi/10.3.1/thumb/v7e-m/nofp\libgcc.a(_udivmoddi4.o)
 .ARM.attributes
                0x0000033d       0x1e c:/progra~2/gnuarm~1/102021~1.10/bin/../lib/gcc/arm-none-eabi/10.3.1/thumb/v7e-m/nofp\libgcc.a(_dvmd_tls.o)
 .ARM.attributes
                0x0000035b       0x2e c:/progra~2/gnuarm~1/102021~1.10/bin/../lib/gcc/arm-none-eabi/10.3.1/../../../../arm-none-eabi/lib/thumb/v7e-m/nofp\libg.a(lib_a-impure.o)
 .ARM.attributes
                0x00000389       0x2e c:/progra~2/gnuarm~1/102021~1.10/bin/../lib/gcc/arm-none-eabi/10.3.1/../../../../arm-none-eabi/lib/thumb/v7e-m/nofp\libg.a(lib_a-init.o)
 .ARM.attributes
                0x000003b7       0x2e c:/progra~2/gnuarm~1/102021~1.10/bin/../lib/gcc/arm-none-eabi/10.3.1/../../../../arm-none-eabi/lib/thumb/v7e-m/nofp\libg.a(lib_a-memset.o)
 .ARM.attributes
                0x000003e5       0x1c c:/progra~2/gnuarm~1/102021~1.10/bin/../lib/gcc/arm-none-eabi/10.3.1/../../../../arm-none-eabi/lib/thumb/v7e-m/nofp\libg.a(lib_a-strlen.o)
 .ARM.attributes
                0x00000401       0x2e c:/progra~2/gnuarm~1/102021~1.10/bin/../lib/gcc/arm-none-eabi/10.3.1/../../../../arm-none-eabi/lib/thumb/v7e-m/nofp\libg.a(lib_a-__call_atexit.o)
 .ARM.attributes
                0x0000042f       0x2e c:/progra~2/gnuarm~1/102021~1.10/bin/../lib/gcc/arm-none-eabi/10.3.1/../../../../arm-none-eabi/lib/thumb/v7e-m/nofp\libg.a(lib_a-atexit.o)
 .ARM.attributes
                0x0000045d       0x2e c:/progra~2/gnuarm~1/102021~1.10/bin/../lib/gcc/arm-none-eabi/10.3.1/../../../../arm-none-eabi/lib/thumb/v7e-m/nofp\libg.a(lib_a-fini.o)
 .ARM.attributes
                0x0000048b       0x2e c:/progra~2/gnuarm~1/102021~1.10/bin/../lib/gcc/arm-none-eabi/10.3.1/../../../../arm-none-eabi/lib/thumb/v7e-m/nofp\libg.a(lib_a-lock.o)
 .ARM.attributes
                0x000004b9       0x2e c:/progra~2/gnuarm~1/102021~1.10/bin/../lib/gcc/arm-none-eabi/10.3.1/../../../../arm-none-eabi/lib/thumb/v7e-m/nofp\libg.a(lib_a-__atexit.o)
 .ARM.attributes
                0x000004e7       0x1e c:/progra~2/gnuarm~1/102021~1.10/bin/../lib/gcc/arm-none-eabi/10.3.1/thumb/v7e-m/nofp/crtn.o
OUTPUT(iot_lab.elf elf32-littlearm)
LOAD linker stubs
LOAD c:/progra~2/gnuarm~1/102021~1.10/bin/../lib/gcc/arm-none-eabi/10.3.1/../../../../arm-none-eabi/lib/thumb/v7e-m/nofp\libc.a
LOAD c:/progra~2/gnuarm~1/102021~1.10/bin/../lib/gcc/arm-none-eabi/10.3.1/../../../../arm-none-eabi/lib/thumb/v7e-m/nofp\libm.a
LOAD c:/progra~2/gnuarm~1/102021~1.10/bin/../lib/gcc/arm-none-eabi/10.3.1/thumb/v7e-m/nofp\libgcc.a

.debug_info     0x00000000     0xee64
 .debug_info    0x00000000      0x4d7 CMakeFiles/iot_lab.elf.dir/Core/Src/gpio.c.obj
 .debug_info    0x000004d7     0x1986 CMakeFiles/iot_lab.elf.dir/Core/Src/main.c.obj
 .debug_info    0x00001e5d      0x304 CMakeFiles/iot_lab.elf.dir/Core/Src/stm32l4xx_hal_msp.c.obj
 .debug_info    0x00002161      0xa38 CMakeFiles/iot_lab.elf.dir/Core/Src/stm32l4xx_it.c.obj
 .debug_info    0x00002b99      0x425 CMakeFiles/iot_lab.elf.dir/Core/Src/system_stm32l4xx.c.obj
 .debug_info    0x00002fbe     0x1198 CMakeFiles/iot_lab.elf.dir/Core/Src/usart.c.obj
 .debug_info    0x00004156       0x22 CMakeFiles/iot_lab.elf.dir/Core/Startup/startup_stm32l475vetx.s.obj
 .debug_info    0x00004178      0xbc0 CMakeFiles/iot_lab.elf.dir/Drivers/STM32L4xx_HAL_Driver/Src/stm32l4xx_hal.c.obj
 .debug_info    0x00004d38     0x1098 CMakeFiles/iot_lab.elf.dir/Drivers/STM32L4xx_HAL_Driver/Src/stm32l4xx_hal_cortex.c.obj
 .debug_info    0x00005dd0      0x857 CMakeFiles/iot_lab.elf.dir/Drivers/STM32L4xx_HAL_Driver/Src/stm32l4xx_hal_gpio.c.obj
 .debug_info    0x00006627      0x98b CMakeFiles/iot_lab.elf.dir/Drivers/STM32L4xx_HAL_Driver/Src/stm32l4xx_hal_pwr.c.obj
 .debug_info    0x00006fb2      0xa7c CMakeFiles/iot_lab.elf.dir/Drivers/STM32L4xx_HAL_Driver/Src/stm32l4xx_hal_pwr_ex.c.obj
 .debug_info    0x00007a2e      0xf3f CMakeFiles/iot_lab.elf.dir/Drivers/STM32L4xx_HAL_Driver/Src/stm32l4xx_hal_rcc.c.obj
 .debug_info    0x0000896d     0x125c CMakeFiles/iot_lab.elf.dir/Drivers/STM32L4xx_HAL_Driver/Src/stm32l4xx_hal_rcc_ex.c.obj
 .debug_info    0x00009bc9     0x529b CMakeFiles/iot_lab.elf.dir/Drivers/STM32L4xx_HAL_Driver/Src/stm32l4xx_hal_uart.c.obj

.debug_abbrev   0x00000000     0x1c80
 .debug_abbrev  0x00000000      0x14e CMakeFiles/iot_lab.elf.dir/Core/Src/gpio.c.obj
 .debug_abbrev  0x0000014e      0x279 CMakeFiles/iot_lab.elf.dir/Core/Src/main.c.obj
 .debug_abbrev  0x000003c7       0xbf CMakeFiles/iot_lab.elf.dir/Core/Src/stm32l4xx_hal_msp.c.obj
 .debug_abbrev  0x00000486      0x226 CMakeFiles/iot_lab.elf.dir/Core/Src/stm32l4xx_it.c.obj
 .debug_abbrev  0x000006ac      0x119 CMakeFiles/iot_lab.elf.dir/Core/Src/system_stm32l4xx.c.obj
 .debug_abbrev  0x000007c5      0x1f4 CMakeFiles/iot_lab.elf.dir/Core/Src/usart.c.obj
 .debug_abbrev  0x000009b9       0x12 CMakeFiles/iot_lab.elf.dir/Core/Startup/startup_stm32l475vetx.s.obj
 .debug_abbrev  0x000009cb      0x22a CMakeFiles/iot_lab.elf.dir/Drivers/STM32L4xx_HAL_Driver/Src/stm32l4xx_hal.c.obj
 .debug_abbrev  0x00000bf5      0x36a CMakeFiles/iot_lab.elf.dir/Drivers/STM32L4xx_HAL_Driver/Src/stm32l4xx_hal_cortex.c.obj
 .debug_abbrev  0x00000f5f      0x1e6 CMakeFiles/iot_lab.elf.dir/Drivers/STM32L4xx_HAL_Driver/Src/stm32l4xx_hal_gpio.c.obj
 .debug_abbrev  0x00001145      0x187 CMakeFiles/iot_lab.elf.dir/Drivers/STM32L4xx_HAL_Driver/Src/stm32l4xx_hal_pwr.c.obj
 .debug_abbrev  0x000012cc      0x215 CMakeFiles/iot_lab.elf.dir/Drivers/STM32L4xx_HAL_Driver/Src/stm32l4xx_hal_pwr_ex.c.obj
 .debug_abbrev  0x000014e1      0x251 CMakeFiles/iot_lab.elf.dir/Drivers/STM32L4xx_HAL_Driver/Src/stm32l4xx_hal_rcc.c.obj
 .debug_abbrev  0x00001732      0x275 CMakeFiles/iot_lab.elf.dir/Drivers/STM32L4xx_HAL_Driver/Src/stm32l4xx_hal_rcc_ex.c.obj
 .debug_abbrev  0x000019a7      0x2d9 CMakeFiles/iot_lab.elf.dir/Drivers/STM32L4xx_HAL_Driver/Src/stm32l4xx_hal_uart.c.obj

.debug_aranges  0x00000000      0x938
 .debug_aranges
                0x00000000       0x20 CMakeFiles/iot_lab.elf.dir/Core/Src/gpio.c.obj
 .debug_aranges
                0x00000020       0x58 CMakeFiles/iot_lab.elf.dir/Core/Src/main.c.obj
 .debug_aranges
                0x00000078       0x20 CMakeFiles/iot_lab.elf.dir/Core/Src/stm32l4xx_hal_msp.c.obj
 .debug_aranges
                0x00000098       0x88 CMakeFiles/iot_lab.elf.dir/Core/Src/stm32l4xx_it.c.obj
 .debug_aranges
                0x00000120       0x28 CMakeFiles/iot_lab.elf.dir/Core/Src/system_stm32l4xx.c.obj
 .debug_aranges
                0x00000148       0x38 CMakeFiles/iot_lab.elf.dir/Core/Src/usart.c.obj
 .debug_aranges
                0x00000180       0x28 CMakeFiles/iot_lab.elf.dir/Core/Startup/startup_stm32l475vetx.s.obj
 .debug_aranges
                0x000001a8      0x130 CMakeFiles/iot_lab.elf.dir/Drivers/STM32L4xx_HAL_Driver/Src/stm32l4xx_hal.c.obj
 .debug_aranges
                0x000002d8       0xa8 CMakeFiles/iot_lab.elf.dir/Drivers/STM32L4xx_HAL_Driver/Src/stm32l4xx_hal_cortex.c.obj
 .debug_aranges
                0x00000380       0x58 CMakeFiles/iot_lab.elf.dir/Drivers/STM32L4xx_HAL_Driver/Src/stm32l4xx_hal_gpio.c.obj
 .debug_aranges
                0x000003d8       0x98 CMakeFiles/iot_lab.elf.dir/Drivers/STM32L4xx_HAL_Driver/Src/stm32l4xx_hal_pwr.c.obj
 .debug_aranges
                0x00000470      0x150 CMakeFiles/iot_lab.elf.dir/Drivers/STM32L4xx_HAL_Driver/Src/stm32l4xx_hal_pwr_ex.c.obj
 .debug_aranges
                0x000005c0       0x90 CMakeFiles/iot_lab.elf.dir/Drivers/STM32L4xx_HAL_Driver/Src/stm32l4xx_hal_rcc.c.obj
 .debug_aranges
                0x00000650       0xc0 CMakeFiles/iot_lab.elf.dir/Drivers/STM32L4xx_HAL_Driver/Src/stm32l4xx_hal_rcc_ex.c.obj
 .debug_aranges
                0x00000710      0x228 CMakeFiles/iot_lab.elf.dir/Drivers/STM32L4xx_HAL_Driver/Src/stm32l4xx_hal_uart.c.obj

.debug_ranges   0x00000000      0x8f8
 .debug_ranges  0x00000000       0x10 CMakeFiles/iot_lab.elf.dir/Core/Src/gpio.c.obj
 .debug_ranges  0x00000010       0x48 CMakeFiles/iot_lab.elf.dir/Core/Src/main.c.obj
 .debug_ranges  0x00000058       0x10 CMakeFiles/iot_lab.elf.dir/Core/Src/stm32l4xx_hal_msp.c.obj
 .debug_ranges  0x00000068       0x78 CMakeFiles/iot_lab.elf.dir/Core/Src/stm32l4xx_it.c.obj
 .debug_ranges  0x000000e0       0x18 CMakeFiles/iot_lab.elf.dir/Core/Src/system_stm32l4xx.c.obj
 .debug_ranges  0x000000f8       0x28 CMakeFiles/iot_lab.elf.dir/Core/Src/usart.c.obj
 .debug_ranges  0x00000120       0x20 CMakeFiles/iot_lab.elf.dir/Core/Startup/startup_stm32l475vetx.s.obj
 .debug_ranges  0x00000140      0x120 CMakeFiles/iot_lab.elf.dir/Drivers/STM32L4xx_HAL_Driver/Src/stm32l4xx_hal.c.obj
 .debug_ranges  0x00000260       0xf8 CMakeFiles/iot_lab.elf.dir/Drivers/STM32L4xx_HAL_Driver/Src/stm32l4xx_hal_cortex.c.obj
 .debug_ranges  0x00000358       0x48 CMakeFiles/iot_lab.elf.dir/Drivers/STM32L4xx_HAL_Driver/Src/stm32l4xx_hal_gpio.c.obj
 .debug_ranges  0x000003a0       0x88 CMakeFiles/iot_lab.elf.dir/Drivers/STM32L4xx_HAL_Driver/Src/stm32l4xx_hal_pwr.c.obj
 .debug_ranges  0x00000428      0x140 CMakeFiles/iot_lab.elf.dir/Drivers/STM32L4xx_HAL_Driver/Src/stm32l4xx_hal_pwr_ex.c.obj
 .debug_ranges  0x00000568       0x98 CMakeFiles/iot_lab.elf.dir/Drivers/STM32L4xx_HAL_Driver/Src/stm32l4xx_hal_rcc.c.obj
 .debug_ranges  0x00000600       0xc8 CMakeFiles/iot_lab.elf.dir/Drivers/STM32L4xx_HAL_Driver/Src/stm32l4xx_hal_rcc_ex.c.obj
 .debug_ranges  0x000006c8      0x230 CMakeFiles/iot_lab.elf.dir/Drivers/STM32L4xx_HAL_Driver/Src/stm32l4xx_hal_uart.c.obj

.debug_line     0x00000000     0xb638
 .debug_line    0x00000000      0x225 CMakeFiles/iot_lab.elf.dir/Core/Src/gpio.c.obj
 .debug_line    0x00000225      0x73f CMakeFiles/iot_lab.elf.dir/Core/Src/main.c.obj
 .debug_line    0x00000964      0x199 CMakeFiles/iot_lab.elf.dir/Core/Src/stm32l4xx_hal_msp.c.obj
 .debug_line    0x00000afd      0x558 CMakeFiles/iot_lab.elf.dir/Core/Src/stm32l4xx_it.c.obj
 .debug_line    0x00001055      0x2a5 CMakeFiles/iot_lab.elf.dir/Core/Src/system_stm32l4xx.c.obj
 .debug_line    0x000012fa      0x4d3 CMakeFiles/iot_lab.elf.dir/Core/Src/usart.c.obj
 .debug_line    0x000017cd       0xb6 CMakeFiles/iot_lab.elf.dir/Core/Startup/startup_stm32l475vetx.s.obj
 .debug_line    0x00001883      0x732 CMakeFiles/iot_lab.elf.dir/Drivers/STM32L4xx_HAL_Driver/Src/stm32l4xx_hal.c.obj
 .debug_line    0x00001fb5      0x80d CMakeFiles/iot_lab.elf.dir/Drivers/STM32L4xx_HAL_Driver/Src/stm32l4xx_hal_cortex.c.obj
 .debug_line    0x000027c2      0x735 CMakeFiles/iot_lab.elf.dir/Drivers/STM32L4xx_HAL_Driver/Src/stm32l4xx_hal_gpio.c.obj
 .debug_line    0x00002ef7      0x4b4 CMakeFiles/iot_lab.elf.dir/Drivers/STM32L4xx_HAL_Driver/Src/stm32l4xx_hal_pwr.c.obj
 .debug_line    0x000033ab      0xb44 CMakeFiles/iot_lab.elf.dir/Drivers/STM32L4xx_HAL_Driver/Src/stm32l4xx_hal_pwr_ex.c.obj
 .debug_line    0x00003eef      0xf5f CMakeFiles/iot_lab.elf.dir/Drivers/STM32L4xx_HAL_Driver/Src/stm32l4xx_hal_rcc.c.obj
 .debug_line    0x00004e4e     0x1592 CMakeFiles/iot_lab.elf.dir/Drivers/STM32L4xx_HAL_Driver/Src/stm32l4xx_hal_rcc_ex.c.obj
 .debug_line    0x000063e0     0x5258 CMakeFiles/iot_lab.elf.dir/Drivers/STM32L4xx_HAL_Driver/Src/stm32l4xx_hal_uart.c.obj

.debug_str      0x00000000     0x36fe
 .debug_str     0x00000000      0x3bc CMakeFiles/iot_lab.elf.dir/Core/Src/gpio.c.obj
                                0x40c (size before relaxing)
 .debug_str     0x000003bc      0xdbd CMakeFiles/iot_lab.elf.dir/Core/Src/main.c.obj
                               0x10bc (size before relaxing)
 .debug_str     0x00001179       0x5a CMakeFiles/iot_lab.elf.dir/Core/Src/stm32l4xx_hal_msp.c.obj
                                0x356 (size before relaxing)
 .debug_str     0x000011d3      0x190 CMakeFiles/iot_lab.elf.dir/Core/Src/stm32l4xx_it.c.obj
                                0x81c (size before relaxing)
 .debug_str     0x00001363       0xcc CMakeFiles/iot_lab.elf.dir/Core/Src/system_stm32l4xx.c.obj
                                0x3d3 (size before relaxing)
 .debug_str     0x0000142f      0x32d CMakeFiles/iot_lab.elf.dir/Core/Src/usart.c.obj
                               0x1078 (size before relaxing)
 .debug_str     0x0000175c       0x64 CMakeFiles/iot_lab.elf.dir/Core/Startup/startup_stm32l475vetx.s.obj
                                 0xa7 (size before relaxing)
 .debug_str     0x000017c0      0x4ca CMakeFiles/iot_lab.elf.dir/Drivers/STM32L4xx_HAL_Driver/Src/stm32l4xx_hal.c.obj
                                0xd33 (size before relaxing)
 .debug_str     0x00001c8a      0x49f CMakeFiles/iot_lab.elf.dir/Drivers/STM32L4xx_HAL_Driver/Src/stm32l4xx_hal_cortex.c.obj
                                0xc65 (size before relaxing)
 .debug_str     0x00002129      0x114 CMakeFiles/iot_lab.elf.dir/Drivers/STM32L4xx_HAL_Driver/Src/stm32l4xx_hal_gpio.c.obj
                                0x58e (size before relaxing)
 .debug_str     0x0000223d      0x301 CMakeFiles/iot_lab.elf.dir/Drivers/STM32L4xx_HAL_Driver/Src/stm32l4xx_hal_pwr.c.obj
                                0x6fc (size before relaxing)
 .debug_str     0x0000253e      0x462 CMakeFiles/iot_lab.elf.dir/Drivers/STM32L4xx_HAL_Driver/Src/stm32l4xx_hal_pwr_ex.c.obj
                                0x862 (size before relaxing)
 .debug_str     0x000029a0      0x26b CMakeFiles/iot_lab.elf.dir/Drivers/STM32L4xx_HAL_Driver/Src/stm32l4xx_hal_rcc.c.obj
                                0x8ea (size before relaxing)
 .debug_str     0x00002c0b      0x2f2 CMakeFiles/iot_lab.elf.dir/Drivers/STM32L4xx_HAL_Driver/Src/stm32l4xx_hal_rcc_ex.c.obj
                                0xb09 (size before relaxing)
 .debug_str     0x00002efd      0x801 CMakeFiles/iot_lab.elf.dir/Drivers/STM32L4xx_HAL_Driver/Src/stm32l4xx_hal_uart.c.obj
                               0x1062 (size before relaxing)

.comment        0x00000000       0x49
 .comment       0x00000000       0x49 CMakeFiles/iot_lab.elf.dir/Core/Src/gpio.c.obj
                                 0x4a (size before relaxing)
 .comment       0x00000049       0x4a CMakeFiles/iot_lab.elf.dir/Core/Src/main.c.obj
 .comment       0x00000049       0x4a CMakeFiles/iot_lab.elf.dir/Core/Src/stm32l4xx_hal_msp.c.obj
 .comment       0x00000049       0x4a CMakeFiles/iot_lab.elf.dir/Core/Src/stm32l4xx_it.c.obj
 .comment       0x00000049       0x4a CMakeFiles/iot_lab.elf.dir/Core/Src/system_stm32l4xx.c.obj
 .comment       0x00000049       0x4a CMakeFiles/iot_lab.elf.dir/Core/Src/usart.c.obj
 .comment       0x00000049       0x4a CMakeFiles/iot_lab.elf.dir/Drivers/STM32L4xx_HAL_Driver/Src/stm32l4xx_hal.c.obj
 .comment       0x00000049       0x4a CMakeFiles/iot_lab.elf.dir/Drivers/STM32L4xx_HAL_Driver/Src/stm32l4xx_hal_cortex.c.obj
 .comment       0x00000049       0x4a CMakeFiles/iot_lab.elf.dir/Drivers/STM32L4xx_HAL_Driver/Src/stm32l4xx_hal_gpio.c.obj
 .comment       0x00000049       0x4a CMakeFiles/iot_lab.elf.dir/Drivers/STM32L4xx_HAL_Driver/Src/stm32l4xx_hal_pwr.c.obj
 .comment       0x00000049       0x4a CMakeFiles/iot_lab.elf.dir/Drivers/STM32L4xx_HAL_Driver/Src/stm32l4xx_hal_pwr_ex.c.obj
 .comment       0x00000049       0x4a CMakeFiles/iot_lab.elf.dir/Drivers/STM32L4xx_HAL_Driver/Src/stm32l4xx_hal_rcc.c.obj
 .comment       0x00000049       0x4a CMakeFiles/iot_lab.elf.dir/Drivers/STM32L4xx_HAL_Driver/Src/stm32l4xx_hal_rcc_ex.c.obj
 .comment       0x00000049       0x4a CMakeFiles/iot_lab.elf.dir/Drivers/STM32L4xx_HAL_Driver/Src/stm32l4xx_hal_uart.c.obj

.debug_frame    0x00000000     0x1750
 .debug_frame   0x00000000       0x30 CMakeFiles/iot_lab.elf.dir/Core/Src/gpio.c.obj
 .debug_frame   0x00000030       0xe4 CMakeFiles/iot_lab.elf.dir/Core/Src/main.c.obj
 .debug_frame   0x00000114       0x28 CMakeFiles/iot_lab.elf.dir/Core/Src/stm32l4xx_hal_msp.c.obj
 .debug_frame   0x0000013c      0x138 CMakeFiles/iot_lab.elf.dir/Core/Src/stm32l4xx_it.c.obj
 .debug_frame   0x00000274       0x30 CMakeFiles/iot_lab.elf.dir/Core/Src/system_stm32l4xx.c.obj
 .debug_frame   0x000002a4       0x7c CMakeFiles/iot_lab.elf.dir/Core/Src/usart.c.obj
 .debug_frame   0x00000320      0x274 CMakeFiles/iot_lab.elf.dir/Drivers/STM32L4xx_HAL_Driver/Src/stm32l4xx_hal.c.obj
 .debug_frame   0x00000594      0x148 CMakeFiles/iot_lab.elf.dir/Drivers/STM32L4xx_HAL_Driver/Src/stm32l4xx_hal_cortex.c.obj
 .debug_frame   0x000006dc       0xd0 CMakeFiles/iot_lab.elf.dir/Drivers/STM32L4xx_HAL_Driver/Src/stm32l4xx_hal_gpio.c.obj
 .debug_frame   0x000007ac      0x120 CMakeFiles/iot_lab.elf.dir/Drivers/STM32L4xx_HAL_Driver/Src/stm32l4xx_hal_pwr.c.obj
 .debug_frame   0x000008cc      0x298 CMakeFiles/iot_lab.elf.dir/Drivers/STM32L4xx_HAL_Driver/Src/stm32l4xx_hal_pwr_ex.c.obj
 .debug_frame   0x00000b64      0x19c CMakeFiles/iot_lab.elf.dir/Drivers/STM32L4xx_HAL_Driver/Src/stm32l4xx_hal_rcc.c.obj
 .debug_frame   0x00000d00      0x204 CMakeFiles/iot_lab.elf.dir/Drivers/STM32L4xx_HAL_Driver/Src/stm32l4xx_hal_rcc_ex.c.obj
 .debug_frame   0x00000f04      0x600 CMakeFiles/iot_lab.elf.dir/Drivers/STM32L4xx_HAL_Driver/Src/stm32l4xx_hal_uart.c.obj
 .debug_frame   0x00001504       0x2c c:/progra~2/gnuarm~1/102021~1.10/bin/../lib/gcc/arm-none-eabi/10.3.1/thumb/v7e-m/nofp\libgcc.a(_aeabi_uldivmod.o)
 .debug_frame   0x00001530       0x34 c:/progra~2/gnuarm~1/102021~1.10/bin/../lib/gcc/arm-none-eabi/10.3.1/thumb/v7e-m/nofp\libgcc.a(_udivmoddi4.o)
 .debug_frame   0x00001564       0x2c c:/progra~2/gnuarm~1/102021~1.10/bin/../lib/gcc/arm-none-eabi/10.3.1/../../../../arm-none-eabi/lib/thumb/v7e-m/nofp\libg.a(lib_a-init.o)
 .debug_frame   0x00001590       0x2c c:/progra~2/gnuarm~1/102021~1.10/bin/../lib/gcc/arm-none-eabi/10.3.1/../../../../arm-none-eabi/lib/thumb/v7e-m/nofp\libg.a(lib_a-memset.o)
 .debug_frame   0x000015bc       0x5c c:/progra~2/gnuarm~1/102021~1.10/bin/../lib/gcc/arm-none-eabi/10.3.1/../../../../arm-none-eabi/lib/thumb/v7e-m/nofp\libg.a(lib_a-__call_atexit.o)
 .debug_frame   0x00001618       0x20 c:/progra~2/gnuarm~1/102021~1.10/bin/../lib/gcc/arm-none-eabi/10.3.1/../../../../arm-none-eabi/lib/thumb/v7e-m/nofp\libg.a(lib_a-atexit.o)
 .debug_frame   0x00001638       0x34 c:/progra~2/gnuarm~1/102021~1.10/bin/../lib/gcc/arm-none-eabi/10.3.1/../../../../arm-none-eabi/lib/thumb/v7e-m/nofp\libg.a(lib_a-fini.o)
 .debug_frame   0x0000166c       0xb0 c:/progra~2/gnuarm~1/102021~1.10/bin/../lib/gcc/arm-none-eabi/10.3.1/../../../../arm-none-eabi/lib/thumb/v7e-m/nofp\libg.a(lib_a-lock.o)
 .debug_frame   0x0000171c       0x34 c:/progra~2/gnuarm~1/102021~1.10/bin/../lib/gcc/arm-none-eabi/10.3.1/../../../../arm-none-eabi/lib/thumb/v7e-m/nofp\libg.a(lib_a-__atexit.o)

.debug_loc      0x00000000     0x8b83
 .debug_loc     0x00000000       0x25 CMakeFiles/iot_lab.elf.dir/Core/Src/main.c.obj
 .debug_loc     0x00000025       0xae CMakeFiles/iot_lab.elf.dir/Core/Src/stm32l4xx_it.c.obj
 .debug_loc     0x000000d3      0x127 CMakeFiles/iot_lab.elf.dir/Core/Src/system_stm32l4xx.c.obj
 .debug_loc     0x000001fa       0xd8 CMakeFiles/iot_lab.elf.dir/Core/Src/usart.c.obj
 .debug_loc     0x000002d2      0x1ef CMakeFiles/iot_lab.elf.dir/Drivers/STM32L4xx_HAL_Driver/Src/stm32l4xx_hal.c.obj
 .debug_loc     0x000004c1      0x744 CMakeFiles/iot_lab.elf.dir/Drivers/STM32L4xx_HAL_Driver/Src/stm32l4xx_hal_cortex.c.obj
 .debug_loc     0x00000c05      0x3da CMakeFiles/iot_lab.elf.dir/Drivers/STM32L4xx_HAL_Driver/Src/stm32l4xx_hal_gpio.c.obj
 .debug_loc     0x00000fdf      0x1b1 CMakeFiles/iot_lab.elf.dir/Drivers/STM32L4xx_HAL_Driver/Src/stm32l4xx_hal_pwr.c.obj
 .debug_loc     0x00001190      0xb06 CMakeFiles/iot_lab.elf.dir/Drivers/STM32L4xx_HAL_Driver/Src/stm32l4xx_hal_pwr_ex.c.obj
 .debug_loc     0x00001c96      0x81c CMakeFiles/iot_lab.elf.dir/Drivers/STM32L4xx_HAL_Driver/Src/stm32l4xx_hal_rcc.c.obj
 .debug_loc     0x000024b2     0x1af9 CMakeFiles/iot_lab.elf.dir/Drivers/STM32L4xx_HAL_Driver/Src/stm32l4xx_hal_rcc_ex.c.obj
 .debug_loc     0x00003fab     0x4bd8 CMakeFiles/iot_lab.elf.dir/Drivers/STM32L4xx_HAL_Driver/Src/stm32l4xx_hal_uart.c.obj
