Archive member included to satisfy reference by file (symbol)

c:/progra~2/gnuarm~1/102021~1.10/bin/../lib/gcc/arm-none-eabi/10.3.1/thumb/v7e-m/nofp\libgcc.a(_aeabi_uldivmod.o)
                              CMakeFiles/iot_lab.elf.dir/Drivers/STM32L4xx_HAL_Driver/Src/stm32l4xx_hal_uart.c.obj (__aeabi_uldivmod)
c:/progra~2/gnuarm~1/102021~1.10/bin/../lib/gcc/arm-none-eabi/10.3.1/thumb/v7e-m/nofp\libgcc.a(_udivmoddi4.o)
                              c:/progra~2/gnuarm~1/102021~1.10/bin/../lib/gcc/arm-none-eabi/10.3.1/thumb/v7e-m/nofp\libgcc.a(_aeabi_uldivmod.o) (__udivmoddi4)
c:/progra~2/gnuarm~1/102021~1.10/bin/../lib/gcc/arm-none-eabi/10.3.1/thumb/v7e-m/nofp\libgcc.a(_dvmd_tls.o)
                              c:/progra~2/gnuarm~1/102021~1.10/bin/../lib/gcc/arm-none-eabi/10.3.1/thumb/v7e-m/nofp\libgcc.a(_aeabi_uldivmod.o) (__aeabi_ldiv0)
c:/progra~2/gnuarm~1/102021~1.10/bin/../lib/gcc/arm-none-eabi/10.3.1/../../../../arm-none-eabi/lib/thumb/v7e-m/nofp\libg.a(lib_a-errno.o)
                              CMakeFiles/iot_lab.elf.dir/Core/Src/syscalls.c.obj (__errno)
c:/progra~2/gnuarm~1/102021~1.10/bin/../lib/gcc/arm-none-eabi/10.3.1/../../../../arm-none-eabi/lib/thumb/v7e-m/nofp\libg.a(lib_a-exit.o)
                              c:/progra~2/gnuarm~1/102021~1.10/bin/../lib/gcc/arm-none-eabi/10.3.1/../../../../arm-none-eabi/lib/thumb/v7e-m/nofp/crt0.o (exit)
c:/progra~2/gnuarm~1/102021~1.10/bin/../lib/gcc/arm-none-eabi/10.3.1/../../../../arm-none-eabi/lib/thumb/v7e-m/nofp\libg.a(lib_a-impure.o)
                              c:/progra~2/gnuarm~1/102021~1.10/bin/../lib/gcc/arm-none-eabi/10.3.1/../../../../arm-none-eabi/lib/thumb/v7e-m/nofp\libg.a(lib_a-exit.o) (_global_impure_ptr)
c:/progra~2/gnuarm~1/102021~1.10/bin/../lib/gcc/arm-none-eabi/10.3.1/../../../../arm-none-eabi/lib/thumb/v7e-m/nofp\libg.a(lib_a-init.o)
                              c:/progra~2/gnuarm~1/102021~1.10/bin/../lib/gcc/arm-none-eabi/10.3.1/../../../../arm-none-eabi/lib/thumb/v7e-m/nofp/crt0.o (__libc_init_array)
c:/progra~2/gnuarm~1/102021~1.10/bin/../lib/gcc/arm-none-eabi/10.3.1/../../../../arm-none-eabi/lib/thumb/v7e-m/nofp\libg.a(lib_a-memset.o)
                              c:/progra~2/gnuarm~1/102021~1.10/bin/../lib/gcc/arm-none-eabi/10.3.1/../../../../arm-none-eabi/lib/thumb/v7e-m/nofp/crt0.o (memset)
c:/progra~2/gnuarm~1/102021~1.10/bin/../lib/gcc/arm-none-eabi/10.3.1/../../../../arm-none-eabi/lib/thumb/v7e-m/nofp\libg.a(lib_a-sprintf.o)
                              CMakeFiles/iot_lab.elf.dir/Core/Src/main.c.obj (sprintf)
c:/progra~2/gnuarm~1/102021~1.10/bin/../lib/gcc/arm-none-eabi/10.3.1/../../../../arm-none-eabi/lib/thumb/v7e-m/nofp\libg.a(lib_a-strlen.o)
                              CMakeFiles/iot_lab.elf.dir/Core/Src/main.c.obj (strlen)
c:/progra~2/gnuarm~1/102021~1.10/bin/../lib/gcc/arm-none-eabi/10.3.1/../../../../arm-none-eabi/lib/thumb/v7e-m/nofp\libg.a(lib_a-svfprintf.o)
                              c:/progra~2/gnuarm~1/102021~1.10/bin/../lib/gcc/arm-none-eabi/10.3.1/../../../../arm-none-eabi/lib/thumb/v7e-m/nofp\libg.a(lib_a-sprintf.o) (_svfprintf_r)
c:/progra~2/gnuarm~1/102021~1.10/bin/../lib/gcc/arm-none-eabi/10.3.1/../../../../arm-none-eabi/lib/thumb/v7e-m/nofp\libg.a(lib_a-__call_atexit.o)
                              c:/progra~2/gnuarm~1/102021~1.10/bin/../lib/gcc/arm-none-eabi/10.3.1/../../../../arm-none-eabi/lib/thumb/v7e-m/nofp\libg.a(lib_a-exit.o) (__call_exitprocs)
c:/progra~2/gnuarm~1/102021~1.10/bin/../lib/gcc/arm-none-eabi/10.3.1/../../../../arm-none-eabi/lib/thumb/v7e-m/nofp\libg.a(lib_a-atexit.o)
                              c:/progra~2/gnuarm~1/102021~1.10/bin/../lib/gcc/arm-none-eabi/10.3.1/../../../../arm-none-eabi/lib/thumb/v7e-m/nofp\libg.a(lib_a-__call_atexit.o) (atexit)
c:/progra~2/gnuarm~1/102021~1.10/bin/../lib/gcc/arm-none-eabi/10.3.1/../../../../arm-none-eabi/lib/thumb/v7e-m/nofp\libg.a(lib_a-dtoa.o)
                              c:/progra~2/gnuarm~1/102021~1.10/bin/../lib/gcc/arm-none-eabi/10.3.1/../../../../arm-none-eabi/lib/thumb/v7e-m/nofp\libg.a(lib_a-svfprintf.o) (_dtoa_r)
c:/progra~2/gnuarm~1/102021~1.10/bin/../lib/gcc/arm-none-eabi/10.3.1/../../../../arm-none-eabi/lib/thumb/v7e-m/nofp\libg.a(lib_a-fini.o)
                              c:/progra~2/gnuarm~1/102021~1.10/bin/../lib/gcc/arm-none-eabi/10.3.1/../../../../arm-none-eabi/lib/thumb/v7e-m/nofp\libg.a(lib_a-__call_atexit.o) (__libc_fini_array)
c:/progra~2/gnuarm~1/102021~1.10/bin/../lib/gcc/arm-none-eabi/10.3.1/../../../../arm-none-eabi/lib/thumb/v7e-m/nofp\libg.a(lib_a-freer.o)
                              c:/progra~2/gnuarm~1/102021~1.10/bin/../lib/gcc/arm-none-eabi/10.3.1/../../../../arm-none-eabi/lib/thumb/v7e-m/nofp\libg.a(lib_a-svfprintf.o) (_free_r)
c:/progra~2/gnuarm~1/102021~1.10/bin/../lib/gcc/arm-none-eabi/10.3.1/../../../../arm-none-eabi/lib/thumb/v7e-m/nofp\libg.a(lib_a-localeconv.o)
[...]
Memory Configuration

Name             Origin             Length             Attributes
RAM              0x20000000         0x00018000         xrw
RAM2             0x10000000         0x00008000         xrw
FLASH            0x08000000         0x00080000         xr
*default*        0x00000000         0xffffffff

Linker script and memory map

LOAD c:/progra~2/gnuarm~1/102021~1.10/bin/../lib/gcc/arm-none-eabi/10.3.1/thumb/v7e-m/nofp/crti.o
LOAD c:/progra~2/gnuarm~1/102021~1.10/bin/../lib/gcc/arm-none-eabi/10.3.1/thumb/v7e-m/nofp/crtbegin.o
LOAD c:/progra~2/gnuarm~1/102021~1.10/bin/../lib/gcc/arm-none-eabi/10.3.1/../../../../arm-none-eabi/lib/thumb/v7e-m/nofp/crt0.o
LOAD CMakeFiles/iot_lab.elf.dir/Core/Src/gpio.c.obj
LOAD CMakeFiles/iot_lab.elf.dir/Core/Src/main.c.obj
LOAD CMakeFiles/iot_lab.elf.dir/Core/Src/stm32l4xx_hal_msp.c.obj
LOAD CMakeFiles/iot_lab.elf.dir/Core/Src/stm32l4xx_it.c.obj
LOAD CMakeFiles/iot_lab.elf.dir/Core/Src/syscalls.c.obj
LOAD CMakeFiles/iot_lab.elf.dir/Core/Src/sysmem.c.obj
LOAD CMakeFiles/iot_lab.elf.dir/Core/Src/system_stm32l4xx.c.obj
LOAD CMakeFiles/iot_lab.elf.dir/Core/Src/usart.c.obj
LOAD CMakeFiles/iot_lab.elf.dir/Core/Startup/startup_stm32l475vetx.s.obj
LOAD CMakeFiles/iot_lab.elf.dir/Drivers/STM32L4xx_HAL_Driver/Src/stm32l4xx_hal.c.obj
LOAD CMakeFiles/iot_lab.elf.dir/Drivers/STM32L4xx_HAL_Driver/Src/stm32l4xx_hal_cortex.c.obj
LOAD CMakeFiles/iot_lab.elf.dir/Drivers/STM32L4xx_HAL_Driver/Src/stm32l4xx_hal_dma.c.obj
LOAD CMakeFiles/iot_lab.elf.dir/Drivers/STM32L4xx_HAL_Driver/Src/stm32l4xx_hal_dma_ex.c.obj
LOAD CMakeFiles/iot_lab.elf.dir/Drivers/STM32L4xx_HAL_Driver/Src/stm32l4xx_hal_exti.c.obj
LOAD CMakeFiles/iot_lab.elf.dir/Drivers/STM32L4xx_HAL_Driver/Src/stm32l4xx_hal_flash.c.obj
LOAD CMakeFiles/iot_lab.elf.dir/Drivers/STM32L4xx_HAL_Driver/Src/stm32l4xx_hal_flash_ex.c.obj
LOAD CMakeFiles/iot_lab.elf.dir/Drivers/STM32L4xx_HAL_Driver/Src/stm32l4xx_hal_flash_ramfunc.c.obj
LOAD CMakeFiles/iot_lab.elf.dir/Drivers/STM32L4xx_HAL_Driver/Src/stm32l4xx_hal_gpio.c.obj
LOAD CMakeFiles/iot_lab.elf.dir/Drivers/STM32L4xx_HAL_Driver/Src/stm32l4xx_hal_i2c.c.obj
LOAD CMakeFiles/iot_lab.elf.dir/Drivers/STM32L4xx_HAL_Driver/Src/stm32l4xx_hal_i2c_ex.c.obj
LOAD CMakeFiles/iot_lab.elf.dir/Drivers/STM32L4xx_HAL_Driver/Src/stm32l4xx_hal_pwr.c.obj
LOAD CMakeFiles/iot_lab.elf.dir/Drivers/STM32L4xx_HAL_Driver/Src/stm32l4xx_hal_pwr_ex.c.obj
LOAD CMakeFiles/iot_lab.elf.dir/Drivers/STM32L4xx_HAL_Driver/Src/stm32l4xx_hal_rcc.c.obj
LOAD CMakeFiles/iot_lab.elf.dir/Drivers/STM32L4xx_HAL_Driver/Src/stm32l4xx_hal_rcc_ex.c.obj
LOAD CMakeFiles/iot_lab.elf.dir/Drivers/STM32L4xx_HAL_Driver/Src/stm32l4xx_hal_tim.c.obj
LOAD CMakeFiles/iot_lab.elf.dir/Drivers/STM32L4xx_HAL_Driver/Src/stm32l4xx_hal_tim_ex.c.obj
LOAD CMakeFiles/iot_lab.elf.dir/Drivers/STM32L4xx_HAL_Driver/Src/stm32l4xx_hal_uart.c.obj
LOAD CMakeFiles/iot_lab.elf.dir/Drivers/STM32L4xx_HAL_Driver/Src/stm32l4xx_hal_uart_ex.c.obj
LOAD CMakeFiles/iot_lab.elf.dir/bsp/bsp_AHT10.c.obj
START GROUP
LOAD c:/progra~2/gnuarm~1/102021~1.10/bin/../lib/gcc/arm-none-eabi/10.3.1/thumb/v7e-m/nofp\libgcc.a
LOAD c:/progra~2/gnuarm~1/102021~1.10/bin/../lib/gcc/arm-none-eabi/10.3.1/../../../../arm-none-eabi/lib/thumb/v7e-m/nofp\libg.a
LOAD c:/progra~2/gnuarm~1/102021~1.10/bin/../lib/gcc/arm-none-eabi/10.3.1/../../../../arm-none-eabi/lib/thumb/v7e-m/nofp\libc.a
END GROUP
LOAD c:/progra~2/gnuarm~1/102021~1.10/bin/../lib/gcc/arm-none-eabi/10.3.1/thumb/v7e-m/nofp/crtend.o
LOAD c:/progra~2/gnuarm~1/102021~1.10/bin/../lib/gcc/arm-none-eabi/10.3.1/thumb/v7e-m/nofp/crtn.o
                0x20018000                _estack = (ORIGIN (RAM) + LENGTH (RAM))
                0x00000200                _Min_Heap_Size = 0x200
                0x00000400                _Min_Stack_Size = 0x400

.isr_vector     0x08000000      0x188
                0x08000000                . = ALIGN (0x4)
 *(.isr_vector)
 .isr_vector    0x08000000      0x188 CMakeFiles/iot_lab.elf.dir/Core/Startup/startup_stm32l475vetx.s.obj
                0x08000000                g_pfnVectors
                0x08000188                . = ALIGN (0x4)

.text           0x080001c0     0x9c28
                0x080001c0                . = ALIGN (0x4)
 *(.text)
 .text          0x080001c0       0x40 c:/progra~2/gnuarm~1/102021~1.10/bin/../lib/gcc/arm-none-eabi/10.3.1/thumb/v7e-m/nofp/crtbegin.o
 .text          0x08000200       0x30 c:/progra~2/gnuarm~1/102021~1.10/bin/../lib/gcc/arm-none-eabi/10.3.1/thumb/v7e-m/nofp\libgcc.a(_aeabi_uldivmod.o)
                0x08000200                __aeabi_uldivmod
 .text          0x08000230      0x2d0 c:/progra~2/gnuarm~1/102021~1.10/bin/../lib/gcc/arm-none-eabi/10.3.1/thumb/v7e-m/nofp\libgcc.a(_udivmoddi4.o)
                0x08000230                __udivmoddi4
 .text          0x08000500        0x4 c:/progra~2/gnuarm~1/102021~1.10/bin/../lib/gcc/arm-none-eabi/10.3.1/thumb/v7e-m/nofp\libgcc.a(_dvmd_tls.o)
                0x08000500                __aeabi_idiv0
                0x08000500                __aeabi_ldiv0
 *fill*         0x08000504       0x3c 
 .text          0x08000540       0xdc c:/progra~2/gnuarm~1/102021~1.10/bin/../lib/gcc/arm-none-eabi/10.3.1/../../../../arm-none-eabi/lib/thumb/v7e-m/nofp\libg.a(lib_a-strlen.o)
                0x08000540                strlen
 *fill*         0x0800061c        0x4 
 .text          0x08000620       0xa0 c:/progra~2/gnuarm~1/102021~1.10/bin/../lib/gcc/arm-none-eabi/10.3.1/../../../../arm-none-eabi/lib/thumb/v7e-m/nofp\libg.a(lib_a-memchr.o)
                0x08000620                memchr
 .text          0x080006c0      0x134 c:/progra~2/gnuarm~1/102021~1.10/bin/../lib/gcc/arm-none-eabi/10.3.1/../../../../arm-none-eabi/lib/thumb/v7e-m/nofp\libg.a(lib_a-memcpy.o)
                0x080006c0                memcpy
 .text          0x080007f4      0x378 c:/progra~2/gnuarm~1/102021~1.10/bin/../lib/gcc/arm-none-eabi/10.3.1/thumb/v7e-m/nofp\libgcc.a(_arm_addsubdf3.o)
                0x080007f4                __aeabi_drsub
                0x080007fc                __aeabi_dsub
                0x080007fc                __subdf3
                0x08000800                __aeabi_dadd
                0x08000800                __adddf3
                0x08000a78                __floatunsidf
                0x08000a78                __aeabi_ui2d
                0x08000a98                __floatsidf
                0x08000a98                __aeabi_i2d
                0x08000abc                __aeabi_f2d
                0x08000abc                __extendsfdf2
                0x08000b00                __floatundidf
                0x08000b00                __aeabi_ul2d
                0x08000b10                __floatdidf
                0x08000b10                __aeabi_l2d
 .text          0x08000b6c      0x424 c:/progra~2/gnuarm~1/102021~1.10/bin/../lib/gcc/arm-none-eabi/10.3.1/thumb/v7e-m/nofp\libgcc.a(_arm_muldivdf3.o)
                0x08000b6c                __aeabi_dmul
                0x08000b6c                __muldf3
                0x08000dc0                __divdf3
                0x08000dc0                __aeabi_ddiv
 .text          0x08000f90      0x110 c:/progra~2/gnuarm~1/102021~1.10/bin/../lib/gcc/arm-none-eabi/10.3.1/thumb/v7e-m/nofp\libgcc.a(_arm_cmpdf2.o)
                0x08000f90                __gtdf2
                0x08000f90                __gedf2
                0x08000f98                __ltdf2
                0x08000f98                __ledf2
                0x08000fa0                __nedf2
                0x08000fa0                __eqdf2
                0x08000fa0                __cmpdf2
                0x0800101c                __aeabi_cdrcmple
                0x0800102c                __aeabi_cdcmpeq
                0x0800102c                __aeabi_cdcmple
                0x0800103c                __aeabi_dcmpeq
                0x08001050                __aeabi_dcmplt
                0x08001064                __aeabi_dcmple
                0x08001078                __aeabi_dcmpge
                0x0800108c                __aeabi_dcmpgt
 .text          0x080010a0       0x2c c:/progra~2/gnuarm~1/102021~1.10/bin/../lib/gcc/arm-none-eabi/10.3.1/thumb/v7e-m/nofp\libgcc.a(_arm_unorddf2.o)
                0x080010a0                __unorddf2
                0x080010a0                __aeabi_dcmpun
 .text          0x080010cc       0x50 c:/progra~2/gnuarm~1/102021~1.10/bin/../lib/gcc/arm-none-eabi/10.3.1/thumb/v7e-m/nofp\libgcc.a(_arm_fixdfsi.o)
                0x080010cc                __aeabi_d2iz
                0x080010cc                __fixdfsi
 *(.text*)
 .text.MX_GPIO_Init
                0x0800111c       0xe8 CMakeFiles/iot_lab.elf.dir/Core/Src/gpio.c.obj
                0x0800111c                MX_GPIO_Init
 .text.AT_lora_inquire
                0x08001204       0xac CMakeFiles/iot_lab.elf.dir/Core/Src/main.c.obj
                0x08001204                AT_lora_inquire
 .text.AT_lora_mode_set
                0x080012b0      0x290 CMakeFiles/iot_lab.elf.dir/Core/Src/main.c.obj
                0x080012b0                AT_lora_mode_set
 .text.HAL_GPIO_EXTI_Callback
                0x08001540       0x58 CMakeFiles/iot_lab.elf.dir/Core/Src/main.c.obj
                0x08001540                HAL_GPIO_EXTI_Callback
 .text.Error_Handler
                0x08001598        0x4 CMakeFiles/iot_lab.elf.dir/Core/Src/main.c.obj
                0x08001598                Error_Handler
 .text.SystemClock_Config
                0x0800159c       0x78 CMakeFiles/iot_lab.elf.dir/Core/Src/main.c.obj
                0x0800159c                SystemClock_Config
 .text.enter_low_power_mode
                0x08001614       0x88 CMakeFiles/iot_lab.elf.dir/Core/Src/main.c.obj
                0x08001614                enter_low_power_mode
 .text.AT_lora_init
                0x0800169c       0xbc CMakeFiles/iot_lab.elf.dir/Core/Src/main.c.obj
                0x0800169c                AT_lora_init
 .text.main     0x08001758       0xb8 CMakeFiles/iot_lab.elf.dir/Core/Src/main.c.obj
                0x08001758                main
 .text.HAL_MspInit
                0x08001810       0x30 CMakeFiles/iot_lab.elf.dir/Core/Src/stm32l4xx_hal_msp.c.obj
                0x08001810                HAL_MspInit
 .text.NMI_Handler
                0x08001840        0x2 CMakeFiles/iot_lab.elf.dir/Core/Src/stm32l4xx_it.c.obj
                0x08001840                NMI_Handler
 .text.HardFault_Handler
                0x08001842        0x2 CMakeFiles/iot_lab.elf.dir/Core/Src/stm32l4xx_it.c.obj
                0x08001842                HardFault_Handler
 .text.MemManage_Handler
                0x08001844        0x2 CMakeFiles/iot_lab.elf.dir/Core/Src/stm32l4xx_it.c.obj
                0x08001844                MemManage_Handler
 .text.BusFault_Handler
                0x08001846        0x2 CMakeFiles/iot_lab.elf.dir/Core/Src/stm32l4xx_it.c.obj
                0x08001846                BusFault_Handler
 .text.UsageFault_Handler
                0x08001848        0x2 CMakeFiles/iot_lab.elf.dir/Core/Src/stm32l4xx_it.c.obj
                0x08001848                UsageFault_Handler
 .text.SVC_Handler
                0x0800184a        0x2 CMakeFiles/iot_lab.elf.dir/Core/Src/stm32l4xx_it.c.obj
                0x0800184a                SVC_Handler
 .text.DebugMon_Handler
                0x0800184c        0x2 CMakeFiles/iot_lab.elf.dir/Core/Src/stm32l4xx_it.c.obj
                0x0800184c                DebugMon_Handler
 .text.PendSV_Handler
                0x0800184e        0x2 CMakeFiles/iot_lab.elf.dir/Core/Src/stm32l4xx_it.c.obj
                0x0800184e                PendSV_Handler
 .text.SysTick_Handler
                0x08001850        0x8 CMakeFiles/iot_lab.elf.dir/Core/Src/stm32l4xx_it.c.obj
                0x08001850                SysTick_Handler
 .text.USART2_IdleCallback
                0x08001858       0x30 CMakeFiles/iot_lab.elf.dir/Core/Src/stm32l4xx_it.c.obj
                0x08001858                USART2_IdleCallback
 .text.USART2_IRQHandler
                0x08001888       0xac CMakeFiles/iot_lab.elf.dir/Core/Src/stm32l4xx_it.c.obj
                0x08001888                USART2_IRQHandler
 .text.USART1_IdleCallback
                0x08001934       0x84 CMakeFiles/iot_lab.elf.dir/Core/Src/stm32l4xx_it.c.obj
                0x08001934                USART1_IdleCallback
 .text.USART1_IRQHandler
                0x080019b8       0x88 CMakeFiles/iot_lab.elf.dir/Core/Src/stm32l4xx_it.c.obj
                0x080019b8                USART1_IRQHandler
 .text.EXTI1_IRQHandler
                0x08001a40        0xa CMakeFiles/iot_lab.elf.dir/Core/Src/stm32l4xx_it.c.obj
                0x08001a40                EXTI1_IRQHandler
 .text._getpid  0x08001a4a        0x4 CMakeFiles/iot_lab.elf.dir/Core/Src/syscalls.c.obj
                0x08001a4a                _getpid
 .text._kill    0x08001a4e       0x10 CMakeFiles/iot_lab.elf.dir/Core/Src/syscalls.c.obj
                0x08001a4e                _kill
 .text._exit    0x08001a5e        0xc CMakeFiles/iot_lab.elf.dir/Core/Src/syscalls.c.obj
                0x08001a5e                _exit
 .text._read    0x08001a6a       0x20 CMakeFiles/iot_lab.elf.dir/Core/Src/syscalls.c.obj
                0x08001a6a                _read
 .text._write   0x08001a8a       0x1c CMakeFiles/iot_lab.elf.dir/Core/Src/syscalls.c.obj
                0x08001a8a                _write
 .text._close   0x08001aa6        0x6 CMakeFiles/iot_lab.elf.dir/Core/Src/syscalls.c.obj
                0x08001aa6                _close
 .text._fstat   0x08001aac        0xa CMakeFiles/iot_lab.elf.dir/Core/Src/syscalls.c.obj
                0x08001aac                _fstat
 .text._isatty  0x08001ab6        0x4 CMakeFiles/iot_lab.elf.dir/Core/Src/syscalls.c.obj
                0x08001ab6                _isatty
 .text._lseek   0x08001aba        0x4 CMakeFiles/iot_lab.elf.dir/Core/Src/syscalls.c.obj
                0x08001aba                _lseek
 *fill*         0x08001abe        0x2 
 .text._sbrk    0x08001ac0       0x48 CMakeFiles/iot_lab.elf.dir/Core/Src/sysmem.c.obj
                0x08001ac0                _sbrk
 .text.SystemInit
                0x08001b08        0x2 CMakeFiles/iot_lab.elf.dir/Core/Src/system_stm32l4xx.c.obj
                0x08001b08                SystemInit
 *fill*         0x08001b0a        0x2 
 .text.MX_USART1_UART_Init
                0x08001b0c       0x38 CMakeFiles/iot_lab.elf.dir/Core/Src/usart.c.obj
                0x08001b0c                MX_USART1_UART_Init
 .text.MX_USART2_UART_Init
                0x08001b44       0x38 CMakeFiles/iot_lab.elf.dir/Core/Src/usart.c.obj
                0x08001b44                MX_USART2_UART_Init
 .text.HAL_UART_MspInit
                0x08001b7c      0x10c CMakeFiles/iot_lab.elf.dir/Core/Src/usart.c.obj
                0x08001b7c                HAL_UART_MspInit
 .text.HAL_UART_MspDeInit
                0x08001c88       0x58 CMakeFiles/iot_lab.elf.dir/Core/Src/usart.c.obj
                0x08001c88                HAL_UART_MspDeInit
 .text.Reset_Handler
                0x08001ce0       0x50 CMakeFiles/iot_lab.elf.dir/Core/Startup/startup_stm32l475vetx.s.obj
                0x08001ce0                Reset_Handler
 .text.Default_Handler
                0x08001d30        0x2 CMakeFiles/iot_lab.elf.dir/Core/Startup/startup_stm32l475vetx.s.obj
                0x08001d30                RTC_Alarm_IRQHandler
                0x08001d30                EXTI2_IRQHandler
                0x08001d30                TIM8_TRG_COM_IRQHandler
                0x08001d30                TIM8_CC_IRQHandler
                0x08001d30                TIM1_CC_IRQHandler
                0x08001d30                TSC_IRQHandler
                0x08001d30                TAMP_STAMP_IRQHandler
                0x08001d30                EXTI3_IRQHandler
                0x08001d30                LPTIM2_IRQHandler
                0x08001d30                DFSDM1_FLT1_IRQHandler
                0x08001d30                I2C3_ER_IRQHandler
                0x08001d30                DFSDM1_FLT2_IRQHandler
                0x08001d30                EXTI0_IRQHandler
                0x08001d30                I2C2_EV_IRQHandler
                0x08001d30                CAN1_RX0_IRQHandler
                0x08001d30                FPU_IRQHandler
                0x08001d30                TIM1_UP_TIM16_IRQHandler
                0x08001d30                ADC1_2_IRQHandler
                0x08001d30                SPI1_IRQHandler
                0x08001d30                TIM6_DAC_IRQHandler
                0x08001d30                TIM8_UP_IRQHandler
                0x08001d30                DMA2_Channel2_IRQHandler
                0x08001d30                DMA1_Channel4_IRQHandler
                0x08001d30                SAI2_IRQHandler
                0x08001d30                DFSDM1_FLT3_IRQHandler
                0x08001d30                USART3_IRQHandler
                0x08001d30                DMA1_Channel7_IRQHandler
                0x08001d30                CAN1_RX1_IRQHandler
                0x08001d30                UART5_IRQHandler
                0x08001d30                ADC3_IRQHandler
                0x08001d30                TIM4_IRQHandler
                0x08001d30                DMA2_Channel1_IRQHandler
                0x08001d30                QUADSPI_IRQHandler
                0x08001d30                I2C1_EV_IRQHandler
                0x08001d30                DMA1_Channel6_IRQHandler
                0x08001d30                UART4_IRQHandler
                0x08001d30                DMA2_Channel4_IRQHandler
                0x08001d30                TIM3_IRQHandler
                0x08001d30                RCC_IRQHandler
                0x08001d30                DMA1_Channel1_IRQHandler
                0x08001d30                Default_Handler
                0x08001d30                DMA2_Channel7_IRQHandler
                0x08001d30                EXTI15_10_IRQHandler
                0x08001d30                TIM7_IRQHandler
                0x08001d30                SDMMC1_IRQHandler
                0x08001d30                TIM5_IRQHandler
                0x08001d30                I2C3_EV_IRQHandler
                0x08001d30                EXTI9_5_IRQHandler
                0x08001d30                RTC_WKUP_IRQHandler
                0x08001d30                PVD_PVM_IRQHandler
                0x08001d30                SPI2_IRQHandler
                0x08001d30                CAN1_TX_IRQHandler
                0x08001d30                DMA2_Channel5_IRQHandler
                0x08001d30                DMA1_Channel5_IRQHandler
                0x08001d30                EXTI4_IRQHandler
                0x08001d30                RNG_IRQHandler
                0x08001d30                TIM1_TRG_COM_TIM17_IRQHandler
                0x08001d30                DMA1_Channel3_IRQHandler
                0x08001d30                COMP_IRQHandler
                0x08001d30                WWDG_IRQHandler
                0x08001d30                LPUART1_IRQHandler
                0x08001d30                DMA2_Channel6_IRQHandler
                0x08001d30                TIM2_IRQHandler
                0x08001d30                DFSDM1_FLT0_IRQHandler
                0x08001d30                I2C2_ER_IRQHandler
                0x08001d30                DMA1_Channel2_IRQHandler
                0x08001d30                TIM8_BRK_IRQHandler
                0x08001d30                CAN1_SCE_IRQHandler
                0x08001d30                FLASH_IRQHandler
                0x08001d30                OTG_FS_IRQHandler
                0x08001d30                SPI3_IRQHandler
                0x08001d30                I2C1_ER_IRQHandler
                0x08001d30                FMC_IRQHandler
                0x08001d30                SWPMI1_IRQHandler
                0x08001d30                LPTIM1_IRQHandler
                0x08001d30                SAI1_IRQHandler
                0x08001d30                DMA2_Channel3_IRQHandler
                0x08001d30                TIM1_BRK_TIM15_IRQHandler
 *fill*         0x08001d32        0x2 
 .text.HAL_InitTick
                0x08001d34       0x50 CMakeFiles/iot_lab.elf.dir/Drivers/STM32L4xx_HAL_Driver/Src/stm32l4xx_hal.c.obj
                0x08001d34                HAL_InitTick
 .text.HAL_Init
                0x08001d84       0x1e CMakeFiles/iot_lab.elf.dir/Drivers/STM32L4xx_HAL_Driver/Src/stm32l4xx_hal.c.obj
                0x08001d84                HAL_Init
 *fill*         0x08001da2        0x2 
 .text.HAL_IncTick
                0x08001da4       0x18 CMakeFiles/iot_lab.elf.dir/Drivers/STM32L4xx_HAL_Driver/Src/stm32l4xx_hal.c.obj
                0x08001da4                HAL_IncTick
 .text.HAL_GetTick
                0x08001dbc        0xc CMakeFiles/iot_lab.elf.dir/Drivers/STM32L4xx_HAL_Driver/Src/stm32l4xx_hal.c.obj
                0x08001dbc                HAL_GetTick
 .text.HAL_Delay
                0x08001dc8       0x28 CMakeFiles/iot_lab.elf.dir/Drivers/STM32L4xx_HAL_Driver/Src/stm32l4xx_hal.c.obj
                0x08001dc8                HAL_Delay
 .text.HAL_NVIC_SetPriorityGrouping
                0x08001df0       0x24 CMakeFiles/iot_lab.elf.dir/Drivers/STM32L4xx_HAL_Driver/Src/stm32l4xx_hal_cortex.c.obj
                0x08001df0                HAL_NVIC_SetPriorityGrouping
 .text.HAL_NVIC_SetPriority
                0x08001e14       0x70 CMakeFiles/iot_lab.elf.dir/Drivers/STM32L4xx_HAL_Driver/Src/stm32l4xx_hal_cortex.c.obj
                0x08001e14                HAL_NVIC_SetPriority
 .text.HAL_NVIC_EnableIRQ
                0x08001e84       0x1c CMakeFiles/iot_lab.elf.dir/Drivers/STM32L4xx_HAL_Driver/Src/stm32l4xx_hal_cortex.c.obj
                0x08001e84                HAL_NVIC_EnableIRQ
 .text.HAL_NVIC_DisableIRQ
                0x08001ea0       0x24 CMakeFiles/iot_lab.elf.dir/Drivers/STM32L4xx_HAL_Driver/Src/stm32l4xx_hal_cortex.c.obj
                0x08001ea0                HAL_NVIC_DisableIRQ
 .text.HAL_SYSTICK_Config
                0x08001ec4       0x28 CMakeFiles/iot_lab.elf.dir/Drivers/STM32L4xx_HAL_Driver/Src/stm32l4xx_hal_cortex.c.obj
                0x08001ec4                HAL_SYSTICK_Config
 .text.HAL_GPIO_Init
                0x08001eec      0x20c CMakeFiles/iot_lab.elf.dir/Drivers/STM32L4xx_HAL_Driver/Src/stm32l4xx_hal_gpio.c.obj
                0x08001eec                HAL_GPIO_Init
 .text.HAL_GPIO_DeInit
                0x080020f8      0x130 CMakeFiles/iot_lab.elf.dir/Drivers/STM32L4xx_HAL_Driver/Src/stm32l4xx_hal_gpio.c.obj
                0x080020f8                HAL_GPIO_DeInit
 .text.HAL_GPIO_ReadPin
                0x08002228        0xe CMakeFiles/iot_lab.elf.dir/Drivers/STM32L4xx_HAL_Driver/Src/stm32l4xx_hal_gpio.c.obj
                0x08002228                HAL_GPIO_ReadPin
 .text.HAL_GPIO_WritePin
                0x08002236        0xa CMakeFiles/iot_lab.elf.dir/Drivers/STM32L4xx_HAL_Driver/Src/stm32l4xx_hal_gpio.c.obj
                0x08002236                HAL_GPIO_WritePin
 .text.HAL_GPIO_EXTI_IRQHandler
                0x08002240       0x1c CMakeFiles/iot_lab.elf.dir/Drivers/STM32L4xx_HAL_Driver/Src/stm32l4xx_hal_gpio.c.obj
                0x08002240                HAL_GPIO_EXTI_IRQHandler
 .text.HAL_PWR_EnterSTOPMode
                0x0800225c       0x18 CMakeFiles/iot_lab.elf.dir/Drivers/STM32L4xx_HAL_Driver/Src/stm32l4xx_hal_pwr.c.obj
                0x0800225c                HAL_PWR_EnterSTOPMode
 .text.HAL_PWREx_GetVoltageRange
                0x08002274       0x10 CMakeFiles/iot_lab.elf.dir/Drivers/STM32L4xx_HAL_Driver/Src/stm32l4xx_hal_pwr_ex.c.obj
                0x08002274                HAL_PWREx_GetVoltageRange
 .text.HAL_PWREx_ControlVoltageScaling
                0x08002284       0x90 CMakeFiles/iot_lab.elf.dir/Drivers/STM32L4xx_HAL_Driver/Src/stm32l4xx_hal_pwr_ex.c.obj
                0x08002284                HAL_PWREx_ControlVoltageScaling
 .text.HAL_PWREx_EnterSTOP0Mode
                0x08002314       0x38 CMakeFiles/iot_lab.elf.dir/Drivers/STM32L4xx_HAL_Driver/Src/stm32l4xx_hal_pwr_ex.c.obj
                0x08002314                HAL_PWREx_EnterSTOP0Mode
 .text.HAL_PWREx_EnterSTOP1Mode
                0x0800234c       0x3c CMakeFiles/iot_lab.elf.dir/Drivers/STM32L4xx_HAL_Driver/Src/stm32l4xx_hal_pwr_ex.c.obj
                0x0800234c                HAL_PWREx_EnterSTOP1Mode
 .text.RCC_SetFlashLatencyFromMSIRange
                0x08002388       0x90 CMakeFiles/iot_lab.elf.dir/Drivers/STM32L4xx_HAL_Driver/Src/stm32l4xx_hal_rcc.c.obj
 .text.HAL_RCC_GetSysClockFreq
                0x08002418       0xb4 CMakeFiles/iot_lab.elf.dir/Drivers/STM32L4xx_HAL_Driver/Src/stm32l4xx_hal_rcc.c.obj
                0x08002418                HAL_RCC_GetSysClockFreq
 .text.HAL_RCC_OscConfig
                0x080024cc      0x61c CMakeFiles/iot_lab.elf.dir/Drivers/STM32L4xx_HAL_Driver/Src/stm32l4xx_hal_rcc.c.obj
                0x080024cc                HAL_RCC_OscConfig
 .text.HAL_RCC_ClockConfig
                0x08002ae8      0x188 CMakeFiles/iot_lab.elf.dir/Drivers/STM32L4xx_HAL_Driver/Src/stm32l4xx_hal_rcc.c.obj
                0x08002ae8                HAL_RCC_ClockConfig
 .text.HAL_RCC_GetHCLKFreq
                0x08002c70        0xc CMakeFiles/iot_lab.elf.dir/Drivers/STM32L4xx_HAL_Driver/Src/stm32l4xx_hal_rcc.c.obj
                0x08002c70                HAL_RCC_GetHCLKFreq
 .text.HAL_RCC_GetPCLK1Freq
                0x08002c7c       0x24 CMakeFiles/iot_lab.elf.dir/Drivers/STM32L4xx_HAL_Driver/Src/stm32l4xx_hal_rcc.c.obj
                0x08002c7c                HAL_RCC_GetPCLK1Freq
 .text.HAL_RCC_GetPCLK2Freq
                0x08002ca0       0x24 CMakeFiles/iot_lab.elf.dir/Drivers/STM32L4xx_HAL_Driver/Src/stm32l4xx_hal_rcc.c.obj
                0x08002ca0                HAL_RCC_GetPCLK2Freq
 .text.RCCEx_PLLSAI1_Config
                0x08002cc4      0x170 CMakeFiles/iot_lab.elf.dir/Drivers/STM32L4xx_HAL_Driver/Src/stm32l4xx_hal_rcc_ex.c.obj
 .text.RCCEx_PLLSAI2_Config
                0x08002e34      0x14c CMakeFiles/iot_lab.elf.dir/Drivers/STM32L4xx_HAL_Driver/Src/stm32l4xx_hal_rcc_ex.c.obj
 .text.HAL_RCCEx_PeriphCLKConfig
                0x08002f80      0x454 CMakeFiles/iot_lab.elf.dir/Drivers/STM32L4xx_HAL_Driver/Src/stm32l4xx_hal_rcc_ex.c.obj
                0x08002f80                HAL_RCCEx_PeriphCLKConfig
 .text.UART_EndRxTransfer
                0x080033d4       0x52 CMakeFiles/iot_lab.elf.dir/Drivers/STM32L4xx_HAL_Driver/Src/stm32l4xx_hal_uart.c.obj
 .text.HAL_UART_DeInit
                0x08003426       0x40 CMakeFiles/iot_lab.elf.dir/Drivers/STM32L4xx_HAL_Driver/Src/stm32l4xx_hal_uart.c.obj
                0x08003426                HAL_UART_DeInit
 *fill*         0x08003466        0x2 
 .text.UART_SetConfig
                0x08003468      0x328 CMakeFiles/iot_lab.elf.dir/Drivers/STM32L4xx_HAL_Driver/Src/stm32l4xx_hal_uart.c.obj
                0x08003468                UART_SetConfig
 .text.UART_AdvFeatureConfig
                0x08003790       0xca CMakeFiles/iot_lab.elf.dir/Drivers/STM32L4xx_HAL_Driver/Src/stm32l4xx_hal_uart.c.obj
                0x08003790                UART_AdvFeatureConfig
 .text.UART_WaitOnFlagUntilTimeout
                0x0800385a       0x9a CMakeFiles/iot_lab.elf.dir/Drivers/STM32L4xx_HAL_Driver/Src/stm32l4xx_hal_uart.c.obj
                0x0800385a                UART_WaitOnFlagUntilTimeout
 .text.HAL_UART_Transmit
                0x080038f4       0xc8 CMakeFiles/iot_lab.elf.dir/Drivers/STM32L4xx_HAL_Driver/Src/stm32l4xx_hal_uart.c.obj
                0x080038f4                HAL_UART_Transmit
 .text.HAL_UART_Receive
                0x080039bc      0x118 CMakeFiles/iot_lab.elf.dir/Drivers/STM32L4xx_HAL_Driver/Src/stm32l4xx_hal_uart.c.obj
                0x080039bc                HAL_UART_Receive
 .text.UART_CheckIdleState
                0x08003ad4       0xc6 CMakeFiles/iot_lab.elf.dir/Drivers/STM32L4xx_HAL_Driver/Src/stm32l4xx_hal_uart.c.obj
                0x08003ad4                UART_CheckIdleState
 .text.HAL_UART_Init
                0x08003b9a       0x62 CMakeFiles/iot_lab.elf.dir/Drivers/STM32L4xx_HAL_Driver/Src/stm32l4xx_hal_uart.c.obj
                0x08003b9a                HAL_UART_Init
 .text.AHT10_SDA_INIT
                0x08003bfc       0x3a CMakeFiles/iot_lab.elf.dir/bsp/bsp_AHT10.c.obj
 *fill*         0x08003c36        0x2 
 .text.AHT10_SDA_State
                0x08003c38       0x14 CMakeFiles/iot_lab.elf.dir/bsp/bsp_AHT10.c.obj
 .text.AHT10_SCL_State
                0x08003c4c       0x14 CMakeFiles/iot_lab.elf.dir/bsp/bsp_AHT10.c.obj
 .text.AHT10_IIC_Start
                0x08003c60       0x2c CMakeFiles/iot_lab.elf.dir/bsp/bsp_AHT10.c.obj
 .text.AHT10_IIC_Send_Byte
                0x08003c8c       0x4c CMakeFiles/iot_lab.elf.dir/bsp/bsp_AHT10.c.obj
 .text.AHT10_IIC_Stop
                0x08003cd8       0x2c CMakeFiles/iot_lab.elf.dir/bsp/bsp_AHT10.c.obj
 .text.AHT10_IIC_NAck
                0x08003d04       0x2c CMakeFiles/iot_lab.elf.dir/bsp/bsp_AHT10.c.obj
 .text.AHT10_IIC_Ack
                0x08003d30       0x2c CMakeFiles/iot_lab.elf.dir/bsp/bsp_AHT10.c.obj
 .text.read_sda_data
                0x08003d5c       0x10 CMakeFiles/iot_lab.elf.dir/bsp/bsp_AHT10.c.obj
 .text.AHT10_IIC_Wait_Ack
                0x08003d6c       0x40 CMakeFiles/iot_lab.elf.dir/bsp/bsp_AHT10.c.obj
 .text.AHT10_IIC_Read_Byte
                0x08003dac       0x50 CMakeFiles/iot_lab.elf.dir/bsp/bsp_AHT10.c.obj
 .text.AHT10Init
                0x08003dfc       0x2a CMakeFiles/iot_lab.elf.dir/bsp/bsp_AHT10.c.obj
                0x08003dfc                AHT10Init
 .text.AHT10ReadData
                0x08003e26       0xdc CMakeFiles/iot_lab.elf.dir/bsp/bsp_AHT10.c.obj
                0x08003e26                AHT10ReadData
 *fill*         0x08003f02        0x2 
 .text.__errno  0x08003f04        0xc c:/progra~2/gnuarm~1/102021~1.10/bin/../lib/gcc/arm-none-eabi/10.3.1/../../../../arm-none-eabi/lib/thumb/v7e-m/nofp\libg.a(lib_a-errno.o)
                0x08003f04                __errno
 .text.__libc_init_array
                0x08003f10       0x48 c:/progra~2/gnuarm~1/102021~1.10/bin/../lib/gcc/arm-none-eabi/10.3.1/../../../../arm-none-eabi/lib/thumb/v7e-m/nofp\libg.a(lib_a-init.o)
                0x08003f10                __libc_init_array
 .text.memset   0x08003f58       0xa4 c:/progra~2/gnuarm~1/102021~1.10/bin/../lib/gcc/arm-none-eabi/10.3.1/../../../../arm-none-eabi/lib/thumb/v7e-m/nofp\libg.a(lib_a-memset.o)
                0x08003f58                memset
 .text.sprintf  0x08003ffc       0x40 c:/progra~2/gnuarm~1/102021~1.10/bin/../lib/gcc/arm-none-eabi/10.3.1/../../../../arm-none-eabi/lib/thumb/v7e-m/nofp\libg.a(lib_a-sprintf.o)
                0x08003ffc                sprintf
 .text._svfprintf_r
                0x0800403c     0x1a3c c:/progra~2/gnuarm~1/102021~1.10/bin/../lib/gcc/arm-none-eabi/10.3.1/../../../../arm-none-eabi/lib/thumb/v7e-m/nofp\libg.a(lib_a-svfprintf.o)
                0x0800403c                _svfprintf_r
 .text.startup.register_fini
                0x08005a78       0x14 c:/progra~2/gnuarm~1/102021~1.10/bin/../lib/gcc/arm-none-eabi/10.3.1/../../../../arm-none-eabi/lib/thumb/v7e-m/nofp\libg.a(lib_a-__call_atexit.o)
 .text.atexit   0x08005a8c        0xc c:/progra~2/gnuarm~1/102021~1.10/bin/../lib/gcc/arm-none-eabi/10.3.1/../../../../arm-none-eabi/lib/thumb/v7e-m/nofp\libg.a(lib_a-atexit.o)
                0x08005a8c                atexit
 .text.quorem   0x08005a98      0x124 c:/progra~2/gnuarm~1/102021~1.10/bin/../lib/gcc/arm-none-eabi/10.3.1/../../../../arm-none-eabi/lib/thumb/v7e-m/nofp\libg.a(lib_a-dtoa.o)
 *fill*         0x08005bbc        0x4 
 .text._dtoa_r  0x08005bc0      0xec4 c:/progra~2/gnuarm~1/102021~1.10/bin/../lib/gcc/arm-none-eabi/10.3.1/../../../../arm-none-eabi/lib/thumb/v7e-m/nofp\libg.a(lib_a-dtoa.o)
                0x08005bc0                _dtoa_r
 .text.__libc_fini_array
                0x08006a84       0x2c c:/progra~2/gnuarm~1/102021~1.10/bin/../lib/gcc/arm-none-eabi/10.3.1/../../../../arm-none-eabi/lib/thumb/v7e-m/nofp\libg.a(lib_a-fini.o)
                0x08006a84                __libc_fini_array
 .text._malloc_trim_r
                0x08006ab0       0xa0 c:/progra~2/gnuarm~1/102021~1.10/bin/../lib/gcc/arm-none-eabi/10.3.1/../../../../arm-none-eabi/lib/thumb/v7e-m/nofp\libg.a(lib_a-freer.o)
                0x08006ab0                _malloc_trim_r
 .text._free_r  0x08006b50      0x20c c:/progra~2/gnuarm~1/102021~1.10/bin/../lib/gcc/arm-none-eabi/10.3.1/../../../../arm-none-eabi/lib/thumb/v7e-m/nofp\libg.a(lib_a-freer.o)
                0x08006b50                _free_r
 .text._localeconv_r
                0x08006d5c        0x8 c:/progra~2/gnuarm~1/102021~1.10/bin/../lib/gcc/arm-none-eabi/10.3.1/../../../../arm-none-eabi/lib/thumb/v7e-m/nofp\libg.a(lib_a-localeconv.o)
                0x08006d5c                _localeconv_r
 .text.__retarget_lock_init_recursive
                0x08006d64        0x4 c:/progra~2/gnuarm~1/102021~1.10/bin/../lib/gcc/arm-none-eabi/10.3.1/../../../../arm-none-eabi/lib/thumb/v7e-m/nofp\libg.a(lib_a-lock.o)
                0x08006d64                __retarget_lock_init_recursive
 .text.__retarget_lock_close_recursive
                0x08006d68        0x4 c:/progra~2/gnuarm~1/102021~1.10/bin/../lib/gcc/arm-none-eabi/10.3.1/../../../../arm-none-eabi/lib/thumb/v7e-m/nofp\libg.a(lib_a-lock.o)
                0x08006d68                __retarget_lock_close_recursive
 .text.__retarget_lock_acquire_recursive
                0x08006d6c        0x4 c:/progra~2/gnuarm~1/102021~1.10/bin/../lib/gcc/arm-none-eabi/10.3.1/../../../../arm-none-eabi/lib/thumb/v7e-m/nofp\libg.a(lib_a-lock.o)
                0x08006d6c                __retarget_lock_acquire_recursive
 .text.__retarget_lock_release_recursive
                0x08006d70        0x4 c:/progra~2/gnuarm~1/102021~1.10/bin/../lib/gcc/arm-none-eabi/10.3.1/../../../../arm-none-eabi/lib/thumb/v7e-m/nofp\libg.a(lib_a-lock.o)
                0x08006d70                __retarget_lock_release_recursive
 .text._malloc_r
                0x08006d74      0x560 c:/progra~2/gnuarm~1/102021~1.10/bin/../lib/gcc/arm-none-eabi/10.3.1/../../../../arm-none-eabi/lib/thumb/v7e-m/nofp\libg.a(lib_a-mallocr.o)
                0x08006d74                _malloc_r
 .text.__malloc_lock
                0x080072d4        0xc c:/progra~2/gnuarm~1/102021~1.10/bin/../lib/gcc/arm-none-eabi/10.3.1/../../../../arm-none-eabi/lib/thumb/v7e-m/nofp\libg.a(lib_a-mlock.o)
                0x080072d4                __malloc_lock
 .text.__malloc_unlock
                0x080072e0        0xc c:/progra~2/gnuarm~1/102021~1.10/bin/../lib/gcc/arm-none-eabi/10.3.1/../../../../arm-none-eabi/lib/thumb/v7e-m/nofp\libg.a(lib_a-mlock.o)
                0x080072e0                __malloc_unlock
 .text._Balloc  0x080072ec       0x4c c:/progra~2/gnuarm~1/102021~1.10/bin/../lib/gcc/arm-none-eabi/10.3.1/../../../../arm-none-eabi/lib/thumb/v7e-m/nofp\libg.a(lib_a-mprec.o)
                0x080072ec                _Balloc
 .text._Bfree   0x08007338       0x14 c:/progra~2/gnuarm~1/102021~1.10/bin/../lib/gcc/arm-none-eabi/10.3.1/../../../../arm-none-eabi/lib/thumb/v7e-m/nofp\libg.a(lib_a-mprec.o)
                0x08007338                _Bfree
 .text.__multadd
                0x0800734c       0xa0 c:/progra~2/gnuarm~1/102021~1.10/bin/../lib/gcc/arm-none-eabi/10.3.1/../../../../arm-none-eabi/lib/thumb/v7e-m/nofp\libg.a(lib_a-mprec.o)
                0x0800734c                __multadd
 .text.__hi0bits
                0x080073ec       0x40 c:/progra~2/gnuarm~1/102021~1.10/bin/../lib/gcc/arm-none-eabi/10.3.1/../../../../arm-none-eabi/lib/thumb/v7e-m/nofp\libg.a(lib_a-mprec.o)
                0x080073ec                __hi0bits
 .text.__lo0bits
                0x0800742c       0x5c c:/progra~2/gnuarm~1/102021~1.10/bin/../lib/gcc/arm-none-eabi/10.3.1/../../../../arm-none-eabi/lib/thumb/v7e-m/nofp\libg.a(lib_a-mprec.o)
                0x0800742c                __lo0bits
 .text.__i2b    0x08007488       0x5c c:/progra~2/gnuarm~1/102021~1.10/bin/../lib/gcc/arm-none-eabi/10.3.1/../../../../arm-none-eabi/lib/thumb/v7e-m/nofp\libg.a(lib_a-mprec.o)
                0x08007488                __i2b
 .text.__multiply
                0x080074e4      0x15c c:/progra~2/gnuarm~1/102021~1.10/bin/../lib/gcc/arm-none-eabi/10.3.1/../../../../arm-none-eabi/lib/thumb/v7e-m/nofp\libg.a(lib_a-mprec.o)
                0x080074e4                __multiply
 .text.__pow5mult
                0x08007640       0xc0 c:/progra~2/gnuarm~1/102021~1.10/bin/../lib/gcc/arm-none-eabi/10.3.1/../../../../arm-none-eabi/lib/thumb/v7e-m/nofp\libg.a(lib_a-mprec.o)
                0x08007640                __pow5mult
 .text.__lshift
                0x08007700       0xf0 c:/progra~2/gnuarm~1/102021~1.10/bin/../lib/gcc/arm-none-eabi/10.3.1/../../../../arm-none-eabi/lib/thumb/v7e-m/nofp\libg.a(lib_a-mprec.o)
                0x08007700                __lshift
 .text.__mcmp   0x080077f0       0x40 c:/progra~2/gnuarm~1/102021~1.10/bin/../lib/gcc/arm-none-eabi/10.3.1/../../../../arm-none-eabi/lib/thumb/v7e-m/nofp\libg.a(lib_a-mprec.o)
                0x080077f0                __mcmp
 .text.__mdiff  0x08007830      0x14c c:/progra~2/gnuarm~1/102021~1.10/bin/../lib/gcc/arm-none-eabi/10.3.1/../../../../arm-none-eabi/lib/thumb/v7e-m/nofp\libg.a(lib_a-mprec.o)
                0x08007830                __mdiff
 .text.__d2b    0x0800797c       0xc4 c:/progra~2/gnuarm~1/102021~1.10/bin/../lib/gcc/arm-none-eabi/10.3.1/../../../../arm-none-eabi/lib/thumb/v7e-m/nofp\libg.a(lib_a-mprec.o)
                0x0800797c                __d2b
 .text.frexp    0x08007a40       0x70 c:/progra~2/gnuarm~1/102021~1.10/bin/../lib/gcc/arm-none-eabi/10.3.1/../../../../arm-none-eabi/lib/thumb/v7e-m/nofp\libg.a(lib_a-s_frexp.o)
                0x08007a40                frexp
 .text._sbrk_r  0x08007ab0       0x24 c:/progra~2/gnuarm~1/102021~1.10/bin/../lib/gcc/arm-none-eabi/10.3.1/../../../../arm-none-eabi/lib/thumb/v7e-m/nofp\libg.a(lib_a-sbrkr.o)
                0x08007ab0                _sbrk_r
 .text.strncpy  0x08007ad4       0x64 c:/progra~2/gnuarm~1/102021~1.10/bin/../lib/gcc/arm-none-eabi/10.3.1/../../../../arm-none-eabi/lib/thumb/v7e-m/nofp\libg.a(lib_a-strncpy.o)
                0x08007ad4                strncpy
 .text.__ssprint_r
                0x08007b38       0xf8 c:/progra~2/gnuarm~1/102021~1.10/bin/../lib/gcc/arm-none-eabi/10.3.1/../../../../arm-none-eabi/lib/thumb/v7e-m/nofp\libg.a(lib_a-svfiprintf.o)
                0x08007b38                __ssprint_r
 .text.__register_exitproc
                0x08007c30       0x8c c:/progra~2/gnuarm~1/102021~1.10/bin/../lib/gcc/arm-none-eabi/10.3.1/../../../../arm-none-eabi/lib/thumb/v7e-m/nofp\libg.a(lib_a-__atexit.o)
                0x08007c30                __register_exitproc
 .text.__assert_func
                0x08007cbc       0x40 c:/progra~2/gnuarm~1/102021~1.10/bin/../lib/gcc/arm-none-eabi/10.3.1/../../../../arm-none-eabi/lib/thumb/v7e-m/nofp\libg.a(lib_a-assert.o)
                0x08007cbc                __assert_func
 .text._calloc_r
                0x08007cfc       0x78 c:/progra~2/gnuarm~1/102021~1.10/bin/../lib/gcc/arm-none-eabi/10.3.1/../../../../arm-none-eabi/lib/thumb/v7e-m/nofp\libg.a(lib_a-callocr.o)
                0x08007cfc                _calloc_r
 .text.fiprintf
                0x08007d74       0x28 c:/progra~2/gnuarm~1/102021~1.10/bin/../lib/gcc/arm-none-eabi/10.3.1/../../../../arm-none-eabi/lib/thumb/v7e-m/nofp\libg.a(lib_a-fiprintf.o)
                0x08007d74                fiprintf
 .text.__locale_mb_cur_max
                0x08007d9c        0xc c:/progra~2/gnuarm~1/102021~1.10/bin/../lib/gcc/arm-none-eabi/10.3.1/../../../../arm-none-eabi/lib/thumb/v7e-m/nofp\libg.a(lib_a-locale.o)
                0x08007d9c                __locale_mb_cur_max
 .text.__ascii_mbtowc
                0x08007da8       0x2c c:/progra~2/gnuarm~1/102021~1.10/bin/../lib/gcc/arm-none-eabi/10.3.1/../../../../arm-none-eabi/lib/thumb/v7e-m/nofp\libg.a(lib_a-mbtowc_r.o)
                0x08007da8                __ascii_mbtowc
 .text.memmove  0x08007dd4       0xf8 c:/progra~2/gnuarm~1/102021~1.10/bin/../lib/gcc/arm-none-eabi/10.3.1/../../../../arm-none-eabi/lib/thumb/v7e-m/nofp\libg.a(lib_a-memmove.o)
                0x08007dd4                memmove
 .text._realloc_r
                0x08007ecc      0x3d8 c:/progra~2/gnuarm~1/102021~1.10/bin/../lib/gcc/arm-none-eabi/10.3.1/../../../../arm-none-eabi/lib/thumb/v7e-m/nofp\libg.a(lib_a-reallocr.o)
                0x08007ecc                _realloc_r
 .text.__sprint_r.part.0
                0x080082a4       0x78 c:/progra~2/gnuarm~1/102021~1.10/bin/../lib/gcc/arm-none-eabi/10.3.1/../../../../arm-none-eabi/lib/thumb/v7e-m/nofp\libg.a(lib_a-vfiprintf.o)
 .text._vfiprintf_r
                0x0800831c      0xda0 c:/progra~2/gnuarm~1/102021~1.10/bin/../lib/gcc/arm-none-eabi/10.3.1/../../../../arm-none-eabi/lib/thumb/v7e-m/nofp\libg.a(lib_a-vfiprintf.o)
                0x0800831c                _vfiprintf_r
 .text.__sbprintf
                0x080090bc       0x80 c:/progra~2/gnuarm~1/102021~1.10/bin/../lib/gcc/arm-none-eabi/10.3.1/../../../../arm-none-eabi/lib/thumb/v7e-m/nofp\libg.a(lib_a-vfiprintf.o)
 .text.__ascii_wctomb
                0x0800913c       0x1c c:/progra~2/gnuarm~1/102021~1.10/bin/../lib/gcc/arm-none-eabi/10.3.1/../../../../arm-none-eabi/lib/thumb/v7e-m/nofp\libg.a(lib_a-wctomb_r.o)
                0x0800913c                __ascii_wctomb
 .text.__swsetup_r
                0x08009158       0xd4 c:/progra~2/gnuarm~1/102021~1.10/bin/../lib/gcc/arm-none-eabi/10.3.1/../../../../arm-none-eabi/lib/thumb/v7e-m/nofp\libg.a(lib_a-wsetup.o)
                0x08009158                __swsetup_r
 .text.abort    0x0800922c       0x10 c:/progra~2/gnuarm~1/102021~1.10/bin/../lib/gcc/arm-none-eabi/10.3.1/../../../../arm-none-eabi/lib/thumb/v7e-m/nofp\libg.a(lib_a-abort.o)
                0x0800922c                abort
 .text.__sflush_r
                0x0800923c      0x120 c:/progra~2/gnuarm~1/102021~1.10/bin/../lib/gcc/arm-none-eabi/10.3.1/../../../../arm-none-eabi/lib/thumb/v7e-m/nofp\libg.a(lib_a-fflush.o)
                0x0800923c                __sflush_r
 .text._fflush_r
                0x0800935c       0x5c c:/progra~2/gnuarm~1/102021~1.10/bin/../lib/gcc/arm-none-eabi/10.3.1/../../../../arm-none-eabi/lib/thumb/v7e-m/nofp\libg.a(lib_a-fflush.o)
                0x0800935c                _fflush_r
 .text._cleanup_r
                0x080093b8        0xc c:/progra~2/gnuarm~1/102021~1.10/bin/../lib/gcc/arm-none-eabi/10.3.1/../../../../arm-none-eabi/lib/thumb/v7e-m/nofp\libg.a(lib_a-findfp.o)
                0x080093b8                _cleanup_r
 .text.__sinit  0x080093c4      0x10c c:/progra~2/gnuarm~1/102021~1.10/bin/../lib/gcc/arm-none-eabi/10.3.1/../../../../arm-none-eabi/lib/thumb/v7e-m/nofp\libg.a(lib_a-findfp.o)
                0x080093c4                __sinit
 .text.__sfp_lock_acquire
                0x080094d0        0xc c:/progra~2/gnuarm~1/102021~1.10/bin/../lib/gcc/arm-none-eabi/10.3.1/../../../../arm-none-eabi/lib/thumb/v7e-m/nofp\libg.a(lib_a-findfp.o)
                0x080094d0                __sfp_lock_acquire
 .text.__sfp_lock_release
                0x080094dc        0xc c:/progra~2/gnuarm~1/102021~1.10/bin/../lib/gcc/arm-none-eabi/10.3.1/../../../../arm-none-eabi/lib/thumb/v7e-m/nofp\libg.a(lib_a-findfp.o)
                0x080094dc                __sfp_lock_release
 .text.__fputwc
                0x080094e8       0xa8 c:/progra~2/gnuarm~1/102021~1.10/bin/../lib/gcc/arm-none-eabi/10.3.1/../../../../arm-none-eabi/lib/thumb/v7e-m/nofp\libg.a(lib_a-fputwc.o)
                0x080094e8                __fputwc
 .text._fputwc_r
                0x08009590       0x68 c:/progra~2/gnuarm~1/102021~1.10/bin/../lib/gcc/arm-none-eabi/10.3.1/../../../../arm-none-eabi/lib/thumb/v7e-m/nofp\libg.a(lib_a-fputwc.o)
                0x08009590                _fputwc_r
 .text.__sfvwrite_r
                0x080095f8      0x2e8 c:/progra~2/gnuarm~1/102021~1.10/bin/../lib/gcc/arm-none-eabi/10.3.1/../../../../arm-none-eabi/lib/thumb/v7e-m/nofp\libg.a(lib_a-fvwrite.o)
                0x080095f8                __sfvwrite_r
 .text._fwalk_reent
                0x080098e0       0x48 c:/progra~2/gnuarm~1/102021~1.10/bin/../lib/gcc/arm-none-eabi/10.3.1/../../../../arm-none-eabi/lib/thumb/v7e-m/nofp\libg.a(lib_a-fwalk.o)
                0x080098e0                _fwalk_reent
 .text.__smakebuf_r
                0x08009928       0xe0 c:/progra~2/gnuarm~1/102021~1.10/bin/../lib/gcc/arm-none-eabi/10.3.1/../../../../arm-none-eabi/lib/thumb/v7e-m/nofp\libg.a(lib_a-makebuf.o)
                0x08009928                __smakebuf_r
 .text.raise    0x08009a08       0x5c c:/progra~2/gnuarm~1/102021~1.10/bin/../lib/gcc/arm-none-eabi/10.3.1/../../../../arm-none-eabi/lib/thumb/v7e-m/nofp\libg.a(lib_a-signal.o)
                0x08009a08                raise
 .text._kill_r  0x08009a64       0x2c c:/progra~2/gnuarm~1/102021~1.10/bin/../lib/gcc/arm-none-eabi/10.3.1/../../../../arm-none-eabi/lib/thumb/v7e-m/nofp\libg.a(lib_a-signalr.o)
                0x08009a64                _kill_r
 .text._getpid_r
                0x08009a90        0x4 c:/progra~2/gnuarm~1/102021~1.10/bin/../lib/gcc/arm-none-eabi/10.3.1/../../../../arm-none-eabi/lib/thumb/v7e-m/nofp\libg.a(lib_a-signalr.o)
                0x08009a90                _getpid_r
 .text.__sread  0x08009a94       0x24 c:/progra~2/gnuarm~1/102021~1.10/bin/../lib/gcc/arm-none-eabi/10.3.1/../../../../arm-none-eabi/lib/thumb/v7e-m/nofp\libg.a(lib_a-stdio.o)
                0x08009a94                __sread
 .text.__swrite
                0x08009ab8       0x40 c:/progra~2/gnuarm~1/102021~1.10/bin/../lib/gcc/arm-none-eabi/10.3.1/../../../../arm-none-eabi/lib/thumb/v7e-m/nofp\libg.a(lib_a-stdio.o)
                0x08009ab8                __swrite
 .text.__sseek  0x08009af8       0x20 c:/progra~2/gnuarm~1/102021~1.10/bin/../lib/gcc/arm-none-eabi/10.3.1/../../../../arm-none-eabi/lib/thumb/v7e-m/nofp\libg.a(lib_a-stdio.o)
                0x08009af8                __sseek
 .text.__sclose
                0x08009b18        0x8 c:/progra~2/gnuarm~1/102021~1.10/bin/../lib/gcc/arm-none-eabi/10.3.1/../../../../arm-none-eabi/lib/thumb/v7e-m/nofp\libg.a(lib_a-stdio.o)
                0x08009b18                __sclose
 .text.__swbuf_r
                0x08009b20       0xb0 c:/progra~2/gnuarm~1/102021~1.10/bin/../lib/gcc/arm-none-eabi/10.3.1/../../../../arm-none-eabi/lib/thumb/v7e-m/nofp\libg.a(lib_a-wbuf.o)
                0x08009b20                __swbuf_r
 .text._wcrtomb_r
                0x08009bd0       0x3c c:/progra~2/gnuarm~1/102021~1.10/bin/../lib/gcc/arm-none-eabi/10.3.1/../../../../arm-none-eabi/lib/thumb/v7e-m/nofp\libg.a(lib_a-wcrtomb.o)
                0x08009bd0                _wcrtomb_r
 .text._write_r
                0x08009c0c       0x2c c:/progra~2/gnuarm~1/102021~1.10/bin/../lib/gcc/arm-none-eabi/10.3.1/../../../../arm-none-eabi/lib/thumb/v7e-m/nofp\libg.a(lib_a-writer.o)
                0x08009c0c                _write_r
 .text._close_r
                0x08009c38       0x24 c:/progra~2/gnuarm~1/102021~1.10/bin/../lib/gcc/arm-none-eabi/10.3.1/../../../../arm-none-eabi/lib/thumb/v7e-m/nofp\libg.a(lib_a-closer.o)
                0x08009c38                _close_r
 .text._fclose_r
                0x08009c5c       0xcc c:/progra~2/gnuarm~1/102021~1.10/bin/../lib/gcc/arm-none-eabi/10.3.1/../../../../arm-none-eabi/lib/thumb/v7e-m/nofp\libg.a(lib_a-fclose.o)
                0x08009c5c                _fclose_r
 .text._fstat_r
                0x08009d28       0x2c c:/progra~2/gnuarm~1/102021~1.10/bin/../lib/gcc/arm-none-eabi/10.3.1/../../../../arm-none-eabi/lib/thumb/v7e-m/nofp\libg.a(lib_a-fstatr.o)
                0x08009d28                _fstat_r
 .text._isatty_r
                0x08009d54       0x24 c:/progra~2/gnuarm~1/102021~1.10/bin/../lib/gcc/arm-none-eabi/10.3.1/../../../../arm-none-eabi/lib/thumb/v7e-m/nofp\libg.a(lib_a-isattyr.o)
                0x08009d54                _isatty_r
 .text._lseek_r
                0x08009d78       0x2c c:/progra~2/gnuarm~1/102021~1.10/bin/../lib/gcc/arm-none-eabi/10.3.1/../../../../arm-none-eabi/lib/thumb/v7e-m/nofp\libg.a(lib_a-lseekr.o)
                0x08009d78                _lseek_r
 .text._read_r  0x08009da4       0x2c c:/progra~2/gnuarm~1/102021~1.10/bin/../lib/gcc/arm-none-eabi/10.3.1/../../../../arm-none-eabi/lib/thumb/v7e-m/nofp\libg.a(lib_a-readr.o)
                0x08009da4                _read_r
 *(.glue_7)
 .glue_7        0x08009dd0        0x0 linker stubs
 *(.glue_7t)
 .glue_7t       0x08009dd0        0x0 linker stubs
 *(.eh_frame)
 .eh_frame      0x08009dd0        0x0 c:/progra~2/gnuarm~1/102021~1.10/bin/../lib/gcc/arm-none-eabi/10.3.1/thumb/v7e-m/nofp/crtbegin.o
 *(.init)
 .init          0x08009dd0        0x4 c:/progra~2/gnuarm~1/102021~1.10/bin/../lib/gcc/arm-none-eabi/10.3.1/thumb/v7e-m/nofp/crti.o
                0x08009dd0                _init
 .init          0x08009dd4        0x8 c:/progra~2/gnuarm~1/102021~1.10/bin/../lib/gcc/arm-none-eabi/10.3.1/thumb/v7e-m/nofp/crtn.o
 *(.fini)
 .fini          0x08009ddc        0x4 c:/progra~2/gnuarm~1/102021~1.10/bin/../lib/gcc/arm-none-eabi/10.3.1/thumb/v7e-m/nofp/crti.o
                0x08009ddc                _fini
 .fini          0x08009de0        0x8 c:/progra~2/gnuarm~1/102021~1.10/bin/../lib/gcc/arm-none-eabi/10.3.1/thumb/v7e-m/nofp/crtn.o
                0x08009de8                . = ALIGN (0x4)
                0x08009de8                _etext = .

.vfp11_veneer   0x08009de8        0x0
 .vfp11_veneer  0x08009de8        0x0 linker stubs

.v4_bx          0x08009de8        0x0
 .v4_bx         0x08009de8        0x0 linker stubs

.iplt           0x08009de8        0x0
 .iplt          0x08009de8        0x0 c:/progra~2/gnuarm~1/102021~1.10/bin/../lib/gcc/arm-none-eabi/10.3.1/thumb/v7e-m/nofp/crtbegin.o

.rodata         0x08009de8      0x450
                0x08009de8                . = ALIGN (0x4)
 *(.rodata)
 *(.rodata*)
 .rodata.main.str1.4
                0x08009de8        0xc CMakeFiles/iot_lab.elf.dir/Core/Src/main.c.obj
 .rodata.AHBPrescTable
                0x08009df4       0x10 CMakeFiles/iot_lab.elf.dir/Core/Src/system_stm32l4xx.c.obj
                0x08009df4                AHBPrescTable
 .rodata.APBPrescTable
                0x08009e04        0x8 CMakeFiles/iot_lab.elf.dir/Core/Src/system_stm32l4xx.c.obj
                0x08009e04                APBPrescTable
 .rodata.MSIRangeTable
                0x08009e0c       0x30 CMakeFiles/iot_lab.elf.dir/Core/Src/system_stm32l4xx.c.obj
                0x08009e0c                MSIRangeTable
 .rodata._global_impure_ptr
                0x08009e3c        0x4 c:/progra~2/gnuarm~1/102021~1.10/bin/../lib/gcc/arm-none-eabi/10.3.1/../../../../arm-none-eabi/lib/thumb/v7e-m/nofp\libg.a(lib_a-impure.o)
                0x08009e3c                _global_impure_ptr
 .rodata._svfprintf_r.str1.4
                0x08009e40       0x42 c:/progra~2/gnuarm~1/102021~1.10/bin/../lib/gcc/arm-none-eabi/10.3.1/../../../../arm-none-eabi/lib/thumb/v7e-m/nofp\libg.a(lib_a-svfprintf.o)
 *fill*         0x08009e82        0x2 
 .rodata.blanks.1
                0x08009e84       0x10 c:/progra~2/gnuarm~1/102021~1.10/bin/../lib/gcc/arm-none-eabi/10.3.1/../../../../arm-none-eabi/lib/thumb/v7e-m/nofp\libg.a(lib_a-svfprintf.o)
 .rodata.zeroes.0
                0x08009e94       0x10 c:/progra~2/gnuarm~1/102021~1.10/bin/../lib/gcc/arm-none-eabi/10.3.1/../../../../arm-none-eabi/lib/thumb/v7e-m/nofp\libg.a(lib_a-svfprintf.o)
 .rodata._dtoa_r.str1.4
                0x08009ea4       0xa2 c:/progra~2/gnuarm~1/102021~1.10/bin/../lib/gcc/arm-none-eabi/10.3.1/../../../../arm-none-eabi/lib/thumb/v7e-m/nofp\libg.a(lib_a-dtoa.o)
                                 0xa6 (size before relaxing)
 *fill*         0x08009f46        0x2 
 .rodata.__multadd.str1.4
                0x08009f48       0x7f c:/progra~2/gnuarm~1/102021~1.10/bin/../lib/gcc/arm-none-eabi/10.3.1/../../../../arm-none-eabi/lib/thumb/v7e-m/nofp\libg.a(lib_a-mprec.o)
                                 0x93 (size before relaxing)
 *fill*         0x08009fc7        0x1 
 .rodata.__mprec_bigtens
                0x08009fc8       0x28 c:/progra~2/gnuarm~1/102021~1.10/bin/../lib/gcc/arm-none-eabi/10.3.1/../../../../arm-none-eabi/lib/thumb/v7e-m/nofp\libg.a(lib_a-mprec.o)
                0x08009fc8                __mprec_bigtens
 .rodata.__mprec_tens
                0x08009ff0       0xc8 c:/progra~2/gnuarm~1/102021~1.10/bin/../lib/gcc/arm-none-eabi/10.3.1/../../../../arm-none-eabi/lib/thumb/v7e-m/nofp\libg.a(lib_a-mprec.o)
                0x08009ff0                __mprec_tens
 .rodata.p05.0  0x0800a0b8        0xc c:/progra~2/gnuarm~1/102021~1.10/bin/../lib/gcc/arm-none-eabi/10.3.1/../../../../arm-none-eabi/lib/thumb/v7e-m/nofp\libg.a(lib_a-mprec.o)
 .rodata.__assert_func.str1.4
                0x0800a0c4       0x3f c:/progra~2/gnuarm~1/102021~1.10/bin/../lib/gcc/arm-none-eabi/10.3.1/../../../../arm-none-eabi/lib/thumb/v7e-m/nofp\libg.a(lib_a-assert.o)
                                 0x43 (size before relaxing)
 *fill*         0x0800a103        0x1 
 .rodata._setlocale_r.str1.4
                0x0800a104        0xa c:/progra~2/gnuarm~1/102021~1.10/bin/../lib/gcc/arm-none-eabi/10.3.1/../../../../arm-none-eabi/lib/thumb/v7e-m/nofp\libg.a(lib_a-locale.o)
                                  0xd (size before relaxing)
 *fill*         0x0800a10e        0x2 
 .rodata.str1.4
                0x0800a110        0x2 c:/progra~2/gnuarm~1/102021~1.10/bin/../lib/gcc/arm-none-eabi/10.3.1/../../../../arm-none-eabi/lib/thumb/v7e-m/nofp\libg.a(lib_a-locale.o)
 .rodata._vfiprintf_r.str1.4
                0x0800a112       0x2f c:/progra~2/gnuarm~1/102021~1.10/bin/../lib/gcc/arm-none-eabi/10.3.1/../../../../arm-none-eabi/lib/thumb/v7e-m/nofp\libg.a(lib_a-vfiprintf.o)
 *fill*         0x0800a112        0x2 
 .rodata.blanks.1
                0x0800a114       0x10 c:/progra~2/gnuarm~1/102021~1.10/bin/../lib/gcc/arm-none-eabi/10.3.1/../../../../arm-none-eabi/lib/thumb/v7e-m/nofp\libg.a(lib_a-vfiprintf.o)
 .rodata.zeroes.0
                0x0800a124       0x10 c:/progra~2/gnuarm~1/102021~1.10/bin/../lib/gcc/arm-none-eabi/10.3.1/../../../../arm-none-eabi/lib/thumb/v7e-m/nofp\libg.a(lib_a-vfiprintf.o)
 .rodata._ctype_
                0x0800a134      0x101 c:/progra~2/gnuarm~1/102021~1.10/bin/../lib/gcc/arm-none-eabi/10.3.1/../../../../arm-none-eabi/lib/thumb/v7e-m/nofp\libg.a(lib_a-ctype_.o)
                0x0800a134                _ctype_
                0x0800a238                . = ALIGN (0x4)
 *fill*         0x0800a235        0x3 

.ARM.extab      0x0800a238        0x0
                0x0800a238                . = ALIGN (0x4)
 *(.ARM.extab* .gnu.linkonce.armextab.*)
                0x0800a238                . = ALIGN (0x4)

.ARM            0x0800a238        0x8
                0x0800a238                . = ALIGN (0x4)
                0x0800a238                __exidx_start = .
 *(.ARM.exidx*)
 .ARM.exidx     0x0800a238        0x8 c:/progra~2/gnuarm~1/102021~1.10/bin/../lib/gcc/arm-none-eabi/10.3.1/thumb/v7e-m/nofp\libgcc.a(_udivmoddi4.o)
                0x0800a240                __exidx_end = .
                0x0800a240                . = ALIGN (0x4)

.rel.dyn        0x0800a240        0x0
 .rel.iplt      0x0800a240        0x0 c:/progra~2/gnuarm~1/102021~1.10/bin/../lib/gcc/arm-none-eabi/10.3.1/thumb/v7e-m/nofp/crtbegin.o

.preinit_array  0x0800a240        0x0
                0x0800a240                . = ALIGN (0x4)
                0x0800a240                PROVIDE (__preinit_array_start = .)
 *(.preinit_array*)
                0x0800a240                PROVIDE (__preinit_array_end = .)
                0x0800a240                . = ALIGN (0x4)

.init_array     0x0800a240        0x8
                0x0800a240                . = ALIGN (0x4)
                0x0800a240                PROVIDE (__init_array_start = .)
 *(SORT_BY_NAME(.init_array.*))
 .init_array.00000
                0x0800a240        0x4 c:/progra~2/gnuarm~1/102021~1.10/bin/../lib/gcc/arm-none-eabi/10.3.1/../../../../arm-none-eabi/lib/thumb/v7e-m/nofp\libg.a(lib_a-__call_atexit.o)
 *(.init_array*)
 .init_array    0x0800a244        0x4 c:/progra~2/gnuarm~1/102021~1.10/bin/../lib/gcc/arm-none-eabi/10.3.1/thumb/v7e-m/nofp/crtbegin.o
                0x0800a248                PROVIDE (__init_array_end = .)
                0x0800a248                . = ALIGN (0x4)

.fini_array     0x0800a248        0x4
                0x0800a248                . = ALIGN (0x4)
                0x0800a248                PROVIDE (__fini_array_start = .)
 *(SORT_BY_NAME(.fini_array.*))
 *(.fini_array*)
 .fini_array    0x0800a248        0x4 c:/progra~2/gnuarm~1/102021~1.10/bin/../lib/gcc/arm-none-eabi/10.3.1/thumb/v7e-m/nofp/crtbegin.o
                0x0800a24c                PROVIDE (__fini_array_end = .)
                0x0800a24c                . = ALIGN (0x4)
                0x0800a24c                _sidata = LOADADDR (.data)

.data           0x20000000      0xcc8 load address 0x0800a24c
                0x20000000                . = ALIGN (0x4)
                0x20000000                _sdata = .
 *(.data)
 *(.data*)
 .data.at_close_showback
                0x20000000       0x14 CMakeFiles/iot_lab.elf.dir/Core/Src/main.c.obj
                0x20000000                at_close_showback
 .data.at_open_showback
                0x20000014       0x14 CMakeFiles/iot_lab.elf.dir/Core/Src/main.c.obj
                0x20000014                at_open_showback
 .data.at_restart
                0x20000028       0x14 CMakeFiles/iot_lab.elf.dir/Core/Src/main.c.obj
                0x20000028                at_restart
 .data.at_search_address
                0x2000003c       0x14 CMakeFiles/iot_lab.elf.dir/Core/Src/main.c.obj
                0x2000003c                at_search_address
 .data.at_search_cwmode
                0x20000050       0x14 CMakeFiles/iot_lab.elf.dir/Core/Src/main.c.obj
                0x20000050                at_search_cwmode
 .data.at_search_tmode
                0x20000064       0x14 CMakeFiles/iot_lab.elf.dir/Core/Src/main.c.obj
                0x20000064                at_search_tmode
 .data.at_search_wlrate
                0x20000078       0x14 CMakeFiles/iot_lab.elf.dir/Core/Src/main.c.obj
                0x20000078                at_search_wlrate
 .data.at_set_address_a
                0x2000008c       0x14 CMakeFiles/iot_lab.elf.dir/Core/Src/main.c.obj
                0x2000008c                at_set_address_a
 .data.at_set_address_b
                0x200000a0       0x14 CMakeFiles/iot_lab.elf.dir/Core/Src/main.c.obj
                0x200000a0                at_set_address_b
 .data.at_set_cwmode_lowpower
                0x200000b4       0x14 CMakeFiles/iot_lab.elf.dir/Core/Src/main.c.obj
                0x200000b4                at_set_cwmode_lowpower
 .data.at_set_cwmode_weakup
                0x200000c8       0x14 CMakeFiles/iot_lab.elf.dir/Core/Src/main.c.obj
                0x200000c8                at_set_cwmode_weakup
 .data.at_set_tmode_orientation
                0x200000dc       0x14 CMakeFiles/iot_lab.elf.dir/Core/Src/main.c.obj
                0x200000dc                at_set_tmode_orientation
 .data.at_set_tmode_transparent
                0x200000f0       0x14 CMakeFiles/iot_lab.elf.dir/Core/Src/main.c.obj
                0x200000f0                at_set_tmode_transparent
 .data.at_set_uart_baudrate_115200
                0x20000104       0x14 CMakeFiles/iot_lab.elf.dir/Core/Src/main.c.obj
                0x20000104                at_set_uart_baudrate_115200
 .data.at_set_wlrate_a
                0x20000118       0x1e CMakeFiles/iot_lab.elf.dir/Core/Src/main.c.obj
                0x20000118                at_set_wlrate_a
 *fill*         0x20000136        0x2 
 .data.at_set_wlrate_b
                0x20000138       0x1e CMakeFiles/iot_lab.elf.dir/Core/Src/main.c.obj
                0x20000138                at_set_wlrate_b
 *fill*         0x20000156        0x2 
 .data.at_test  0x20000158       0x14 CMakeFiles/iot_lab.elf.dir/Core/Src/main.c.obj
                0x20000158                at_test
 .data.choose_board
                0x2000016c       0x64 CMakeFiles/iot_lab.elf.dir/Core/Src/main.c.obj
                0x2000016c                choose_board
 .data.choose_mode
                0x200001d0       0x64 CMakeFiles/iot_lab.elf.dir/Core/Src/main.c.obj
                0x200001d0                choose_mode
 .data.choose_work
                0x20000234       0x96 CMakeFiles/iot_lab.elf.dir/Core/Src/main.c.obj
                0x20000234                choose_work
 *fill*         0x200002ca        0x2 
 .data.error    0x200002cc       0x1e CMakeFiles/iot_lab.elf.dir/Core/Src/main.c.obj
                0x200002cc                error
 *fill*         0x200002ea        0x2 
 .data.low_power
                0x200002ec       0x1e CMakeFiles/iot_lab.elf.dir/Core/Src/main.c.obj
                0x200002ec                low_power
 *fill*         0x2000030a        0x2 
 .data.SystemCoreClock
                0x2000030c        0x4 CMakeFiles/iot_lab.elf.dir/Core/Src/system_stm32l4xx.c.obj
                0x2000030c                SystemCoreClock
 .data.uwTickFreq
                0x20000310        0x1 CMakeFiles/iot_lab.elf.dir/Drivers/STM32L4xx_HAL_Driver/Src/stm32l4xx_hal.c.obj
                0x20000310                uwTickFreq
 *fill*         0x20000311        0x3 
 .data.uwTickPrio
                0x20000314        0x4 CMakeFiles/iot_lab.elf.dir/Drivers/STM32L4xx_HAL_Driver/Src/stm32l4xx_hal.c.obj
                0x20000314                uwTickPrio
 .data._impure_ptr
                0x20000318        0x4 c:/progra~2/gnuarm~1/102021~1.10/bin/../lib/gcc/arm-none-eabi/10.3.1/../../../../arm-none-eabi/lib/thumb/v7e-m/nofp\libg.a(lib_a-impure.o)
                0x20000318                _impure_ptr
 *fill*         0x2000031c        0x4 
 .data.impure_data
                0x20000320      0x428 c:/progra~2/gnuarm~1/102021~1.10/bin/../lib/gcc/arm-none-eabi/10.3.1/../../../../arm-none-eabi/lib/thumb/v7e-m/nofp\libg.a(lib_a-impure.o)
 .data.__atexit_recursive_mutex
                0x20000748        0x4 c:/progra~2/gnuarm~1/102021~1.10/bin/../lib/gcc/arm-none-eabi/10.3.1/../../../../arm-none-eabi/lib/thumb/v7e-m/nofp\libg.a(lib_a-__call_atexit.o)
                0x20000748                __atexit_recursive_mutex
 .data.__malloc_av_
                0x2000074c      0x408 c:/progra~2/gnuarm~1/102021~1.10/bin/../lib/gcc/arm-none-eabi/10.3.1/../../../../arm-none-eabi/lib/thumb/v7e-m/nofp\libg.a(lib_a-mallocr.o)
                0x2000074c                __malloc_av_
 .data.__malloc_sbrk_base
                0x20000b54        0x4 c:/progra~2/gnuarm~1/102021~1.10/bin/../lib/gcc/arm-none-eabi/10.3.1/../../../../arm-none-eabi/lib/thumb/v7e-m/nofp\libg.a(lib_a-mallocr.o)
                0x20000b54                __malloc_sbrk_base
 .data.__malloc_trim_threshold
                0x20000b58        0x4 c:/progra~2/gnuarm~1/102021~1.10/bin/../lib/gcc/arm-none-eabi/10.3.1/../../../../arm-none-eabi/lib/thumb/v7e-m/nofp\libg.a(lib_a-mallocr.o)
                0x20000b58                __malloc_trim_threshold
 .data.__global_locale
                0x20000b5c      0x16c c:/progra~2/gnuarm~1/102021~1.10/bin/../lib/gcc/arm-none-eabi/10.3.1/../../../../arm-none-eabi/lib/thumb/v7e-m/nofp\libg.a(lib_a-locale.o)
                0x20000b5c                __global_locale
 *(.RamFunc)
 *(.RamFunc*)
                0x20000cc8                . = ALIGN (0x4)
                0x20000cc8                _edata = .

.igot.plt       0x20000cc8        0x0 load address 0x0800af14
 .igot.plt      0x20000cc8        0x0 c:/progra~2/gnuarm~1/102021~1.10/bin/../lib/gcc/arm-none-eabi/10.3.1/thumb/v7e-m/nofp/crtbegin.o
                0x20000cc8                . = ALIGN (0x4)

.bss            0x20000cc8      0x38c load address 0x0800af14
                0x20000cc8                _sbss = .
                0x20000cc8                __bss_start__ = _sbss
 *(.bss)
 .bss           0x20000cc8       0x1c c:/progra~2/gnuarm~1/102021~1.10/bin/../lib/gcc/arm-none-eabi/10.3.1/thumb/v7e-m/nofp/crtbegin.o
 *(.bss*)
 .bss.config_ab
                0x20000ce4        0x1 CMakeFiles/iot_lab.elf.dir/Core/Src/main.c.obj
                0x20000ce4                config_ab
 .bss.config_flag
                0x20000ce5        0x1 CMakeFiles/iot_lab.elf.dir/Core/Src/main.c.obj
                0x20000ce5                config_flag
 .bss.humidity  0x20000ce6        0x2 CMakeFiles/iot_lab.elf.dir/Core/Src/main.c.obj
                0x20000ce6                humidity
 .bss.rx1_buffer
                0x20000ce8      0x100 CMakeFiles/iot_lab.elf.dir/Core/Src/main.c.obj
                0x20000ce8                rx1_buffer
 .bss.rx2_buffer
                0x20000de8      0x100 CMakeFiles/iot_lab.elf.dir/Core/Src/main.c.obj
                0x20000de8                rx2_buffer
 .bss.temperature
                0x20000ee8        0x2 CMakeFiles/iot_lab.elf.dir/Core/Src/main.c.obj
                0x20000ee8                temperature
 .bss.trans_mode
                0x20000eea        0x1 CMakeFiles/iot_lab.elf.dir/Core/Src/main.c.obj
                0x20000eea                trans_mode
 .bss.weak_up   0x20000eeb        0x1 CMakeFiles/iot_lab.elf.dir/Core/Src/main.c.obj
                0x20000eeb                weak_up
 .bss.rx1_count
                0x20000eec        0x4 CMakeFiles/iot_lab.elf.dir/Core/Src/stm32l4xx_it.c.obj
                0x20000eec                rx1_count
 .bss.rx2_count
                0x20000ef0        0x4 CMakeFiles/iot_lab.elf.dir/Core/Src/stm32l4xx_it.c.obj
                0x20000ef0                rx2_count
 .bss.__sbrk_heap_end
                0x20000ef4        0x4 CMakeFiles/iot_lab.elf.dir/Core/Src/sysmem.c.obj
 .bss.huart1    0x20000ef8       0x88 CMakeFiles/iot_lab.elf.dir/Core/Src/usart.c.obj
                0x20000ef8                huart1
 .bss.huart2    0x20000f80       0x88 CMakeFiles/iot_lab.elf.dir/Core/Src/usart.c.obj
                0x20000f80                huart2
 .bss.uwTick    0x20001008        0x4 CMakeFiles/iot_lab.elf.dir/Drivers/STM32L4xx_HAL_Driver/Src/stm32l4xx_hal.c.obj
                0x20001008                uwTick
 .bss.__lock___atexit_recursive_mutex
                0x2000100c        0x1 c:/progra~2/gnuarm~1/102021~1.10/bin/../lib/gcc/arm-none-eabi/10.3.1/../../../../arm-none-eabi/lib/thumb/v7e-m/nofp\libg.a(lib_a-lock.o)
                0x2000100c                __lock___atexit_recursive_mutex
 *fill*         0x2000100d        0x3 
 .bss.__lock___malloc_recursive_mutex
                0x20001010        0x1 c:/progra~2/gnuarm~1/102021~1.10/bin/../lib/gcc/arm-none-eabi/10.3.1/../../../../arm-none-eabi/lib/thumb/v7e-m/nofp\libg.a(lib_a-lock.o)
                0x20001010                __lock___malloc_recursive_mutex
 *fill*         0x20001011        0x3 
 .bss.__lock___sfp_recursive_mutex
                0x20001014        0x1 c:/progra~2/gnuarm~1/102021~1.10/bin/../lib/gcc/arm-none-eabi/10.3.1/../../../../arm-none-eabi/lib/thumb/v7e-m/nofp\libg.a(lib_a-lock.o)
                0x20001014                __lock___sfp_recursive_mutex
 *fill*         0x20001015        0x3 
 .bss.__lock___sinit_recursive_mutex
                0x20001018        0x1 c:/progra~2/gnuarm~1/102021~1.10/bin/../lib/gcc/arm-none-eabi/10.3.1/../../../../arm-none-eabi/lib/thumb/v7e-m/nofp\libg.a(lib_a-lock.o)
                0x20001018                __lock___sinit_recursive_mutex
 *fill*         0x20001019        0x3 
 .bss.__malloc_current_mallinfo
                0x2000101c       0x28 c:/progra~2/gnuarm~1/102021~1.10/bin/../lib/gcc/arm-none-eabi/10.3.1/../../../../arm-none-eabi/lib/thumb/v7e-m/nofp\libg.a(lib_a-mallocr.o)
                0x2000101c                __malloc_current_mallinfo
 .bss.__malloc_max_sbrked_mem
                0x20001044        0x4 c:/progra~2/gnuarm~1/102021~1.10/bin/../lib/gcc/arm-none-eabi/10.3.1/../../../../arm-none-eabi/lib/thumb/v7e-m/nofp\libg.a(lib_a-mallocr.o)
                0x20001044                __malloc_max_sbrked_mem
 .bss.__malloc_max_total_mem
                0x20001048        0x4 c:/progra~2/gnuarm~1/102021~1.10/bin/../lib/gcc/arm-none-eabi/10.3.1/../../../../arm-none-eabi/lib/thumb/v7e-m/nofp\libg.a(lib_a-mallocr.o)
                0x20001048                __malloc_max_total_mem
 .bss.__malloc_top_pad
                0x2000104c        0x4 c:/progra~2/gnuarm~1/102021~1.10/bin/../lib/gcc/arm-none-eabi/10.3.1/../../../../arm-none-eabi/lib/thumb/v7e-m/nofp\libg.a(lib_a-mallocr.o)
                0x2000104c                __malloc_top_pad
 .bss.errno     0x20001050        0x4 c:/progra~2/gnuarm~1/102021~1.10/bin/../lib/gcc/arm-none-eabi/10.3.1/../../../../arm-none-eabi/lib/thumb/v7e-m/nofp\libg.a(lib_a-reent.o)
                0x20001050                errno
 *(COMMON)
                0x20001054                . = ALIGN (0x4)
                0x20001054                _ebss = .
                0x20001054                __bss_end__ = _ebss

._user_heap_stack
                0x20001054      0x604 load address 0x0800af14
                0x20001058                . = ALIGN (0x8)
 *fill*         0x20001054        0x4 
                [!provide]                PROVIDE (end = .)
                0x20001058                PROVIDE (_end = .)
                0x20001258                . = (. + _Min_Heap_Size)
 *fill*         0x20001058      0x200 
                0x20001658                . = (. + _Min_Stack_Size)
 *fill*         0x20001258      0x400 
                0x20001658                . = ALIGN (0x8)

/DISCARD/
 libc.a(*)
 libm.a(*)
 libgcc.a(*)

.ARM.attributes
                0x00000000       0x2a
 *(.ARM.attributes)
 .ARM.attributes
                0x00000000       0x1e c:/progra~2/gnuarm~1/102021~1.10/bin/../lib/gcc/arm-none-eabi/10.3.1/thumb/v7e-m/nofp/crti.o
 .ARM.attributes
                0x0000001e       0x2e c:/progra~2/gnuarm~1/102021~1.10/bin/../lib/gcc/arm-none-eabi/10.3.1/thumb/v7e-m/nofp/crtbegin.o
 .ARM.attributes
                0x0000004c       0x2e CMakeFiles/iot_lab.elf.dir/Core/Src/gpio.c.obj
 .ARM.attributes
                0x0000007a       0x2e CMakeFiles/iot_lab.elf.dir/Core/Src/main.c.obj
 .ARM.attributes
                0x000000a8       0x2e CMakeFiles/iot_lab.elf.dir/Core/Src/stm32l4xx_hal_msp.c.obj
 .ARM.attributes
                0x000000d6       0x2e CMakeFiles/iot_lab.elf.dir/Core/Src/stm32l4xx_it.c.obj
 .ARM.attributes
                0x00000104       0x2e CMakeFiles/iot_lab.elf.dir/Core/Src/syscalls.c.obj
 .ARM.attributes
                0x00000132       0x2e CMakeFiles/iot_lab.elf.dir/Core/Src/sysmem.c.obj
 .ARM.attributes
                0x00000160       0x2e CMakeFiles/iot_lab.elf.dir/Core/Src/system_stm32l4xx.c.obj
 .ARM.attributes
                0x0000018e       0x2e CMakeFiles/iot_lab.elf.dir/Core/Src/usart.c.obj
 .ARM.attributes
                0x000001bc       0x21 CMakeFiles/iot_lab.elf.dir/Core/Startup/startup_stm32l475vetx.s.obj
 .ARM.attributes
                0x000001dd       0x2e CMakeFiles/iot_lab.elf.dir/Drivers/STM32L4xx_HAL_Driver/Src/stm32l4xx_hal.c.obj
 .ARM.attributes
                0x0000020b       0x2e CMakeFiles/iot_lab.elf.dir/Drivers/STM32L4xx_HAL_Driver/Src/stm32l4xx_hal_cortex.c.obj
 .ARM.attributes
                0x00000239       0x2e CMakeFiles/iot_lab.elf.dir/Drivers/STM32L4xx_HAL_Driver/Src/stm32l4xx_hal_gpio.c.obj
 .ARM.attributes
                0x00000267       0x2e CMakeFiles/iot_lab.elf.dir/Drivers/STM32L4xx_HAL_Driver/Src/stm32l4xx_hal_pwr.c.obj
 .ARM.attributes
                0x00000295       0x2e CMakeFiles/iot_lab.elf.dir/Drivers/STM32L4xx_HAL_Driver/Src/stm32l4xx_hal_pwr_ex.c.obj
 .ARM.attributes
                0x000002c3       0x2e CMakeFiles/iot_lab.elf.dir/Drivers/STM32L4xx_HAL_Driver/Src/stm32l4xx_hal_rcc.c.obj
 .ARM.attributes
                0x000002f1       0x2e CMakeFiles/iot_lab.elf.dir/Drivers/STM32L4xx_HAL_Driver/Src/stm32l4xx_hal_rcc_ex.c.obj
 .ARM.attributes
                0x0000031f       0x2e CMakeFiles/iot_lab.elf.dir/Drivers/STM32L4xx_HAL_Driver/Src/stm32l4xx_hal_uart.c.obj
 .ARM.attributes
                0x0000034d       0x2e CMakeFiles/iot_lab.elf.dir/bsp/bsp_AHT10.c.obj
 .ARM.attributes
                0x0000037b       0x1e c:/progra~2/gnuarm~1/102021~1.10/bin/../lib/gcc/arm-none-eabi/10.3.1/thumb/v7e-m/nofp\libgcc.a(_aeabi_uldivmod.o)
 .ARM.attributes
                0x00000399       0x2e c:/progra~2/gnuarm~1/102021~1.10/bin/../lib/gcc/arm-none-eabi/10.3.1/thumb/v7e-m/nofp\libgcc.a(_udivmoddi4.o)
 .ARM.attributes
                0x000003c7       0x1e c:/progra~2/gnuarm~1/102021~1.10/bin/../lib/gcc/arm-none-eabi/10.3.1/thumb/v7e-m/nofp\libgcc.a(_dvmd_tls.o)
 .ARM.attributes
                0x000003e5       0x2e c:/progra~2/gnuarm~1/102021~1.10/bin/../lib/gcc/arm-none-eabi/10.3.1/../../../../arm-none-eabi/lib/thumb/v7e-m/nofp\libg.a(lib_a-errno.o)
 .ARM.attributes
                0x00000413       0x2e c:/progra~2/gnuarm~1/102021~1.10/bin/../lib/gcc/arm-none-eabi/10.3.1/../../../../arm-none-eabi/lib/thumb/v7e-m/nofp\libg.a(lib_a-impure.o)
 .ARM.attributes
                0x00000441       0x2e c:/progra~2/gnuarm~1/102021~1.10/bin/../lib/gcc/arm-none-eabi/10.3.1/../../../../arm-none-eabi/lib/thumb/v7e-m/nofp\libg.a(lib_a-init.o)
 .ARM.attributes
                0x0000046f       0x2e c:/progra~2/gnuarm~1/102021~1.10/bin/../lib/gcc/arm-none-eabi/10.3.1/../../../../arm-none-eabi/lib/thumb/v7e-m/nofp\libg.a(lib_a-memset.o)
 .ARM.attributes
                0x0000049d       0x2e c:/progra~2/gnuarm~1/102021~1.10/bin/../lib/gcc/arm-none-eabi/10.3.1/../../../../arm-none-eabi/lib/thumb/v7e-m/nofp\libg.a(lib_a-sprintf.o)
 .ARM.attributes
                0x000004cb       0x1c c:/progra~2/gnuarm~1/102021~1.10/bin/../lib/gcc/arm-none-eabi/10.3.1/../../../../arm-none-eabi/lib/thumb/v7e-m/nofp\libg.a(lib_a-strlen.o)
 .ARM.attributes
                0x000004e7       0x2e c:/progra~2/gnuarm~1/102021~1.10/bin/../lib/gcc/arm-none-eabi/10.3.1/../../../../arm-none-eabi/lib/thumb/v7e-m/nofp\libg.a(lib_a-svfprintf.o)
 .ARM.attributes
                0x00000515       0x2e c:/progra~2/gnuarm~1/102021~1.10/bin/../lib/gcc/arm-none-eabi/10.3.1/../../../../arm-none-eabi/lib/thumb/v7e-m/nofp\libg.a(lib_a-__call_atexit.o)
 .ARM.attributes
                0x00000543       0x2e c:/progra~2/gnuarm~1/102021~1.10/bin/../lib/gcc/arm-none-eabi/10.3.1/../../../../arm-none-eabi/lib/thumb/v7e-m/nofp\libg.a(lib_a-atexit.o)
 .ARM.attributes
                0x00000571       0x2e c:/progra~2/gnuarm~1/102021~1.10/bin/../lib/gcc/arm-none-eabi/10.3.1/../../../../arm-none-eabi/lib/thumb/v7e-m/nofp\libg.a(lib_a-dtoa.o)
 .ARM.attributes
                0x0000059f       0x2e c:/progra~2/gnuarm~1/102021~1.10/bin/../lib/gcc/arm-none-eabi/10.3.1/../../../../arm-none-eabi/lib/thumb/v7e-m/nofp\libg.a(lib_a-fini.o)
 .ARM.attributes
                0x000005cd       0x2e c:/progra~2/gnuarm~1/102021~1.10/bin/../lib/gcc/arm-none-eabi/10.3.1/../../../../arm-none-eabi/lib/thumb/v7e-m/nofp\libg.a(lib_a-freer.o)
 .ARM.attributes
                0x000005fb       0x2e c:/progra~2/gnuarm~1/102021~1.10/bin/../lib/gcc/arm-none-eabi/10.3.1/../../../../arm-none-eabi/lib/thumb/v7e-m/nofp\libg.a(lib_a-localeconv.o)
 .ARM.attributes
                0x00000629       0x2e c:/progra~2/gnuarm~1/102021~1.10/bin/../lib/gcc/arm-none-eabi/10.3.1/../../../../arm-none-eabi/lib/thumb/v7e-m/nofp\libg.a(lib_a-lock.o)
 .ARM.attributes
                0x00000657       0x2e c:/progra~2/gnuarm~1/102021~1.10/bin/../lib/gcc/arm-none-eabi/10.3.1/../../../../arm-none-eabi/lib/thumb/v7e-m/nofp\libg.a(lib_a-mallocr.o)
 .ARM.attributes
                0x00000685       0x1c c:/progra~2/gnuarm~1/102021~1.10/bin/../lib/gcc/arm-none-eabi/10.3.1/../../../../arm-none-eabi/lib/thumb/v7e-m/nofp\libg.a(lib_a-memchr.o)
 .ARM.attributes
                0x000006a1       0x1c c:/progra~2/gnuarm~1/102021~1.10/bin/../lib/gcc/arm-none-eabi/10.3.1/../../../../arm-none-eabi/lib/thumb/v7e-m/nofp\libg.a(lib_a-memcpy.o)
 .ARM.attributes
                0x000006bd       0x2e c:/progra~2/gnuarm~1/102021~1.10/bin/../lib/gcc/arm-none-eabi/10.3.1/../../../../arm-none-eabi/lib/thumb/v7e-m/nofp\libg.a(lib_a-mlock.o)
 .ARM.attributes
                0x000006eb       0x2e c:/progra~2/gnuarm~1/102021~1.10/bin/../lib/gcc/arm-none-eabi/10.3.1/../../../../arm-none-eabi/lib/thumb/v7e-m/nofp\libg.a(lib_a-mprec.o)
 .ARM.attributes
                0x00000719       0x2e c:/progra~2/gnuarm~1/102021~1.10/bin/../lib/gcc/arm-none-eabi/10.3.1/../../../../arm-none-eabi/lib/thumb/v7e-m/nofp\libg.a(lib_a-s_frexp.o)
 .ARM.attributes
                0x00000747       0x2e c:/progra~2/gnuarm~1/102021~1.10/bin/../lib/gcc/arm-none-eabi/10.3.1/../../../../arm-none-eabi/lib/thumb/v7e-m/nofp\libg.a(lib_a-sbrkr.o)
 .ARM.attributes
                0x00000775       0x2e c:/progra~2/gnuarm~1/102021~1.10/bin/../lib/gcc/arm-none-eabi/10.3.1/../../../../arm-none-eabi/lib/thumb/v7e-m/nofp\libg.a(lib_a-strncpy.o)
 .ARM.attributes
                0x000007a3       0x2e c:/progra~2/gnuarm~1/102021~1.10/bin/../lib/gcc/arm-none-eabi/10.3.1/../../../../arm-none-eabi/lib/thumb/v7e-m/nofp\libg.a(lib_a-svfiprintf.o)
 .ARM.attributes
                0x000007d1       0x2e c:/progra~2/gnuarm~1/102021~1.10/bin/../lib/gcc/arm-none-eabi/10.3.1/../../../../arm-none-eabi/lib/thumb/v7e-m/nofp\libg.a(lib_a-__atexit.o)
 .ARM.attributes
                0x000007ff       0x2e c:/progra~2/gnuarm~1/102021~1.10/bin/../lib/gcc/arm-none-eabi/10.3.1/../../../../arm-none-eabi/lib/thumb/v7e-m/nofp\libg.a(lib_a-assert.o)
 .ARM.attributes
                0x0000082d       0x2e c:/progra~2/gnuarm~1/102021~1.10/bin/../lib/gcc/arm-none-eabi/10.3.1/../../../../arm-none-eabi/lib/thumb/v7e-m/nofp\libg.a(lib_a-callocr.o)
 .ARM.attributes
                0x0000085b       0x2e c:/progra~2/gnuarm~1/102021~1.10/bin/../lib/gcc/arm-none-eabi/10.3.1/../../../../arm-none-eabi/lib/thumb/v7e-m/nofp\libg.a(lib_a-fiprintf.o)
 .ARM.attributes
                0x00000889       0x2e c:/progra~2/gnuarm~1/102021~1.10/bin/../lib/gcc/arm-none-eabi/10.3.1/../../../../arm-none-eabi/lib/thumb/v7e-m/nofp\libg.a(lib_a-locale.o)
 .ARM.attributes
                0x000008b7       0x2e c:/progra~2/gnuarm~1/102021~1.10/bin/../lib/gcc/arm-none-eabi/10.3.1/../../../../arm-none-eabi/lib/thumb/v7e-m/nofp\libg.a(lib_a-mbtowc_r.o)
 .ARM.attributes
                0x000008e5       0x2e c:/progra~2/gnuarm~1/102021~1.10/bin/../lib/gcc/arm-none-eabi/10.3.1/../../../../arm-none-eabi/lib/thumb/v7e-m/nofp\libg.a(lib_a-memmove.o)
 .ARM.attributes
                0x00000913       0x2e c:/progra~2/gnuarm~1/102021~1.10/bin/../lib/gcc/arm-none-eabi/10.3.1/../../../../arm-none-eabi/lib/thumb/v7e-m/nofp\libg.a(lib_a-reallocr.o)
 .ARM.attributes
                0x00000941       0x2e c:/progra~2/gnuarm~1/102021~1.10/bin/../lib/gcc/arm-none-eabi/10.3.1/../../../../arm-none-eabi/lib/thumb/v7e-m/nofp\libg.a(lib_a-reent.o)
 .ARM.attributes
                0x0000096f       0x2e c:/progra~2/gnuarm~1/102021~1.10/bin/../lib/gcc/arm-none-eabi/10.3.1/../../../../arm-none-eabi/lib/thumb/v7e-m/nofp\libg.a(lib_a-vfiprintf.o)
 .ARM.attributes
                0x0000099d       0x2e c:/progra~2/gnuarm~1/102021~1.10/bin/../lib/gcc/arm-none-eabi/10.3.1/../../../../arm-none-eabi/lib/thumb/v7e-m/nofp\libg.a(lib_a-wctomb_r.o)
 .ARM.attributes
                0x000009cb       0x2e c:/progra~2/gnuarm~1/102021~1.10/bin/../lib/gcc/arm-none-eabi/10.3.1/../../../../arm-none-eabi/lib/thumb/v7e-m/nofp\libg.a(lib_a-wsetup.o)
 .ARM.attributes
                0x000009f9       0x2e c:/progra~2/gnuarm~1/102021~1.10/bin/../lib/gcc/arm-none-eabi/10.3.1/../../../../arm-none-eabi/lib/thumb/v7e-m/nofp\libg.a(lib_a-abort.o)
 .ARM.attributes
                0x00000a27       0x2e c:/progra~2/gnuarm~1/102021~1.10/bin/../lib/gcc/arm-none-eabi/10.3.1/../../../../arm-none-eabi/lib/thumb/v7e-m/nofp\libg.a(lib_a-ctype_.o)
 .ARM.attributes
                0x00000a55       0x2e c:/progra~2/gnuarm~1/102021~1.10/bin/../lib/gcc/arm-none-eabi/10.3.1/../../../../arm-none-eabi/lib/thumb/v7e-m/nofp\libg.a(lib_a-fflush.o)
 .ARM.attributes
                0x00000a83       0x2e c:/progra~2/gnuarm~1/102021~1.10/bin/../lib/gcc/arm-none-eabi/10.3.1/../../../../arm-none-eabi/lib/thumb/v7e-m/nofp\libg.a(lib_a-findfp.o)
 .ARM.attributes
                0x00000ab1       0x2e c:/progra~2/gnuarm~1/102021~1.10/bin/../lib/gcc/arm-none-eabi/10.3.1/../../../../arm-none-eabi/lib/thumb/v7e-m/nofp\libg.a(lib_a-fputwc.o)
 .ARM.attributes
                0x00000adf       0x2e c:/progra~2/gnuarm~1/102021~1.10/bin/../lib/gcc/arm-none-eabi/10.3.1/../../../../arm-none-eabi/lib/thumb/v7e-m/nofp\libg.a(lib_a-fvwrite.o)
 .ARM.attributes
                0x00000b0d       0x2e c:/progra~2/gnuarm~1/102021~1.10/bin/../lib/gcc/arm-none-eabi/10.3.1/../../../../arm-none-eabi/lib/thumb/v7e-m/nofp\libg.a(lib_a-fwalk.o)
 .ARM.attributes
                0x00000b3b       0x2e c:/progra~2/gnuarm~1/102021~1.10/bin/../lib/gcc/arm-none-eabi/10.3.1/../../../../arm-none-eabi/lib/thumb/v7e-m/nofp\libg.a(lib_a-makebuf.o)
 .ARM.attributes
                0x00000b69       0x2e c:/progra~2/gnuarm~1/102021~1.10/bin/../lib/gcc/arm-none-eabi/10.3.1/../../../../arm-none-eabi/lib/thumb/v7e-m/nofp\libg.a(lib_a-signal.o)
 .ARM.attributes
                0x00000b97       0x2e c:/progra~2/gnuarm~1/102021~1.10/bin/../lib/gcc/arm-none-eabi/10.3.1/../../../../arm-none-eabi/lib/thumb/v7e-m/nofp\libg.a(lib_a-signalr.o)
 .ARM.attributes
                0x00000bc5       0x2e c:/progra~2/gnuarm~1/102021~1.10/bin/../lib/gcc/arm-none-eabi/10.3.1/../../../../arm-none-eabi/lib/thumb/v7e-m/nofp\libg.a(lib_a-stdio.o)
 .ARM.attributes
                0x00000bf3       0x2e c:/progra~2/gnuarm~1/102021~1.10/bin/../lib/gcc/arm-none-eabi/10.3.1/../../../../arm-none-eabi/lib/thumb/v7e-m/nofp\libg.a(lib_a-wbuf.o)
 .ARM.attributes
                0x00000c21       0x2e c:/progra~2/gnuarm~1/102021~1.10/bin/../lib/gcc/arm-none-eabi/10.3.1/../../../../arm-none-eabi/lib/thumb/v7e-m/nofp\libg.a(lib_a-wcrtomb.o)
 .ARM.attributes
                0x00000c4f       0x2e c:/progra~2/gnuarm~1/102021~1.10/bin/../lib/gcc/arm-none-eabi/10.3.1/../../../../arm-none-eabi/lib/thumb/v7e-m/nofp\libg.a(lib_a-writer.o)
 .ARM.attributes
                0x00000c7d       0x2e c:/progra~2/gnuarm~1/102021~1.10/bin/../lib/gcc/arm-none-eabi/10.3.1/../../../../arm-none-eabi/lib/thumb/v7e-m/nofp\libg.a(lib_a-closer.o)
 .ARM.attributes
                0x00000cab       0x2e c:/progra~2/gnuarm~1/102021~1.10/bin/../lib/gcc/arm-none-eabi/10.3.1/../../../../arm-none-eabi/lib/thumb/v7e-m/nofp\libg.a(lib_a-fclose.o)
 .ARM.attributes
                0x00000cd9       0x2e c:/progra~2/gnuarm~1/102021~1.10/bin/../lib/gcc/arm-none-eabi/10.3.1/../../../../arm-none-eabi/lib/thumb/v7e-m/nofp\libg.a(lib_a-fstatr.o)
 .ARM.attributes
                0x00000d07       0x2e c:/progra~2/gnuarm~1/102021~1.10/bin/../lib/gcc/arm-none-eabi/10.3.1/../../../../arm-none-eabi/lib/thumb/v7e-m/nofp\libg.a(lib_a-isattyr.o)
 .ARM.attributes
                0x00000d35       0x2e c:/progra~2/gnuarm~1/102021~1.10/bin/../lib/gcc/arm-none-eabi/10.3.1/../../../../arm-none-eabi/lib/thumb/v7e-m/nofp\libg.a(lib_a-lseekr.o)
 .ARM.attributes
                0x00000d63       0x2e c:/progra~2/gnuarm~1/102021~1.10/bin/../lib/gcc/arm-none-eabi/10.3.1/../../../../arm-none-eabi/lib/thumb/v7e-m/nofp\libg.a(lib_a-readr.o)
 .ARM.attributes
                0x00000d91       0x1e c:/progra~2/gnuarm~1/102021~1.10/bin/../lib/gcc/arm-none-eabi/10.3.1/thumb/v7e-m/nofp\libgcc.a(_arm_addsubdf3.o)
 .ARM.attributes
                0x00000daf       0x1e c:/progra~2/gnuarm~1/102021~1.10/bin/../lib/gcc/arm-none-eabi/10.3.1/thumb/v7e-m/nofp\libgcc.a(_arm_muldivdf3.o)
 .ARM.attributes
                0x00000dcd       0x1e c:/progra~2/gnuarm~1/102021~1.10/bin/../lib/gcc/arm-none-eabi/10.3.1/thumb/v7e-m/nofp\libgcc.a(_arm_cmpdf2.o)
 .ARM.attributes
                0x00000deb       0x1e c:/progra~2/gnuarm~1/102021~1.10/bin/../lib/gcc/arm-none-eabi/10.3.1/thumb/v7e-m/nofp\libgcc.a(_arm_unorddf2.o)
 .ARM.attributes
                0x00000e09       0x1e c:/progra~2/gnuarm~1/102021~1.10/bin/../lib/gcc/arm-none-eabi/10.3.1/thumb/v7e-m/nofp\libgcc.a(_arm_fixdfsi.o)
 .ARM.attributes
                0x00000e27       0x1e c:/progra~2/gnuarm~1/102021~1.10/bin/../lib/gcc/arm-none-eabi/10.3.1/thumb/v7e-m/nofp/crtn.o
OUTPUT(iot_lab.elf elf32-littlearm)
LOAD linker stubs
LOAD c:/progra~2/gnuarm~1/102021~1.10/bin/../lib/gcc/arm-none-eabi/10.3.1/../../../../arm-none-eabi/lib/thumb/v7e-m/nofp\libc.a
LOAD c:/progra~2/gnuarm~1/102021~1.10/bin/../lib/gcc/arm-none-eabi/10.3.1/../../../../arm-none-eabi/lib/thumb/v7e-m/nofp\libm.a
LOAD c:/progra~2/gnuarm~1/102021~1.10/bin/../lib/gcc/arm-none-eabi/10.3.1/thumb/v7e-m/nofp\libgcc.a

.debug_info     0x00000000    0x10597
 .debug_info    0x00000000      0x584 CMakeFiles/iot_lab.elf.dir/Core/Src/gpio.c.obj
 .debug_info    0x00000584     0x1a7b CMakeFiles/iot_lab.elf.dir/Core/Src/main.c.obj
 .debug_info    0x00001fff      0x304 CMakeFiles/iot_lab.elf.dir/Core/Src/stm32l4xx_hal_msp.c.obj
 .debug_info    0x00002303      0xa3e CMakeFiles/iot_lab.elf.dir/Core/Src/stm32l4xx_it.c.obj
 .debug_info    0x00002d41      0x7af CMakeFiles/iot_lab.elf.dir/Core/Src/syscalls.c.obj
 .debug_info    0x000034f0      0x174 CMakeFiles/iot_lab.elf.dir/Core/Src/sysmem.c.obj
 .debug_info    0x00003664      0x425 CMakeFiles/iot_lab.elf.dir/Core/Src/system_stm32l4xx.c.obj
 .debug_info    0x00003a89     0x1198 CMakeFiles/iot_lab.elf.dir/Core/Src/usart.c.obj
 .debug_info    0x00004c21       0x22 CMakeFiles/iot_lab.elf.dir/Core/Startup/startup_stm32l475vetx.s.obj
 .debug_info    0x00004c43      0xbc0 CMakeFiles/iot_lab.elf.dir/Drivers/STM32L4xx_HAL_Driver/Src/stm32l4xx_hal.c.obj
 .debug_info    0x00005803     0x1098 CMakeFiles/iot_lab.elf.dir/Drivers/STM32L4xx_HAL_Driver/Src/stm32l4xx_hal_cortex.c.obj
 .debug_info    0x0000689b      0x857 CMakeFiles/iot_lab.elf.dir/Drivers/STM32L4xx_HAL_Driver/Src/stm32l4xx_hal_gpio.c.obj
 .debug_info    0x000070f2      0x98b CMakeFiles/iot_lab.elf.dir/Drivers/STM32L4xx_HAL_Driver/Src/stm32l4xx_hal_pwr.c.obj
 .debug_info    0x00007a7d      0xa7c CMakeFiles/iot_lab.elf.dir/Drivers/STM32L4xx_HAL_Driver/Src/stm32l4xx_hal_pwr_ex.c.obj
 .debug_info    0x000084f9      0xf3f CMakeFiles/iot_lab.elf.dir/Drivers/STM32L4xx_HAL_Driver/Src/stm32l4xx_hal_rcc.c.obj
 .debug_info    0x00009438     0x125c CMakeFiles/iot_lab.elf.dir/Drivers/STM32L4xx_HAL_Driver/Src/stm32l4xx_hal_rcc_ex.c.obj
 .debug_info    0x0000a694     0x529b CMakeFiles/iot_lab.elf.dir/Drivers/STM32L4xx_HAL_Driver/Src/stm32l4xx_hal_uart.c.obj
 .debug_info    0x0000f92f      0xc68 CMakeFiles/iot_lab.elf.dir/bsp/bsp_AHT10.c.obj

.debug_abbrev   0x00000000     0x215b
 .debug_abbrev  0x00000000      0x14e CMakeFiles/iot_lab.elf.dir/Core/Src/gpio.c.obj
 .debug_abbrev  0x0000014e      0x295 CMakeFiles/iot_lab.elf.dir/Core/Src/main.c.obj
 .debug_abbrev  0x000003e3       0xbf CMakeFiles/iot_lab.elf.dir/Core/Src/stm32l4xx_hal_msp.c.obj
 .debug_abbrev  0x000004a2      0x226 CMakeFiles/iot_lab.elf.dir/Core/Src/stm32l4xx_it.c.obj
 .debug_abbrev  0x000006c8      0x1a3 CMakeFiles/iot_lab.elf.dir/Core/Src/syscalls.c.obj
 .debug_abbrev  0x0000086b       0xe7 CMakeFiles/iot_lab.elf.dir/Core/Src/sysmem.c.obj
 .debug_abbrev  0x00000952      0x119 CMakeFiles/iot_lab.elf.dir/Core/Src/system_stm32l4xx.c.obj
 .debug_abbrev  0x00000a6b      0x1f4 CMakeFiles/iot_lab.elf.dir/Core/Src/usart.c.obj
 .debug_abbrev  0x00000c5f       0x12 CMakeFiles/iot_lab.elf.dir/Core/Startup/startup_stm32l475vetx.s.obj
 .debug_abbrev  0x00000c71      0x22a CMakeFiles/iot_lab.elf.dir/Drivers/STM32L4xx_HAL_Driver/Src/stm32l4xx_hal.c.obj
 .debug_abbrev  0x00000e9b      0x36a CMakeFiles/iot_lab.elf.dir/Drivers/STM32L4xx_HAL_Driver/Src/stm32l4xx_hal_cortex.c.obj
 .debug_abbrev  0x00001205      0x1e6 CMakeFiles/iot_lab.elf.dir/Drivers/STM32L4xx_HAL_Driver/Src/stm32l4xx_hal_gpio.c.obj
 .debug_abbrev  0x000013eb      0x187 CMakeFiles/iot_lab.elf.dir/Drivers/STM32L4xx_HAL_Driver/Src/stm32l4xx_hal_pwr.c.obj
 .debug_abbrev  0x00001572      0x215 CMakeFiles/iot_lab.elf.dir/Drivers/STM32L4xx_HAL_Driver/Src/stm32l4xx_hal_pwr_ex.c.obj
 .debug_abbrev  0x00001787      0x251 CMakeFiles/iot_lab.elf.dir/Drivers/STM32L4xx_HAL_Driver/Src/stm32l4xx_hal_rcc.c.obj
 .debug_abbrev  0x000019d8      0x275 CMakeFiles/iot_lab.elf.dir/Drivers/STM32L4xx_HAL_Driver/Src/stm32l4xx_hal_rcc_ex.c.obj
 .debug_abbrev  0x00001c4d      0x2d9 CMakeFiles/iot_lab.elf.dir/Drivers/STM32L4xx_HAL_Driver/Src/stm32l4xx_hal_uart.c.obj
 .debug_abbrev  0x00001f26      0x235 CMakeFiles/iot_lab.elf.dir/bsp/bsp_AHT10.c.obj

.debug_aranges  0x00000000      0xa80
 .debug_aranges
                0x00000000       0x20 CMakeFiles/iot_lab.elf.dir/Core/Src/gpio.c.obj
 .debug_aranges
                0x00000020       0x58 CMakeFiles/iot_lab.elf.dir/Core/Src/main.c.obj
 .debug_aranges
                0x00000078       0x20 CMakeFiles/iot_lab.elf.dir/Core/Src/stm32l4xx_hal_msp.c.obj
 .debug_aranges
                0x00000098       0x88 CMakeFiles/iot_lab.elf.dir/Core/Src/stm32l4xx_it.c.obj
 .debug_aranges
                0x00000120       0xa8 CMakeFiles/iot_lab.elf.dir/Core/Src/syscalls.c.obj
 .debug_aranges
                0x000001c8       0x20 CMakeFiles/iot_lab.elf.dir/Core/Src/sysmem.c.obj
 .debug_aranges
                0x000001e8       0x28 CMakeFiles/iot_lab.elf.dir/Core/Src/system_stm32l4xx.c.obj
 .debug_aranges
                0x00000210       0x38 CMakeFiles/iot_lab.elf.dir/Core/Src/usart.c.obj
 .debug_aranges
                0x00000248       0x28 CMakeFiles/iot_lab.elf.dir/Core/Startup/startup_stm32l475vetx.s.obj
 .debug_aranges
                0x00000270      0x130 CMakeFiles/iot_lab.elf.dir/Drivers/STM32L4xx_HAL_Driver/Src/stm32l4xx_hal.c.obj
 .debug_aranges
                0x000003a0       0xa8 CMakeFiles/iot_lab.elf.dir/Drivers/STM32L4xx_HAL_Driver/Src/stm32l4xx_hal_cortex.c.obj
 .debug_aranges
                0x00000448       0x58 CMakeFiles/iot_lab.elf.dir/Drivers/STM32L4xx_HAL_Driver/Src/stm32l4xx_hal_gpio.c.obj
 .debug_aranges
                0x000004a0       0x98 CMakeFiles/iot_lab.elf.dir/Drivers/STM32L4xx_HAL_Driver/Src/stm32l4xx_hal_pwr.c.obj
 .debug_aranges
                0x00000538      0x150 CMakeFiles/iot_lab.elf.dir/Drivers/STM32L4xx_HAL_Driver/Src/stm32l4xx_hal_pwr_ex.c.obj
 .debug_aranges
                0x00000688       0x90 CMakeFiles/iot_lab.elf.dir/Drivers/STM32L4xx_HAL_Driver/Src/stm32l4xx_hal_rcc.c.obj
 .debug_aranges
                0x00000718       0xc0 CMakeFiles/iot_lab.elf.dir/Drivers/STM32L4xx_HAL_Driver/Src/stm32l4xx_hal_rcc_ex.c.obj
 .debug_aranges
                0x000007d8      0x228 CMakeFiles/iot_lab.elf.dir/Drivers/STM32L4xx_HAL_Driver/Src/stm32l4xx_hal_uart.c.obj
 .debug_aranges
                0x00000a00       0x80 CMakeFiles/iot_lab.elf.dir/bsp/bsp_AHT10.c.obj

.debug_ranges   0x00000000      0xa10
 .debug_ranges  0x00000000       0x10 CMakeFiles/iot_lab.elf.dir/Core/Src/gpio.c.obj
 .debug_ranges  0x00000010       0x48 CMakeFiles/iot_lab.elf.dir/Core/Src/main.c.obj
 .debug_ranges  0x00000058       0x10 CMakeFiles/iot_lab.elf.dir/Core/Src/stm32l4xx_hal_msp.c.obj
 .debug_ranges  0x00000068       0x78 CMakeFiles/iot_lab.elf.dir/Core/Src/stm32l4xx_it.c.obj
 .debug_ranges  0x000000e0       0x98 CMakeFiles/iot_lab.elf.dir/Core/Src/syscalls.c.obj
 .debug_ranges  0x00000178       0x10 CMakeFiles/iot_lab.elf.dir/Core/Src/sysmem.c.obj
 .debug_ranges  0x00000188       0x18 CMakeFiles/iot_lab.elf.dir/Core/Src/system_stm32l4xx.c.obj
 .debug_ranges  0x000001a0       0x28 CMakeFiles/iot_lab.elf.dir/Core/Src/usart.c.obj
 .debug_ranges  0x000001c8       0x20 CMakeFiles/iot_lab.elf.dir/Core/Startup/startup_stm32l475vetx.s.obj
 .debug_ranges  0x000001e8      0x120 CMakeFiles/iot_lab.elf.dir/Drivers/STM32L4xx_HAL_Driver/Src/stm32l4xx_hal.c.obj
 .debug_ranges  0x00000308       0xf8 CMakeFiles/iot_lab.elf.dir/Drivers/STM32L4xx_HAL_Driver/Src/stm32l4xx_hal_cortex.c.obj
 .debug_ranges  0x00000400       0x48 CMakeFiles/iot_lab.elf.dir/Drivers/STM32L4xx_HAL_Driver/Src/stm32l4xx_hal_gpio.c.obj
 .debug_ranges  0x00000448       0x88 CMakeFiles/iot_lab.elf.dir/Drivers/STM32L4xx_HAL_Driver/Src/stm32l4xx_hal_pwr.c.obj
 .debug_ranges  0x000004d0      0x140 CMakeFiles/iot_lab.elf.dir/Drivers/STM32L4xx_HAL_Driver/Src/stm32l4xx_hal_pwr_ex.c.obj
 .debug_ranges  0x00000610       0x98 CMakeFiles/iot_lab.elf.dir/Drivers/STM32L4xx_HAL_Driver/Src/stm32l4xx_hal_rcc.c.obj
 .debug_ranges  0x000006a8       0xc8 CMakeFiles/iot_lab.elf.dir/Drivers/STM32L4xx_HAL_Driver/Src/stm32l4xx_hal_rcc_ex.c.obj
 .debug_ranges  0x00000770      0x230 CMakeFiles/iot_lab.elf.dir/Drivers/STM32L4xx_HAL_Driver/Src/stm32l4xx_hal_uart.c.obj
 .debug_ranges  0x000009a0       0x70 CMakeFiles/iot_lab.elf.dir/bsp/bsp_AHT10.c.obj

.debug_line     0x00000000     0xc1af
 .debug_line    0x00000000      0x275 CMakeFiles/iot_lab.elf.dir/Core/Src/gpio.c.obj
 .debug_line    0x00000275      0x7b4 CMakeFiles/iot_lab.elf.dir/Core/Src/main.c.obj
 .debug_line    0x00000a29      0x199 CMakeFiles/iot_lab.elf.dir/Core/Src/stm32l4xx_hal_msp.c.obj
 .debug_line    0x00000bc2      0x53d CMakeFiles/iot_lab.elf.dir/Core/Src/stm32l4xx_it.c.obj
 .debug_line    0x000010ff      0x40f CMakeFiles/iot_lab.elf.dir/Core/Src/syscalls.c.obj
 .debug_line    0x0000150e      0x1bd CMakeFiles/iot_lab.elf.dir/Core/Src/sysmem.c.obj
 .debug_line    0x000016cb      0x2a5 CMakeFiles/iot_lab.elf.dir/Core/Src/system_stm32l4xx.c.obj
 .debug_line    0x00001970      0x4d3 CMakeFiles/iot_lab.elf.dir/Core/Src/usart.c.obj
 .debug_line    0x00001e43       0xb6 CMakeFiles/iot_lab.elf.dir/Core/Startup/startup_stm32l475vetx.s.obj
 .debug_line    0x00001ef9      0x732 CMakeFiles/iot_lab.elf.dir/Drivers/STM32L4xx_HAL_Driver/Src/stm32l4xx_hal.c.obj
 .debug_line    0x0000262b      0x80d CMakeFiles/iot_lab.elf.dir/Drivers/STM32L4xx_HAL_Driver/Src/stm32l4xx_hal_cortex.c.obj
 .debug_line    0x00002e38      0x735 CMakeFiles/iot_lab.elf.dir/Drivers/STM32L4xx_HAL_Driver/Src/stm32l4xx_hal_gpio.c.obj
 .debug_line    0x0000356d      0x4b4 CMakeFiles/iot_lab.elf.dir/Drivers/STM32L4xx_HAL_Driver/Src/stm32l4xx_hal_pwr.c.obj
 .debug_line    0x00003a21      0xb44 CMakeFiles/iot_lab.elf.dir/Drivers/STM32L4xx_HAL_Driver/Src/stm32l4xx_hal_pwr_ex.c.obj
 .debug_line    0x00004565      0xf5f CMakeFiles/iot_lab.elf.dir/Drivers/STM32L4xx_HAL_Driver/Src/stm32l4xx_hal_rcc.c.obj
 .debug_line    0x000054c4     0x1592 CMakeFiles/iot_lab.elf.dir/Drivers/STM32L4xx_HAL_Driver/Src/stm32l4xx_hal_rcc_ex.c.obj
 .debug_line    0x00006a56     0x5258 CMakeFiles/iot_lab.elf.dir/Drivers/STM32L4xx_HAL_Driver/Src/stm32l4xx_hal_uart.c.obj
 .debug_line    0x0000bcae      0x501 CMakeFiles/iot_lab.elf.dir/bsp/bsp_AHT10.c.obj

.debug_str      0x00000000     0x3b35
 .debug_str     0x00000000      0x3bc CMakeFiles/iot_lab.elf.dir/Core/Src/gpio.c.obj