Archive member included to satisfy reference by file (symbol)

c:/progra~2/gnuarm~1/102021~1.10/bin/../lib/gcc/arm-none-eabi/10.3.1/thumb/v7e-m/nofp\libgcc.a(_aeabi_uldivmod.o)
                              CMakeFiles/iot_lab.elf.dir/Drivers/STM32L4xx_HAL_Driver/Src/stm32l4xx_hal_uart.c.obj (__aeabi_uldivmod)
c:/progra~2/gnuarm~1/102021~1.10/bin/../lib/gcc/arm-none-eabi/10.3.1/thumb/v7e-m/nofp\libgcc.a(_udivmoddi4.o)
                              c:/progra~2/gnuarm~1/102021~1.10/bin/../lib/gcc/arm-none-eabi/10.3.1/thumb/v7e-m/nofp\libgcc.a(_aeabi_uldivmod.o) (__udivmoddi4)
c:/progra~2/gnuarm~1/102021~1.10/bin/../lib/gcc/arm-none-eabi/10.3.1/thumb/v7e-m/nofp\libgcc.a(_dvmd_tls.o)
                              c:/progra~2/gnuarm~1/102021~1.10/bin/../lib/gcc/arm-none-eabi/10.3.1/thumb/v7e-m/nofp\libgcc.a(_aeabi_uldivmod.o) (__aeabi_ldiv0)
c:/progra~2/gnuarm~1/102021~1.10/bin/../lib/gcc/arm-none-eabi/10.3.1/../../../../arm-none-eabi/lib/thumb/v7e-m/nofp\libg.a(lib_a-errno.o)
                              CMakeFiles/iot_lab.elf.dir/Core/Src/syscalls.c.obj (__errno)
c:/progra~2/gnuarm~1/102021~1.10/bin/../lib/gcc/arm-none-eabi/10.3.1/../../../../arm-none-eabi/lib/thumb/v7e-m/nofp\libg.a(lib_a-exit.o)
                              c:/progra~2/gnuarm~1/102021~1.10/bin/../lib/gcc/arm-none-eabi/10.3.1/../../../../arm-none-eabi/lib/thumb/v7e-m/nofp/crt0.o (exit)
c:/progra~2/gnuarm~1/102021~1.10/bin/../lib/gcc/arm-none-eabi/10.3.1/../../../../arm-none-eabi/lib/thumb/v7e-m/nofp\libg.a(lib_a-impure.o)
                              c:/progra~2/gnuarm~1/102021~1.10/bin/../lib/gcc/arm-none-eabi/10.3.1/../../../../arm-none-eabi/lib/thumb/v7e-m/nofp\libg.a(lib_a-exit.o) (_global_impure_ptr)
c:/progra~2/gnuarm~1/102021~1.10/bin/../lib/gcc/arm-none-eabi/10.3.1/../../../../arm-none-eabi/lib/thumb/v7e-m/nofp\libg.a(lib_a-init.o)
                              c:/progra~2/gnuarm~1/102021~1.10/bin/../lib/gcc/arm-none-eabi/10.3.1/../../../../arm-none-eabi/lib/thumb/v7e-m/nofp/crt0.o (__libc_init_array)
c:/progra~2/gnuarm~1/102021~1.10/bin/../lib/gcc/arm-none-eabi/10.3.1/../../../../arm-none-eabi/lib/thumb/v7e-m/nofp\libg.a(lib_a-memset.o)
                              c:/progra~2/gnuarm~1/102021~1.10/bin/../lib/gcc/arm-none-eabi/10.3.1/../../../../arm-none-eabi/lib/thumb/v7e-m/nofp/crt0.o (memset)
c:/progra~2/gnuarm~1/102021~1.10/bin/../lib/gcc/arm-none-eabi/10.3.1/../../../../arm-none-eabi/lib/thumb/v7e-m/nofp\libg.a(lib_a-strlen.o)
                              CMakeFiles/iot_lab.elf.dir/Core/Src/main.c.obj (strlen)
c:/progra~2/gnuarm~1/102021~1.10/bin/../lib/gcc/arm-none-eabi/10.3.1/../../../../arm-none-eabi/lib/thumb/v7e-m/nofp\libg.a(lib_a-__call_atexit.o)
                              c:/progra~2/gnuarm~1/102021~1.10/bin/../lib/gcc/arm-none-eabi/10.3.1/../../../../arm-none-eabi/lib/thumb/v7e-m/nofp\libg.a(lib_a-exit.o) (__call_exitprocs)
c:/progra~2/gnuarm~1/102021~1.10/bin/../lib/gcc/arm-none-eabi/10.3.1/../../../../arm-none-eabi/lib/thumb/v7e-m/nofp\libg.a(lib_a-atexit.o)
                              c:/progra~2/gnuarm~1/102021~1.10/bin/../lib/gcc/arm-none-eabi/10.3.1/../../../../arm-none-eabi/lib/thumb/v7e-m/nofp\libg.a(lib_a-__call_atexit.o) (atexit)
c:/progra~2/gnuarm~1/102021~1.10/bin/../lib/gcc/arm-none-eabi/10.3.1/../../../../arm-none-eabi/lib/thumb/v7e-m/nofp\libg.a(lib_a-fini.o)
                              c:/progra~2/gnuarm~1/102021~1.10/bin/../lib/gcc/arm-none-eabi/10.3.1/../../../../arm-none-eabi/lib/thumb/v7e-m/nofp\libg.a(lib_a-__call_atexit.o) (__libc_fini_array)
c:/progra~2/gnuarm~1/102021~1.10/bin/../lib/gcc/arm-none-eabi/10.3.1/../../../../arm-none-eabi/lib/thumb/v7e-m/nofp\libg.a(lib_a-lock.o)
                              c:/progra~2/gnuarm~1/102021~1.10/bin/../lib/gcc/arm-none-eabi/10.3.1/../../../../arm-none-eabi/lib/thumb/v7e-m/nofp\libg.a(lib_a-__call_atexit.o) (__retarget_lock_acquire_recursive)
c:/progra~2/gnuarm~1/102021~1.10/bin/../lib/gcc/arm-none-eabi/10.3.1/../../../../arm-none-eabi/lib/thumb/v7e-m/nofp\libg.a(lib_a-__atexit.o)
                              c:/progra~2/gnuarm~1/102021~1.10/bin/../lib/gcc/arm-none-eabi/10.3.1/../../../../arm-none-eabi/lib/thumb/v7e-m/nofp\libg.a(lib_a-atexit.o) (__register_exitproc)

Discarded input sections

 .text          0x00000000        0x0 c:/progra~2/gnuarm~1/102021~1.10/bin/../lib/gcc/arm-none-eabi/10.3.1/thumb/v7e-m/nofp/crti.o
 .data          0x00000000        0x0 c:/progra~2/gnuarm~1/102021~1.10/bin/../lib/gcc/arm-none-eabi/10.3.1/thumb/v7e-m/nofp/crti.o
 .bss           0x00000000        0x0 c:/progra~2/gnuarm~1/102021~1.10/bin/../lib/gcc/arm-none-eabi/10.3.1/thumb/v7e-m/nofp/crti.o
 .data          0x00000000        0x4 c:/progra~2/gnuarm~1/102021~1.10/bin/../lib/gcc/arm-none-eabi/10.3.1/thumb/v7e-m/nofp/crtbegin.o
 .rodata        0x00000000       0x24 c:/progra~2/gnuarm~1/102021~1.10/bin/../lib/gcc/arm-none-eabi/10.3.1/thumb/v7e-m/nofp/crtbegin.o
[...]
Memory Configuration

Name             Origin             Length             Attributes
RAM              0x20000000         0x00018000         xrw
RAM2             0x10000000         0x00008000         xrw
FLASH            0x08000000         0x00080000         xr
*default*        0x00000000         0xffffffff

Linker script and memory map

LOAD c:/progra~2/gnuarm~1/102021~1.10/bin/../lib/gcc/arm-none-eabi/10.3.1/thumb/v7e-m/nofp/crti.o
LOAD c:/progra~2/gnuarm~1/102021~1.10/bin/../lib/gcc/arm-none-eabi/10.3.1/thumb/v7e-m/nofp/crtbegin.o
LOAD c:/progra~2/gnuarm~1/102021~1.10/bin/../lib/gcc/arm-none-eabi/10.3.1/../../../../arm-none-eabi/lib/thumb/v7e-m/nofp/crt0.o
LOAD CMakeFiles/iot_lab.elf.dir/Core/Src/gpio.c.obj
LOAD CMakeFiles/iot_lab.elf.dir/Core/Src/main.c.obj
LOAD CMakeFiles/iot_lab.elf.dir/Core/Src/stm32l4xx_hal_msp.c.obj
LOAD CMakeFiles/iot_lab.elf.dir/Core/Src/stm32l4xx_it.c.obj
LOAD CMakeFiles/iot_lab.elf.dir/Core/Src/syscalls.c.obj
LOAD CMakeFiles/iot_lab.elf.dir/Core/Src/sysmem.c.obj
LOAD CMakeFiles/iot_lab.elf.dir/Core/Src/system_stm32l4xx.c.obj
LOAD CMakeFiles/iot_lab.elf.dir/Core/Src/usart.c.obj
LOAD CMakeFiles/iot_lab.elf.dir/Core/Startup/startup_stm32l475vetx.s.obj
LOAD CMakeFiles/iot_lab.elf.dir/Drivers/STM32L4xx_HAL_Driver/Src/stm32l4xx_hal.c.obj
LOAD CMakeFiles/iot_lab.elf.dir/Drivers/STM32L4xx_HAL_Driver/Src/stm32l4xx_hal_cortex.c.obj
LOAD CMakeFiles/iot_lab.elf.dir/Drivers/STM32L4xx_HAL_Driver/Src/stm32l4xx_hal_dma.c.obj
LOAD CMakeFiles/iot_lab.elf.dir/Drivers/STM32L4xx_HAL_Driver/Src/stm32l4xx_hal_dma_ex.c.obj
LOAD CMakeFiles/iot_lab.elf.dir/Drivers/STM32L4xx_HAL_Driver/Src/stm32l4xx_hal_exti.c.obj
LOAD CMakeFiles/iot_lab.elf.dir/Drivers/STM32L4xx_HAL_Driver/Src/stm32l4xx_hal_flash.c.obj
LOAD CMakeFiles/iot_lab.elf.dir/Drivers/STM32L4xx_HAL_Driver/Src/stm32l4xx_hal_flash_ex.c.obj
LOAD CMakeFiles/iot_lab.elf.dir/Drivers/STM32L4xx_HAL_Driver/Src/stm32l4xx_hal_flash_ramfunc.c.obj
LOAD CMakeFiles/iot_lab.elf.dir/Drivers/STM32L4xx_HAL_Driver/Src/stm32l4xx_hal_gpio.c.obj
LOAD CMakeFiles/iot_lab.elf.dir/Drivers/STM32L4xx_HAL_Driver/Src/stm32l4xx_hal_pwr.c.obj
LOAD CMakeFiles/iot_lab.elf.dir/Drivers/STM32L4xx_HAL_Driver/Src/stm32l4xx_hal_pwr_ex.c.obj
LOAD CMakeFiles/iot_lab.elf.dir/Drivers/STM32L4xx_HAL_Driver/Src/stm32l4xx_hal_rcc.c.obj
LOAD CMakeFiles/iot_lab.elf.dir/Drivers/STM32L4xx_HAL_Driver/Src/stm32l4xx_hal_rcc_ex.c.obj
LOAD CMakeFiles/iot_lab.elf.dir/Drivers/STM32L4xx_HAL_Driver/Src/stm32l4xx_hal_tim.c.obj
LOAD CMakeFiles/iot_lab.elf.dir/Drivers/STM32L4xx_HAL_Driver/Src/stm32l4xx_hal_tim_ex.c.obj
LOAD CMakeFiles/iot_lab.elf.dir/Drivers/STM32L4xx_HAL_Driver/Src/stm32l4xx_hal_uart.c.obj
LOAD CMakeFiles/iot_lab.elf.dir/Drivers/STM32L4xx_HAL_Driver/Src/stm32l4xx_hal_uart_ex.c.obj
START GROUP
LOAD c:/progra~2/gnuarm~1/102021~1.10/bin/../lib/gcc/arm-none-eabi/10.3.1/thumb/v7e-m/nofp\libgcc.a
LOAD c:/progra~2/gnuarm~1/102021~1.10/bin/../lib/gcc/arm-none-eabi/10.3.1/../../../../arm-none-eabi/lib/thumb/v7e-m/nofp\libg.a
LOAD c:/progra~2/gnuarm~1/102021~1.10/bin/../lib/gcc/arm-none-eabi/10.3.1/../../../../arm-none-eabi/lib/thumb/v7e-m/nofp\libc.a
END GROUP
LOAD c:/progra~2/gnuarm~1/102021~1.10/bin/../lib/gcc/arm-none-eabi/10.3.1/thumb/v7e-m/nofp/crtend.o
LOAD c:/progra~2/gnuarm~1/102021~1.10/bin/../lib/gcc/arm-none-eabi/10.3.1/thumb/v7e-m/nofp/crtn.o
                0x20018000                _estack = (ORIGIN (RAM) + LENGTH (RAM))
                0x00000200                _Min_Heap_Size = 0x200
                0x00000400                _Min_Stack_Size = 0x400

.isr_vector     0x08000000      0x188
                0x08000000                . = ALIGN (0x4)
 *(.isr_vector)
 .isr_vector    0x08000000      0x188 CMakeFiles/iot_lab.elf.dir/Core/Startup/startup_stm32l475vetx.s.obj
                0x08000000                g_pfnVectors
                0x08000188                . = ALIGN (0x4)

.text           0x080001c0     0x2f3c
                0x080001c0                . = ALIGN (0x4)
 *(.text)
 .text          0x080001c0       0x40 c:/progra~2/gnuarm~1/102021~1.10/bin/../lib/gcc/arm-none-eabi/10.3.1/thumb/v7e-m/nofp/crtbegin.o
 .text          0x08000200       0x30 c:/progra~2/gnuarm~1/102021~1.10/bin/../lib/gcc/arm-none-eabi/10.3.1/thumb/v7e-m/nofp\libgcc.a(_aeabi_uldivmod.o)
                0x08000200                __aeabi_uldivmod
 .text          0x08000230      0x2d0 c:/progra~2/gnuarm~1/102021~1.10/bin/../lib/gcc/arm-none-eabi/10.3.1/thumb/v7e-m/nofp\libgcc.a(_udivmoddi4.o)
                0x08000230                __udivmoddi4
 .text          0x08000500        0x4 c:/progra~2/gnuarm~1/102021~1.10/bin/../lib/gcc/arm-none-eabi/10.3.1/thumb/v7e-m/nofp\libgcc.a(_dvmd_tls.o)
                0x08000500                __aeabi_idiv0
                0x08000500                __aeabi_ldiv0
 *fill*         0x08000504       0x3c 
 .text          0x08000540       0xdc c:/progra~2/gnuarm~1/102021~1.10/bin/../lib/gcc/arm-none-eabi/10.3.1/../../../../arm-none-eabi/lib/thumb/v7e-m/nofp\libg.a(lib_a-strlen.o)
                0x08000540                strlen
 *(.text*)
 .text.MX_GPIO_Init
                0x0800061c       0x74 CMakeFiles/iot_lab.elf.dir/Core/Src/gpio.c.obj
                0x0800061c                MX_GPIO_Init
 .text.AT_lora_inquire
                0x08000690       0xac CMakeFiles/iot_lab.elf.dir/Core/Src/main.c.obj
                0x08000690                AT_lora_inquire
 .text.enter_low_power_mode
                0x0800073c       0x5c CMakeFiles/iot_lab.elf.dir/Core/Src/main.c.obj
                0x0800073c                enter_low_power_mode
 .text.AT_lora_mode_set
                0x08000798      0x280 CMakeFiles/iot_lab.elf.dir/Core/Src/main.c.obj
                0x08000798                AT_lora_mode_set
 .text.AT_lora_init
                0x08000a18       0xa0 CMakeFiles/iot_lab.elf.dir/Core/Src/main.c.obj
                0x08000a18                AT_lora_init
 .text.Error_Handler
                0x08000ab8        0x4 CMakeFiles/iot_lab.elf.dir/Core/Src/main.c.obj
                0x08000ab8                Error_Handler
 .text.SystemClock_Config
                0x08000abc       0x78 CMakeFiles/iot_lab.elf.dir/Core/Src/main.c.obj
                0x08000abc                SystemClock_Config
 .text.HAL_GPIO_EXTI_Callback
                0x08000b34       0x5c CMakeFiles/iot_lab.elf.dir/Core/Src/main.c.obj
                0x08000b34                HAL_GPIO_EXTI_Callback
 .text.main     0x08000b90       0x58 CMakeFiles/iot_lab.elf.dir/Core/Src/main.c.obj
                0x08000b90                main
 .text.HAL_MspInit
                0x08000be8       0x30 CMakeFiles/iot_lab.elf.dir/Core/Src/stm32l4xx_hal_msp.c.obj
                0x08000be8                HAL_MspInit
 .text.NMI_Handler
                0x08000c18        0x2 CMakeFiles/iot_lab.elf.dir/Core/Src/stm32l4xx_it.c.obj
                0x08000c18                NMI_Handler
 .text.HardFault_Handler
                0x08000c1a        0x2 CMakeFiles/iot_lab.elf.dir/Core/Src/stm32l4xx_it.c.obj
                0x08000c1a                HardFault_Handler
 .text.MemManage_Handler
                0x08000c1c        0x2 CMakeFiles/iot_lab.elf.dir/Core/Src/stm32l4xx_it.c.obj
                0x08000c1c                MemManage_Handler
 .text.BusFault_Handler
                0x08000c1e        0x2 CMakeFiles/iot_lab.elf.dir/Core/Src/stm32l4xx_it.c.obj
                0x08000c1e                BusFault_Handler
 .text.UsageFault_Handler
                0x08000c20        0x2 CMakeFiles/iot_lab.elf.dir/Core/Src/stm32l4xx_it.c.obj
                0x08000c20                UsageFault_Handler
 .text.SVC_Handler
                0x08000c22        0x2 CMakeFiles/iot_lab.elf.dir/Core/Src/stm32l4xx_it.c.obj
                0x08000c22                SVC_Handler
 .text.DebugMon_Handler
                0x08000c24        0x2 CMakeFiles/iot_lab.elf.dir/Core/Src/stm32l4xx_it.c.obj
                0x08000c24                DebugMon_Handler
 .text.PendSV_Handler
                0x08000c26        0x2 CMakeFiles/iot_lab.elf.dir/Core/Src/stm32l4xx_it.c.obj
                0x08000c26                PendSV_Handler
 .text.SysTick_Handler
                0x08000c28        0x8 CMakeFiles/iot_lab.elf.dir/Core/Src/stm32l4xx_it.c.obj
                0x08000c28                SysTick_Handler
 .text.USART2_IdleCallback
                0x08000c30       0x28 CMakeFiles/iot_lab.elf.dir/Core/Src/stm32l4xx_it.c.obj
                0x08000c30                USART2_IdleCallback
 .text.USART2_IRQHandler
                0x08000c58       0xc4 CMakeFiles/iot_lab.elf.dir/Core/Src/stm32l4xx_it.c.obj
                0x08000c58                USART2_IRQHandler
 .text.USART1_IdleCallback
                0x08000d1c       0x84 CMakeFiles/iot_lab.elf.dir/Core/Src/stm32l4xx_it.c.obj
                0x08000d1c                USART1_IdleCallback
 .text.USART1_IRQHandler
                0x08000da0       0x88 CMakeFiles/iot_lab.elf.dir/Core/Src/stm32l4xx_it.c.obj
                0x08000da0                USART1_IRQHandler
 .text.EXTI3_IRQHandler
                0x08000e28        0xa CMakeFiles/iot_lab.elf.dir/Core/Src/stm32l4xx_it.c.obj
                0x08000e28                EXTI3_IRQHandler
 .text.SystemInit
                0x08000e32        0x2 CMakeFiles/iot_lab.elf.dir/Core/Src/system_stm32l4xx.c.obj
                0x08000e32                SystemInit
 .text.MX_USART1_UART_Init
                0x08000e34       0x38 CMakeFiles/iot_lab.elf.dir/Core/Src/usart.c.obj
                0x08000e34                MX_USART1_UART_Init
 .text.MX_USART2_UART_Init
                0x08000e6c       0x38 CMakeFiles/iot_lab.elf.dir/Core/Src/usart.c.obj
                0x08000e6c                MX_USART2_UART_Init
 .text.HAL_UART_MspInit
                0x08000ea4      0x10c CMakeFiles/iot_lab.elf.dir/Core/Src/usart.c.obj
                0x08000ea4                HAL_UART_MspInit
 .text.HAL_UART_MspDeInit
                0x08000fb0       0x58 CMakeFiles/iot_lab.elf.dir/Core/Src/usart.c.obj
                0x08000fb0                HAL_UART_MspDeInit
 .text.Reset_Handler
                0x08001008       0x50 CMakeFiles/iot_lab.elf.dir/Core/Startup/startup_stm32l475vetx.s.obj
                0x08001008                Reset_Handler
 .text.Default_Handler
                0x08001058        0x2 CMakeFiles/iot_lab.elf.dir/Core/Startup/startup_stm32l475vetx.s.obj
                0x08001058                RTC_Alarm_IRQHandler
                0x08001058                EXTI2_IRQHandler
                0x08001058                TIM8_TRG_COM_IRQHandler
                0x08001058                TIM8_CC_IRQHandler
                0x08001058                TIM1_CC_IRQHandler
                0x08001058                TSC_IRQHandler
                0x08001058                TAMP_STAMP_IRQHandler
                0x08001058                LPTIM2_IRQHandler
                0x08001058                DFSDM1_FLT1_IRQHandler
                0x08001058                I2C3_ER_IRQHandler
                0x08001058                DFSDM1_FLT2_IRQHandler
                0x08001058                EXTI0_IRQHandler
                0x08001058                I2C2_EV_IRQHandler
                0x08001058                CAN1_RX0_IRQHandler
                0x08001058                FPU_IRQHandler
                0x08001058                TIM1_UP_TIM16_IRQHandler
                0x08001058                ADC1_2_IRQHandler
                0x08001058                SPI1_IRQHandler
                0x08001058                TIM6_DAC_IRQHandler
                0x08001058                TIM8_UP_IRQHandler
                0x08001058                DMA2_Channel2_IRQHandler
                0x08001058                DMA1_Channel4_IRQHandler
                0x08001058                SAI2_IRQHandler
                0x08001058                DFSDM1_FLT3_IRQHandler
                0x08001058                USART3_IRQHandler
                0x08001058                DMA1_Channel7_IRQHandler
                0x08001058                CAN1_RX1_IRQHandler
                0x08001058                UART5_IRQHandler
                0x08001058                ADC3_IRQHandler
                0x08001058                TIM4_IRQHandler
                0x08001058                DMA2_Channel1_IRQHandler
                0x08001058                QUADSPI_IRQHandler
                0x08001058                I2C1_EV_IRQHandler
                0x08001058                DMA1_Channel6_IRQHandler
                0x08001058                UART4_IRQHandler
                0x08001058                DMA2_Channel4_IRQHandler
                0x08001058                TIM3_IRQHandler
                0x08001058                RCC_IRQHandler
                0x08001058                DMA1_Channel1_IRQHandler
                0x08001058                Default_Handler
                0x08001058                DMA2_Channel7_IRQHandler
                0x08001058                EXTI15_10_IRQHandler
                0x08001058                TIM7_IRQHandler
                0x08001058                SDMMC1_IRQHandler
                0x08001058                TIM5_IRQHandler
                0x08001058                I2C3_EV_IRQHandler
                0x08001058                EXTI9_5_IRQHandler
                0x08001058                RTC_WKUP_IRQHandler
                0x08001058                PVD_PVM_IRQHandler
                0x08001058                SPI2_IRQHandler
                0x08001058                CAN1_TX_IRQHandler
                0x08001058                DMA2_Channel5_IRQHandler
                0x08001058                DMA1_Channel5_IRQHandler
                0x08001058                EXTI4_IRQHandler
                0x08001058                RNG_IRQHandler
                0x08001058                TIM1_TRG_COM_TIM17_IRQHandler
                0x08001058                DMA1_Channel3_IRQHandler
                0x08001058                COMP_IRQHandler
                0x08001058                WWDG_IRQHandler
                0x08001058                LPUART1_IRQHandler
                0x08001058                DMA2_Channel6_IRQHandler
                0x08001058                TIM2_IRQHandler
                0x08001058                EXTI1_IRQHandler
                0x08001058                DFSDM1_FLT0_IRQHandler
                0x08001058                I2C2_ER_IRQHandler
                0x08001058                DMA1_Channel2_IRQHandler
                0x08001058                TIM8_BRK_IRQHandler
                0x08001058                CAN1_SCE_IRQHandler
                0x08001058                FLASH_IRQHandler
                0x08001058                OTG_FS_IRQHandler
                0x08001058                SPI3_IRQHandler
                0x08001058                I2C1_ER_IRQHandler
                0x08001058                FMC_IRQHandler
                0x08001058                SWPMI1_IRQHandler
                0x08001058                LPTIM1_IRQHandler
                0x08001058                SAI1_IRQHandler
                0x08001058                DMA2_Channel3_IRQHandler
                0x08001058                TIM1_BRK_TIM15_IRQHandler
 *fill*         0x0800105a        0x2 
 .text.HAL_InitTick
                0x0800105c       0x50 CMakeFiles/iot_lab.elf.dir/Drivers/STM32L4xx_HAL_Driver/Src/stm32l4xx_hal.c.obj
                0x0800105c                HAL_InitTick
 .text.HAL_Init
                0x080010ac       0x1e CMakeFiles/iot_lab.elf.dir/Drivers/STM32L4xx_HAL_Driver/Src/stm32l4xx_hal.c.obj
                0x080010ac                HAL_Init
 *fill*         0x080010ca        0x2 
 .text.HAL_IncTick
                0x080010cc       0x18 CMakeFiles/iot_lab.elf.dir/Drivers/STM32L4xx_HAL_Driver/Src/stm32l4xx_hal.c.obj
                0x080010cc                HAL_IncTick
 .text.HAL_GetTick
                0x080010e4        0xc CMakeFiles/iot_lab.elf.dir/Drivers/STM32L4xx_HAL_Driver/Src/stm32l4xx_hal.c.obj
                0x080010e4                HAL_GetTick
 .text.HAL_Delay
                0x080010f0       0x28 CMakeFiles/iot_lab.elf.dir/Drivers/STM32L4xx_HAL_Driver/Src/stm32l4xx_hal.c.obj
                0x080010f0                HAL_Delay
 .text.HAL_NVIC_SetPriorityGrouping
                0x08001118       0x24 CMakeFiles/iot_lab.elf.dir/Drivers/STM32L4xx_HAL_Driver/Src/stm32l4xx_hal_cortex.c.obj
                0x08001118                HAL_NVIC_SetPriorityGrouping
 .text.HAL_NVIC_SetPriority
                0x0800113c       0x70 CMakeFiles/iot_lab.elf.dir/Drivers/STM32L4xx_HAL_Driver/Src/stm32l4xx_hal_cortex.c.obj
                0x0800113c                HAL_NVIC_SetPriority
 .text.HAL_NVIC_EnableIRQ
                0x080011ac       0x1c CMakeFiles/iot_lab.elf.dir/Drivers/STM32L4xx_HAL_Driver/Src/stm32l4xx_hal_cortex.c.obj
                0x080011ac                HAL_NVIC_EnableIRQ
 .text.HAL_NVIC_DisableIRQ
                0x080011c8       0x24 CMakeFiles/iot_lab.elf.dir/Drivers/STM32L4xx_HAL_Driver/Src/stm32l4xx_hal_cortex.c.obj
                0x080011c8                HAL_NVIC_DisableIRQ
 .text.HAL_SYSTICK_Config
                0x080011ec       0x28 CMakeFiles/iot_lab.elf.dir/Drivers/STM32L4xx_HAL_Driver/Src/stm32l4xx_hal_cortex.c.obj
                0x080011ec                HAL_SYSTICK_Config
 .text.HAL_GPIO_Init
                0x08001214      0x20c CMakeFiles/iot_lab.elf.dir/Drivers/STM32L4xx_HAL_Driver/Src/stm32l4xx_hal_gpio.c.obj
                0x08001214                HAL_GPIO_Init
 .text.HAL_GPIO_DeInit
                0x08001420      0x130 CMakeFiles/iot_lab.elf.dir/Drivers/STM32L4xx_HAL_Driver/Src/stm32l4xx_hal_gpio.c.obj
                0x08001420                HAL_GPIO_DeInit
 .text.HAL_GPIO_WritePin
                0x08001550        0xa CMakeFiles/iot_lab.elf.dir/Drivers/STM32L4xx_HAL_Driver/Src/stm32l4xx_hal_gpio.c.obj
                0x08001550                HAL_GPIO_WritePin
 *fill*         0x0800155a        0x2 
 .text.HAL_GPIO_EXTI_IRQHandler
                0x0800155c       0x1c CMakeFiles/iot_lab.elf.dir/Drivers/STM32L4xx_HAL_Driver/Src/stm32l4xx_hal_gpio.c.obj
                0x0800155c                HAL_GPIO_EXTI_IRQHandler
 .text.HAL_PWR_EnterSTOPMode
                0x08001578       0x18 CMakeFiles/iot_lab.elf.dir/Drivers/STM32L4xx_HAL_Driver/Src/stm32l4xx_hal_pwr.c.obj
                0x08001578                HAL_PWR_EnterSTOPMode
 .text.HAL_PWREx_GetVoltageRange
                0x08001590       0x10 CMakeFiles/iot_lab.elf.dir/Drivers/STM32L4xx_HAL_Driver/Src/stm32l4xx_hal_pwr_ex.c.obj
                0x08001590                HAL_PWREx_GetVoltageRange
 .text.HAL_PWREx_ControlVoltageScaling
                0x080015a0       0x90 CMakeFiles/iot_lab.elf.dir/Drivers/STM32L4xx_HAL_Driver/Src/stm32l4xx_hal_pwr_ex.c.obj
                0x080015a0                HAL_PWREx_ControlVoltageScaling
 .text.HAL_PWREx_EnterSTOP0Mode
                0x08001630       0x38 CMakeFiles/iot_lab.elf.dir/Drivers/STM32L4xx_HAL_Driver/Src/stm32l4xx_hal_pwr_ex.c.obj
                0x08001630                HAL_PWREx_EnterSTOP0Mode
 .text.HAL_PWREx_EnterSTOP1Mode
                0x08001668       0x3c CMakeFiles/iot_lab.elf.dir/Drivers/STM32L4xx_HAL_Driver/Src/stm32l4xx_hal_pwr_ex.c.obj
                0x08001668                HAL_PWREx_EnterSTOP1Mode
 .text.RCC_SetFlashLatencyFromMSIRange
                0x080016a4       0x90 CMakeFiles/iot_lab.elf.dir/Drivers/STM32L4xx_HAL_Driver/Src/stm32l4xx_hal_rcc.c.obj
 .text.HAL_RCC_GetSysClockFreq
                0x08001734       0xb4 CMakeFiles/iot_lab.elf.dir/Drivers/STM32L4xx_HAL_Driver/Src/stm32l4xx_hal_rcc.c.obj
                0x08001734                HAL_RCC_GetSysClockFreq
 .text.HAL_RCC_OscConfig
                0x080017e8      0x61c CMakeFiles/iot_lab.elf.dir/Drivers/STM32L4xx_HAL_Driver/Src/stm32l4xx_hal_rcc.c.obj
                0x080017e8                HAL_RCC_OscConfig
 .text.HAL_RCC_ClockConfig
                0x08001e04      0x188 CMakeFiles/iot_lab.elf.dir/Drivers/STM32L4xx_HAL_Driver/Src/stm32l4xx_hal_rcc.c.obj
                0x08001e04                HAL_RCC_ClockConfig
 .text.HAL_RCC_GetHCLKFreq
                0x08001f8c        0xc CMakeFiles/iot_lab.elf.dir/Drivers/STM32L4xx_HAL_Driver/Src/stm32l4xx_hal_rcc.c.obj
                0x08001f8c                HAL_RCC_GetHCLKFreq
 .text.HAL_RCC_GetPCLK1Freq
                0x08001f98       0x24 CMakeFiles/iot_lab.elf.dir/Drivers/STM32L4xx_HAL_Driver/Src/stm32l4xx_hal_rcc.c.obj
                0x08001f98                HAL_RCC_GetPCLK1Freq
 .text.HAL_RCC_GetPCLK2Freq
                0x08001fbc       0x24 CMakeFiles/iot_lab.elf.dir/Drivers/STM32L4xx_HAL_Driver/Src/stm32l4xx_hal_rcc.c.obj
                0x08001fbc                HAL_RCC_GetPCLK2Freq
 .text.RCCEx_PLLSAI1_Config
                0x08001fe0      0x170 CMakeFiles/iot_lab.elf.dir/Drivers/STM32L4xx_HAL_Driver/Src/stm32l4xx_hal_rcc_ex.c.obj
 .text.RCCEx_PLLSAI2_Config
                0x08002150      0x14c CMakeFiles/iot_lab.elf.dir/Drivers/STM32L4xx_HAL_Driver/Src/stm32l4xx_hal_rcc_ex.c.obj
 .text.HAL_RCCEx_PeriphCLKConfig
                0x0800229c      0x454 CMakeFiles/iot_lab.elf.dir/Drivers/STM32L4xx_HAL_Driver/Src/stm32l4xx_hal_rcc_ex.c.obj
                0x0800229c                HAL_RCCEx_PeriphCLKConfig
 .text.UART_EndRxTransfer
                0x080026f0       0x52 CMakeFiles/iot_lab.elf.dir/Drivers/STM32L4xx_HAL_Driver/Src/stm32l4xx_hal_uart.c.obj
 .text.HAL_UART_DeInit
                0x08002742       0x40 CMakeFiles/iot_lab.elf.dir/Drivers/STM32L4xx_HAL_Driver/Src/stm32l4xx_hal_uart.c.obj
                0x08002742                HAL_UART_DeInit
 *fill*         0x08002782        0x2 
 .text.UART_SetConfig
                0x08002784      0x328 CMakeFiles/iot_lab.elf.dir/Drivers/STM32L4xx_HAL_Driver/Src/stm32l4xx_hal_uart.c.obj
                0x08002784                UART_SetConfig
 .text.UART_AdvFeatureConfig
                0x08002aac       0xca CMakeFiles/iot_lab.elf.dir/Drivers/STM32L4xx_HAL_Driver/Src/stm32l4xx_hal_uart.c.obj
                0x08002aac                UART_AdvFeatureConfig
 .text.UART_WaitOnFlagUntilTimeout
                0x08002b76       0x9a CMakeFiles/iot_lab.elf.dir/Drivers/STM32L4xx_HAL_Driver/Src/stm32l4xx_hal_uart.c.obj
                0x08002b76                UART_WaitOnFlagUntilTimeout
 .text.HAL_UART_Transmit
                0x08002c10       0xc8 CMakeFiles/iot_lab.elf.dir/Drivers/STM32L4xx_HAL_Driver/Src/stm32l4xx_hal_uart.c.obj
                0x08002c10                HAL_UART_Transmit
 .text.HAL_UART_Receive
                0x08002cd8      0x118 CMakeFiles/iot_lab.elf.dir/Drivers/STM32L4xx_HAL_Driver/Src/stm32l4xx_hal_uart.c.obj
                0x08002cd8                HAL_UART_Receive
 .text.UART_CheckIdleState
                0x08002df0       0xc6 CMakeFiles/iot_lab.elf.dir/Drivers/STM32L4xx_HAL_Driver/Src/stm32l4xx_hal_uart.c.obj
                0x08002df0                UART_CheckIdleState
 .text.HAL_UART_Init
                0x08002eb6       0x62 CMakeFiles/iot_lab.elf.dir/Drivers/STM32L4xx_HAL_Driver/Src/stm32l4xx_hal_uart.c.obj
                0x08002eb6                HAL_UART_Init
 .text.__libc_init_array
                0x08002f18       0x48 c:/progra~2/gnuarm~1/102021~1.10/bin/../lib/gcc/arm-none-eabi/10.3.1/../../../../arm-none-eabi/lib/thumb/v7e-m/nofp\libg.a(lib_a-init.o)
                0x08002f18                __libc_init_array
 .text.memset   0x08002f60       0xa4 c:/progra~2/gnuarm~1/102021~1.10/bin/../lib/gcc/arm-none-eabi/10.3.1/../../../../arm-none-eabi/lib/thumb/v7e-m/nofp\libg.a(lib_a-memset.o)
                0x08002f60                memset
 .text.startup.register_fini
                0x08003004       0x14 c:/progra~2/gnuarm~1/102021~1.10/bin/../lib/gcc/arm-none-eabi/10.3.1/../../../../arm-none-eabi/lib/thumb/v7e-m/nofp\libg.a(lib_a-__call_atexit.o)
 .text.atexit   0x08003018        0xc c:/progra~2/gnuarm~1/102021~1.10/bin/../lib/gcc/arm-none-eabi/10.3.1/../../../../arm-none-eabi/lib/thumb/v7e-m/nofp\libg.a(lib_a-atexit.o)
                0x08003018                atexit
 .text.__libc_fini_array
                0x08003024       0x2c c:/progra~2/gnuarm~1/102021~1.10/bin/../lib/gcc/arm-none-eabi/10.3.1/../../../../arm-none-eabi/lib/thumb/v7e-m/nofp\libg.a(lib_a-fini.o)
                0x08003024                __libc_fini_array
 .text.__retarget_lock_acquire_recursive
                0x08003050        0x4 c:/progra~2/gnuarm~1/102021~1.10/bin/../lib/gcc/arm-none-eabi/10.3.1/../../../../arm-none-eabi/lib/thumb/v7e-m/nofp\libg.a(lib_a-lock.o)
                0x08003050                __retarget_lock_acquire_recursive
 .text.__retarget_lock_release_recursive
                0x08003054        0x4 c:/progra~2/gnuarm~1/102021~1.10/bin/../lib/gcc/arm-none-eabi/10.3.1/../../../../arm-none-eabi/lib/thumb/v7e-m/nofp\libg.a(lib_a-lock.o)
                0x08003054                __retarget_lock_release_recursive
 .text.__register_exitproc
                0x08003058       0x8c c:/progra~2/gnuarm~1/102021~1.10/bin/../lib/gcc/arm-none-eabi/10.3.1/../../../../arm-none-eabi/lib/thumb/v7e-m/nofp\libg.a(lib_a-__atexit.o)
                0x08003058                __register_exitproc
 *(.glue_7)
 .glue_7        0x080030e4        0x0 linker stubs
 *(.glue_7t)
 .glue_7t       0x080030e4        0x0 linker stubs
 *(.eh_frame)
 .eh_frame      0x080030e4        0x0 c:/progra~2/gnuarm~1/102021~1.10/bin/../lib/gcc/arm-none-eabi/10.3.1/thumb/v7e-m/nofp/crtbegin.o
 *(.init)
 .init          0x080030e4        0x4 c:/progra~2/gnuarm~1/102021~1.10/bin/../lib/gcc/arm-none-eabi/10.3.1/thumb/v7e-m/nofp/crti.o
                0x080030e4                _init
 .init          0x080030e8        0x8 c:/progra~2/gnuarm~1/102021~1.10/bin/../lib/gcc/arm-none-eabi/10.3.1/thumb/v7e-m/nofp/crtn.o
 *(.fini)
 .fini          0x080030f0        0x4 c:/progra~2/gnuarm~1/102021~1.10/bin/../lib/gcc/arm-none-eabi/10.3.1/thumb/v7e-m/nofp/crti.o
                0x080030f0                _fini
 .fini          0x080030f4        0x8 c:/progra~2/gnuarm~1/102021~1.10/bin/../lib/gcc/arm-none-eabi/10.3.1/thumb/v7e-m/nofp/crtn.o
                0x080030fc                . = ALIGN (0x4)
                0x080030fc                _etext = .

.vfp11_veneer   0x080030fc        0x0
 .vfp11_veneer  0x080030fc        0x0 linker stubs

.v4_bx          0x080030fc        0x0
 .v4_bx         0x080030fc        0x0 linker stubs

.iplt           0x080030fc        0x0
 .iplt          0x080030fc        0x0 c:/progra~2/gnuarm~1/102021~1.10/bin/../lib/gcc/arm-none-eabi/10.3.1/thumb/v7e-m/nofp/crtbegin.o

.rodata         0x080030fc       0x4c
                0x080030fc                . = ALIGN (0x4)
 *(.rodata)
 *(.rodata*)
 .rodata.AHBPrescTable
                0x080030fc       0x10 CMakeFiles/iot_lab.elf.dir/Core/Src/system_stm32l4xx.c.obj
                0x080030fc                AHBPrescTable
 .rodata.APBPrescTable
                0x0800310c        0x8 CMakeFiles/iot_lab.elf.dir/Core/Src/system_stm32l4xx.c.obj
                0x0800310c                APBPrescTable
 .rodata.MSIRangeTable
                0x08003114       0x30 CMakeFiles/iot_lab.elf.dir/Core/Src/system_stm32l4xx.c.obj
                0x08003114                MSIRangeTable
 .rodata._global_impure_ptr
                0x08003144        0x4 c:/progra~2/gnuarm~1/102021~1.10/bin/../lib/gcc/arm-none-eabi/10.3.1/../../../../arm-none-eabi/lib/thumb/v7e-m/nofp\libg.a(lib_a-impure.o)
                0x08003144                _global_impure_ptr
                0x08003148                . = ALIGN (0x4)

.ARM.extab      0x08003148        0x0
                0x08003148                . = ALIGN (0x4)
 *(.ARM.extab* .gnu.linkonce.armextab.*)
                0x08003148                . = ALIGN (0x4)

.ARM            0x08003148        0x8
                0x08003148                . = ALIGN (0x4)
                0x08003148                __exidx_start = .
 *(.ARM.exidx*)
 .ARM.exidx     0x08003148        0x8 c:/progra~2/gnuarm~1/102021~1.10/bin/../lib/gcc/arm-none-eabi/10.3.1/thumb/v7e-m/nofp\libgcc.a(_udivmoddi4.o)
                0x08003150                __exidx_end = .
                0x08003150                . = ALIGN (0x4)

.rel.dyn        0x08003150        0x0
 .rel.iplt      0x08003150        0x0 c:/progra~2/gnuarm~1/102021~1.10/bin/../lib/gcc/arm-none-eabi/10.3.1/thumb/v7e-m/nofp/crtbegin.o

.preinit_array  0x08003150        0x0
                0x08003150                . = ALIGN (0x4)
                0x08003150                PROVIDE (__preinit_array_start = .)
 *(.preinit_array*)
                0x08003150                PROVIDE (__preinit_array_end = .)
                0x08003150                . = ALIGN (0x4)

.init_array     0x08003150        0x8
                0x08003150                . = ALIGN (0x4)
                0x08003150                PROVIDE (__init_array_start = .)
 *(SORT_BY_NAME(.init_array.*))
 .init_array.00000
                0x08003150        0x4 c:/progra~2/gnuarm~1/102021~1.10/bin/../lib/gcc/arm-none-eabi/10.3.1/../../../../arm-none-eabi/lib/thumb/v7e-m/nofp\libg.a(lib_a-__call_atexit.o)
 *(.init_array*)
 .init_array    0x08003154        0x4 c:/progra~2/gnuarm~1/102021~1.10/bin/../lib/gcc/arm-none-eabi/10.3.1/thumb/v7e-m/nofp/crtbegin.o
                0x08003158                PROVIDE (__init_array_end = .)
                0x08003158                . = ALIGN (0x4)

.fini_array     0x08003158        0x4
                0x08003158                . = ALIGN (0x4)
                0x08003158                PROVIDE (__fini_array_start = .)
 *(SORT_BY_NAME(.fini_array.*))
 *(.fini_array*)
 .fini_array    0x08003158        0x4 c:/progra~2/gnuarm~1/102021~1.10/bin/../lib/gcc/arm-none-eabi/10.3.1/thumb/v7e-m/nofp/crtbegin.o
                0x0800315c                PROVIDE (__fini_array_end = .)
                0x0800315c                . = ALIGN (0x4)
                0x0800315c                _sidata = LOADADDR (.data)

.data           0x20000000      0x6cc load address 0x0800315c
                0x20000000                . = ALIGN (0x4)
                0x20000000                _sdata = .
 *(.data)
 *(.data*)
 .data.at_close_showback
                0x20000000       0x14 CMakeFiles/iot_lab.elf.dir/Core/Src/main.c.obj
                0x20000000                at_close_showback
 .data.at_open_showback
                0x20000014       0x14 CMakeFiles/iot_lab.elf.dir/Core/Src/main.c.obj
                0x20000014                at_open_showback
 .data.at_restart
                0x20000028       0x14 CMakeFiles/iot_lab.elf.dir/Core/Src/main.c.obj
                0x20000028                at_restart
 .data.at_search_address
                0x2000003c       0x14 CMakeFiles/iot_lab.elf.dir/Core/Src/main.c.obj
                0x2000003c                at_search_address
 .data.at_search_cwmode
                0x20000050       0x14 CMakeFiles/iot_lab.elf.dir/Core/Src/main.c.obj
                0x20000050                at_search_cwmode
 .data.at_search_tmode
                0x20000064       0x14 CMakeFiles/iot_lab.elf.dir/Core/Src/main.c.obj
                0x20000064                at_search_tmode
 .data.at_search_wlrate
                0x20000078       0x14 CMakeFiles/iot_lab.elf.dir/Core/Src/main.c.obj
                0x20000078                at_search_wlrate
 .data.at_set_address_a
                0x2000008c       0x14 CMakeFiles/iot_lab.elf.dir/Core/Src/main.c.obj
                0x2000008c                at_set_address_a
 .data.at_set_address_b
                0x200000a0       0x14 CMakeFiles/iot_lab.elf.dir/Core/Src/main.c.obj
                0x200000a0                at_set_address_b
 .data.at_set_tmode_orientation
                0x200000b4       0x14 CMakeFiles/iot_lab.elf.dir/Core/Src/main.c.obj
                0x200000b4                at_set_tmode_orientation
 .data.at_set_tmode_transparent
                0x200000c8       0x14 CMakeFiles/iot_lab.elf.dir/Core/Src/main.c.obj
                0x200000c8                at_set_tmode_transparent
 .data.at_set_uart_baudrate_115200
                0x200000dc       0x14 CMakeFiles/iot_lab.elf.dir/Core/Src/main.c.obj
                0x200000dc                at_set_uart_baudrate_115200
 .data.at_set_wlrate_a
                0x200000f0       0x1e CMakeFiles/iot_lab.elf.dir/Core/Src/main.c.obj
                0x200000f0                at_set_wlrate_a
 *fill*         0x2000010e        0x2 
 .data.at_set_wlrate_b
                0x20000110       0x1e CMakeFiles/iot_lab.elf.dir/Core/Src/main.c.obj
                0x20000110                at_set_wlrate_b
 *fill*         0x2000012e        0x2 
 .data.at_test  0x20000130       0x14 CMakeFiles/iot_lab.elf.dir/Core/Src/main.c.obj
                0x20000130                at_test
 .data.choose_board
                0x20000144       0x64 CMakeFiles/iot_lab.elf.dir/Core/Src/main.c.obj
                0x20000144                choose_board
 .data.choose_mode
                0x200001a8       0x64 CMakeFiles/iot_lab.elf.dir/Core/Src/main.c.obj
                0x200001a8                choose_mode
 .data.choose_work
                0x2000020c       0x64 CMakeFiles/iot_lab.elf.dir/Core/Src/main.c.obj
                0x2000020c                choose_work
 .data.error    0x20000270       0x1e CMakeFiles/iot_lab.elf.dir/Core/Src/main.c.obj
                0x20000270                error
 *fill*         0x2000028e        0x2 
 .data.SystemCoreClock
                0x20000290        0x4 CMakeFiles/iot_lab.elf.dir/Core/Src/system_stm32l4xx.c.obj
                0x20000290                SystemCoreClock
 .data.uwTickFreq
                0x20000294        0x1 CMakeFiles/iot_lab.elf.dir/Drivers/STM32L4xx_HAL_Driver/Src/stm32l4xx_hal.c.obj
                0x20000294                uwTickFreq
 *fill*         0x20000295        0x3 
 .data.uwTickPrio
                0x20000298        0x4 CMakeFiles/iot_lab.elf.dir/Drivers/STM32L4xx_HAL_Driver/Src/stm32l4xx_hal.c.obj
                0x20000298                uwTickPrio
 *fill*         0x2000029c        0x4 
 .data.impure_data
                0x200002a0      0x428 c:/progra~2/gnuarm~1/102021~1.10/bin/../lib/gcc/arm-none-eabi/10.3.1/../../../../arm-none-eabi/lib/thumb/v7e-m/nofp\libg.a(lib_a-impure.o)
 .data.__atexit_recursive_mutex
                0x200006c8        0x4 c:/progra~2/gnuarm~1/102021~1.10/bin/../lib/gcc/arm-none-eabi/10.3.1/../../../../arm-none-eabi/lib/thumb/v7e-m/nofp\libg.a(lib_a-__call_atexit.o)
                0x200006c8                __atexit_recursive_mutex
 *(.RamFunc)
 *(.RamFunc*)
                0x200006cc                . = ALIGN (0x4)
                0x200006cc                _edata = .

.igot.plt       0x200006cc        0x0 load address 0x08003828
 .igot.plt      0x200006cc        0x0 c:/progra~2/gnuarm~1/102021~1.10/bin/../lib/gcc/arm-none-eabi/10.3.1/thumb/v7e-m/nofp/crtbegin.o
                0x200006cc                . = ALIGN (0x4)

.bss            0x200006cc      0x344 load address 0x08003828
                0x200006cc                _sbss = .
                0x200006cc                __bss_start__ = _sbss
 *(.bss)
 .bss           0x200006cc       0x1c c:/progra~2/gnuarm~1/102021~1.10/bin/../lib/gcc/arm-none-eabi/10.3.1/thumb/v7e-m/nofp/crtbegin.o
 *(.bss*)
 .bss.config_ab
                0x200006e8        0x1 CMakeFiles/iot_lab.elf.dir/Core/Src/main.c.obj
                0x200006e8                config_ab
 .bss.config_flag
                0x200006e9        0x1 CMakeFiles/iot_lab.elf.dir/Core/Src/main.c.obj
                0x200006e9                config_flag
 *fill*         0x200006ea        0x2 
 .bss.rx1_buffer
                0x200006ec      0x100 CMakeFiles/iot_lab.elf.dir/Core/Src/main.c.obj
                0x200006ec                rx1_buffer
 .bss.rx2_buffer
                0x200007ec      0x100 CMakeFiles/iot_lab.elf.dir/Core/Src/main.c.obj
                0x200007ec                rx2_buffer
 .bss.trans_mode
                0x200008ec        0x1 CMakeFiles/iot_lab.elf.dir/Core/Src/main.c.obj
                0x200008ec                trans_mode
 *fill*         0x200008ed        0x3 
 .bss.rx1_count
                0x200008f0        0x4 CMakeFiles/iot_lab.elf.dir/Core/Src/stm32l4xx_it.c.obj
                0x200008f0                rx1_count
 .bss.rx2_count
                0x200008f4        0x4 CMakeFiles/iot_lab.elf.dir/Core/Src/stm32l4xx_it.c.obj
                0x200008f4                rx2_count
 .bss.huart1    0x200008f8       0x88 CMakeFiles/iot_lab.elf.dir/Core/Src/usart.c.obj
                0x200008f8                huart1
 .bss.huart2    0x20000980       0x88 CMakeFiles/iot_lab.elf.dir/Core/Src/usart.c.obj
                0x20000980                huart2
 .bss.uwTick    0x20000a08        0x4 CMakeFiles/iot_lab.elf.dir/Drivers/STM32L4xx_HAL_Driver/Src/stm32l4xx_hal.c.obj
                0x20000a08                uwTick
 .bss.__lock___atexit_recursive_mutex
                0x20000a0c        0x1 c:/progra~2/gnuarm~1/102021~1.10/bin/../lib/gcc/arm-none-eabi/10.3.1/../../../../arm-none-eabi/lib/thumb/v7e-m/nofp\libg.a(lib_a-lock.o)
                0x20000a0c                __lock___atexit_recursive_mutex
 *(COMMON)
                0x20000a10                . = ALIGN (0x4)
 *fill*         0x20000a0d        0x3 
                0x20000a10                _ebss = .
                0x20000a10                __bss_end__ = _ebss

._user_heap_stack
                0x20000a10      0x600 load address 0x08003828
                0x20000a10                . = ALIGN (0x8)
                [!provide]                PROVIDE (end = .)
                0x20000a10                PROVIDE (_end = .)
                0x20000c10                . = (. + _Min_Heap_Size)
 *fill*         0x20000a10      0x200 
                0x20001010                . = (. + _Min_Stack_Size)
 *fill*         0x20000c10      0x400 
                0x20001010                . = ALIGN (0x8)

/DISCARD/
 libc.a(*)
 libm.a(*)
 libgcc.a(*)

.ARM.attributes
                0x00000000       0x2a
 *(.ARM.attributes)
 .ARM.attributes
                0x00000000       0x1e c:/progra~2/gnuarm~1/102021~1.10/bin/../lib/gcc/arm-none-eabi/10.3.1/thumb/v7e-m/nofp/crti.o
 .ARM.attributes
                0x0000001e       0x2e c:/progra~2/gnuarm~1/102021~1.10/bin/../lib/gcc/arm-none-eabi/10.3.1/thumb/v7e-m/nofp/crtbegin.o
 .ARM.attributes
                0x0000004c       0x2e CMakeFiles/iot_lab.elf.dir/Core/Src/gpio.c.obj
 .ARM.attributes
                0x0000007a       0x2e CMakeFiles/iot_lab.elf.dir/Core/Src/main.c.obj
 .ARM.attributes
                0x000000a8       0x2e CMakeFiles/iot_lab.elf.dir/Core/Src/stm32l4xx_hal_msp.c.obj
 .ARM.attributes
                0x000000d6       0x2e CMakeFiles/iot_lab.elf.dir/Core/Src/stm32l4xx_it.c.obj
 .ARM.attributes
                0x00000104       0x2e CMakeFiles/iot_lab.elf.dir/Core/Src/system_stm32l4xx.c.obj
 .ARM.attributes
                0x00000132       0x2e CMakeFiles/iot_lab.elf.dir/Core/Src/usart.c.obj
 .ARM.attributes
                0x00000160       0x21 CMakeFiles/iot_lab.elf.dir/Core/Startup/startup_stm32l475vetx.s.obj
 .ARM.attributes
                0x00000181       0x2e CMakeFiles/iot_lab.elf.dir/Drivers/STM32L4xx_HAL_Driver/Src/stm32l4xx_hal.c.obj
 .ARM.attributes
                0x000001af       0x2e CMakeFiles/iot_lab.elf.dir/Drivers/STM32L4xx_HAL_Driver/Src/stm32l4xx_hal_cortex.c.obj
 .ARM.attributes
                0x000001dd       0x2e CMakeFiles/iot_lab.elf.dir/Drivers/STM32L4xx_HAL_Driver/Src/stm32l4xx_hal_gpio.c.obj
 .ARM.attributes
                0x0000020b       0x2e CMakeFiles/iot_lab.elf.dir/Drivers/STM32L4xx_HAL_Driver/Src/stm32l4xx_hal_pwr.c.obj
 .ARM.attributes
                0x00000239       0x2e CMakeFiles/iot_lab.elf.dir/Drivers/STM32L4xx_HAL_Driver/Src/stm32l4xx_hal_pwr_ex.c.obj
 .ARM.attributes
                0x00000267       0x2e CMakeFiles/iot_lab.elf.dir/Drivers/STM32L4xx_HAL_Driver/Src/stm32l4xx_hal_rcc.c.obj
 .ARM.attributes
                0x00000295       0x2e CMakeFiles/iot_lab.elf.dir/Drivers/STM32L4xx_HAL_Driver/Src/stm32l4xx_hal_rcc_ex.c.obj
 .ARM.attributes
                0x000002c3       0x2e CMakeFiles/iot_lab.elf.dir/Drivers/STM32L4xx_HAL_Driver/Src/stm32l4xx_hal_uart.c.obj
 .ARM.attributes
                0x000002f1       0x1e c:/progra~2/gnuarm~1/102021~1.10/bin/../lib/gcc/arm-none-eabi/10.3.1/thumb/v7e-m/nofp\libgcc.a(_aeabi_uldivmod.o)
 .ARM.attributes
                0x0000030f       0x2e c:/progra~2/gnuarm~1/102021~1.10/bin/../lib/gcc/arm-none-eabi/10.3.1/thumb/v7e-m/nofp\libgcc.a(_udivmoddi4.o)
 .ARM.attributes
                0x0000033d       0x1e c:/progra~2/gnuarm~1/102021~1.10/bin/../lib/gcc/arm-none-eabi/10.3.1/thumb/v7e-m/nofp\libgcc.a(_dvmd_tls.o)
 .ARM.attributes
                0x0000035b       0x2e c:/progra~2/gnuarm~1/102021~1.10/bin/../lib/gcc/arm-none-eabi/10.3.1/../../../../arm-none-eabi/lib/thumb/v7e-m/nofp\libg.a(lib_a-impure.o)
 .ARM.attributes
                0x00000389       0x2e c:/progra~2/gnuarm~1/102021~1.10/bin/../lib/gcc/arm-none-eabi/10.3.1/../../../../arm-none-eabi/lib/thumb/v7e-m/nofp\libg.a(lib_a-init.o)
 .ARM.attributes
                0x000003b7       0x2e c:/progra~2/gnuarm~1/102021~1.10/bin/../lib/gcc/arm-none-eabi/10.3.1/../../../../arm-none-eabi/lib/thumb/v7e-m/nofp\libg.a(lib_a-memset.o)
 .ARM.attributes
                0x000003e5       0x1c c:/progra~2/gnuarm~1/102021~1.10/bin/../lib/gcc/arm-none-eabi/10.3.1/../../../../arm-none-eabi/lib/thumb/v7e-m/nofp\libg.a(lib_a-strlen.o)
 .ARM.attributes
                0x00000401       0x2e c:/progra~2/gnuarm~1/102021~1.10/bin/../lib/gcc/arm-none-eabi/10.3.1/../../../../arm-none-eabi/lib/thumb/v7e-m/nofp\libg.a(lib_a-__call_atexit.o)
 .ARM.attributes
                0x0000042f       0x2e c:/progra~2/gnuarm~1/102021~1.10/bin/../lib/gcc/arm-none-eabi/10.3.1/../../../../arm-none-eabi/lib/thumb/v7e-m/nofp\libg.a(lib_a-atexit.o)
 .ARM.attributes
                0x0000045d       0x2e c:/progra~2/gnuarm~1/102021~1.10/bin/../lib/gcc/arm-none-eabi/10.3.1/../../../../arm-none-eabi/lib/thumb/v7e-m/nofp\libg.a(lib_a-fini.o)
 .ARM.attributes
                0x0000048b       0x2e c:/progra~2/gnuarm~1/102021~1.10/bin/../lib/gcc/arm-none-eabi/10.3.1/../../../../arm-none-eabi/lib/thumb/v7e-m/nofp\libg.a(lib_a-lock.o)
 .ARM.attributes
                0x000004b9       0x2e c:/progra~2/gnuarm~1/102021~1.10/bin/../lib/gcc/arm-none-eabi/10.3.1/../../../../arm-none-eabi/lib/thumb/v7e-m/nofp\libg.a(lib_a-__atexit.o)
 .ARM.attributes
                0x000004e7       0x1e c:/progra~2/gnuarm~1/102021~1.10/bin/../lib/gcc/arm-none-eabi/10.3.1/thumb/v7e-m/nofp/crtn.o
OUTPUT(iot_lab.elf elf32-littlearm)
LOAD linker stubs
LOAD c:/progra~2/gnuarm~1/102021~1.10/bin/../lib/gcc/arm-none-eabi/10.3.1/../../../../arm-none-eabi/lib/thumb/v7e-m/nofp\libc.a
LOAD c:/progra~2/gnuarm~1/102021~1.10/bin/../lib/gcc/arm-none-eabi/10.3.1/../../../../arm-none-eabi/lib/thumb/v7e-m/nofp\libm.a
LOAD c:/progra~2/gnuarm~1/102021~1.10/bin/../lib/gcc/arm-none-eabi/10.3.1/thumb/v7e-m/nofp\libgcc.a

.debug_info     0x00000000     0xedb6
 .debug_info    0x00000000      0x4d7 CMakeFiles/iot_lab.elf.dir/Core/Src/gpio.c.obj
 .debug_info    0x000004d7     0x18e2 CMakeFiles/iot_lab.elf.dir/Core/Src/main.c.obj
 .debug_info    0x00001db9      0x304 CMakeFiles/iot_lab.elf.dir/Core/Src/stm32l4xx_hal_msp.c.obj
 .debug_info    0x000020bd      0xa2b CMakeFiles/iot_lab.elf.dir/Core/Src/stm32l4xx_it.c.obj
 .debug_info    0x00002ae8      0x425 CMakeFiles/iot_lab.elf.dir/Core/Src/system_stm32l4xx.c.obj
 .debug_info    0x00002f0d     0x119b CMakeFiles/iot_lab.elf.dir/Core/Src/usart.c.obj
 .debug_info    0x000040a8       0x22 CMakeFiles/iot_lab.elf.dir/Core/Startup/startup_stm32l475vetx.s.obj
 .debug_info    0x000040ca      0xbc0 CMakeFiles/iot_lab.elf.dir/Drivers/STM32L4xx_HAL_Driver/Src/stm32l4xx_hal.c.obj
 .debug_info    0x00004c8a     0x1098 CMakeFiles/iot_lab.elf.dir/Drivers/STM32L4xx_HAL_Driver/Src/stm32l4xx_hal_cortex.c.obj
 .debug_info    0x00005d22      0x857 CMakeFiles/iot_lab.elf.dir/Drivers/STM32L4xx_HAL_Driver/Src/stm32l4xx_hal_gpio.c.obj
 .debug_info    0x00006579      0x98b CMakeFiles/iot_lab.elf.dir/Drivers/STM32L4xx_HAL_Driver/Src/stm32l4xx_hal_pwr.c.obj
 .debug_info    0x00006f04      0xa7c CMakeFiles/iot_lab.elf.dir/Drivers/STM32L4xx_HAL_Driver/Src/stm32l4xx_hal_pwr_ex.c.obj
 .debug_info    0x00007980      0xf3f CMakeFiles/iot_lab.elf.dir/Drivers/STM32L4xx_HAL_Driver/Src/stm32l4xx_hal_rcc.c.obj
 .debug_info    0x000088bf     0x125c CMakeFiles/iot_lab.elf.dir/Drivers/STM32L4xx_HAL_Driver/Src/stm32l4xx_hal_rcc_ex.c.obj
 .debug_info    0x00009b1b     0x529b CMakeFiles/iot_lab.elf.dir/Drivers/STM32L4xx_HAL_Driver/Src/stm32l4xx_hal_uart.c.obj

.debug_abbrev   0x00000000     0x1c80
 .debug_abbrev  0x00000000      0x14e CMakeFiles/iot_lab.elf.dir/Core/Src/gpio.c.obj
 .debug_abbrev  0x0000014e      0x279 CMakeFiles/iot_lab.elf.dir/Core/Src/main.c.obj
 .debug_abbrev  0x000003c7       0xbf CMakeFiles/iot_lab.elf.dir/Core/Src/stm32l4xx_hal_msp.c.obj
 .debug_abbrev  0x00000486      0x226 CMakeFiles/iot_lab.elf.dir/Core/Src/stm32l4xx_it.c.obj
 .debug_abbrev  0x000006ac      0x119 CMakeFiles/iot_lab.elf.dir/Core/Src/system_stm32l4xx.c.obj
 .debug_abbrev  0x000007c5      0x1f4 CMakeFiles/iot_lab.elf.dir/Core/Src/usart.c.obj
 .debug_abbrev  0x000009b9       0x12 CMakeFiles/iot_lab.elf.dir/Core/Startup/startup_stm32l475vetx.s.obj
 .debug_abbrev  0x000009cb      0x22a CMakeFiles/iot_lab.elf.dir/Drivers/STM32L4xx_HAL_Driver/Src/stm32l4xx_hal.c.obj
 .debug_abbrev  0x00000bf5      0x36a CMakeFiles/iot_lab.elf.dir/Drivers/STM32L4xx_HAL_Driver/Src/stm32l4xx_hal_cortex.c.obj
 .debug_abbrev  0x00000f5f      0x1e6 CMakeFiles/iot_lab.elf.dir/Drivers/STM32L4xx_HAL_Driver/Src/stm32l4xx_hal_gpio.c.obj
 .debug_abbrev  0x00001145      0x187 CMakeFiles/iot_lab.elf.dir/Drivers/STM32L4xx_HAL_Driver/Src/stm32l4xx_hal_pwr.c.obj
 .debug_abbrev  0x000012cc      0x215 CMakeFiles/iot_lab.elf.dir/Drivers/STM32L4xx_HAL_Driver/Src/stm32l4xx_hal_pwr_ex.c.obj
 .debug_abbrev  0x000014e1      0x251 CMakeFiles/iot_lab.elf.dir/Drivers/STM32L4xx_HAL_Driver/Src/stm32l4xx_hal_rcc.c.obj
 .debug_abbrev  0x00001732      0x275 CMakeFiles/iot_lab.elf.dir/Drivers/STM32L4xx_HAL_Driver/Src/stm32l4xx_hal_rcc_ex.c.obj
 .debug_abbrev  0x000019a7      0x2d9 CMakeFiles/iot_lab.elf.dir/Drivers/STM32L4xx_HAL_Driver/Src/stm32l4xx_hal_uart.c.obj

.debug_aranges  0x00000000      0x938
 .debug_aranges
                0x00000000       0x20 CMakeFiles/iot_lab.elf.dir/Core/Src/gpio.c.obj
 .debug_aranges
                0x00000020       0x58 CMakeFiles/iot_lab.elf.dir/Core/Src/main.c.obj
 .debug_aranges
                0x00000078       0x20 CMakeFiles/iot_lab.elf.dir/Core/Src/stm32l4xx_hal_msp.c.obj
 .debug_aranges
                0x00000098       0x88 CMakeFiles/iot_lab.elf.dir/Core/Src/stm32l4xx_it.c.obj
 .debug_aranges
                0x00000120       0x28 CMakeFiles/iot_lab.elf.dir/Core/Src/system_stm32l4xx.c.obj
 .debug_aranges
                0x00000148       0x38 CMakeFiles/iot_lab.elf.dir/Core/Src/usart.c.obj
 .debug_aranges
                0x00000180       0x28 CMakeFiles/iot_lab.elf.dir/Core/Startup/startup_stm32l475vetx.s.obj
 .debug_aranges
                0x000001a8      0x130 CMakeFiles/iot_lab.elf.dir/Drivers/STM32L4xx_HAL_Driver/Src/stm32l4xx_hal.c.obj
 .debug_aranges
                0x000002d8       0xa8 CMakeFiles/iot_lab.elf.dir/Drivers/STM32L4xx_HAL_Driver/Src/stm32l4xx_hal_cortex.c.obj
 .debug_aranges
                0x00000380       0x58 CMakeFiles/iot_lab.elf.dir/Drivers/STM32L4xx_HAL_Driver/Src/stm32l4xx_hal_gpio.c.obj
 .debug_aranges
                0x000003d8       0x98 CMakeFiles/iot_lab.elf.dir/Drivers/STM32L4xx_HAL_Driver/Src/stm32l4xx_hal_pwr.c.obj
 .debug_aranges
                0x00000470      0x150 CMakeFiles/iot_lab.elf.dir/Drivers/STM32L4xx_HAL_Driver/Src/stm32l4xx_hal_pwr_ex.c.obj
 .debug_aranges
                0x000005c0       0x90 CMakeFiles/iot_lab.elf.dir/Drivers/STM32L4xx_HAL_Driver/Src/stm32l4xx_hal_rcc.c.obj
 .debug_aranges
                0x00000650       0xc0 CMakeFiles/iot_lab.elf.dir/Drivers/STM32L4xx_HAL_Driver/Src/stm32l4xx_hal_rcc_ex.c.obj
 .debug_aranges
                0x00000710      0x228 CMakeFiles/iot_lab.elf.dir/Drivers/STM32L4xx_HAL_Driver/Src/stm32l4xx_hal_uart.c.obj

.debug_ranges   0x00000000      0x8f8
 .debug_ranges  0x00000000       0x10 CMakeFiles/iot_lab.elf.dir/Core/Src/gpio.c.obj
 .debug_ranges  0x00000010       0x48 CMakeFiles/iot_lab.elf.dir/Core/Src/main.c.obj
 .debug_ranges  0x00000058       0x10 CMakeFiles/iot_lab.elf.dir/Core/Src/stm32l4xx_hal_msp.c.obj
 .debug_ranges  0x00000068       0x78 CMakeFiles/iot_lab.elf.dir/Core/Src/stm32l4xx_it.c.obj
 .debug_ranges  0x000000e0       0x18 CMakeFiles/iot_lab.elf.dir/Core/Src/system_stm32l4xx.c.obj
 .debug_ranges  0x000000f8       0x28 CMakeFiles/iot_lab.elf.dir/Core/Src/usart.c.obj
 .debug_ranges  0x00000120       0x20 CMakeFiles/iot_lab.elf.dir/Core/Startup/startup_stm32l475vetx.s.obj
 .debug_ranges  0x00000140      0x120 CMakeFiles/iot_lab.elf.dir/Drivers/STM32L4xx_HAL_Driver/Src/stm32l4xx_hal.c.obj
 .debug_ranges  0x00000260       0xf8 CMakeFiles/iot_lab.elf.dir/Drivers/STM32L4xx_HAL_Driver/Src/stm32l4xx_hal_cortex.c.obj
 .debug_ranges  0x00000358       0x48 CMakeFiles/iot_lab.elf.dir/Drivers/STM32L4xx_HAL_Driver/Src/stm32l4xx_hal_gpio.c.obj
 .debug_ranges  0x000003a0       0x88 CMakeFiles/iot_lab.elf.dir/Drivers/STM32L4xx_HAL_Driver/Src/stm32l4xx_hal_pwr.c.obj
 .debug_ranges  0x00000428      0x140 CMakeFiles/iot_lab.elf.dir/Drivers/STM32L4xx_HAL_Driver/Src/stm32l4xx_hal_pwr_ex.c.obj
 .debug_ranges  0x00000568       0x98 CMakeFiles/iot_lab.elf.dir/Drivers/STM32L4xx_HAL_Driver/Src/stm32l4xx_hal_rcc.c.obj
 .debug_ranges  0x00000600       0xc8 CMakeFiles/iot_lab.elf.dir/Drivers/STM32L4xx_HAL_Driver/Src/stm32l4xx_hal_rcc_ex.c.obj
 .debug_ranges  0x000006c8      0x230 CMakeFiles/iot_lab.elf.dir/Drivers/STM32L4xx_HAL_Driver/Src/stm32l4xx_hal_uart.c.obj

.debug_line     0x00000000     0xb609
 .debug_line    0x00000000      0x225 CMakeFiles/iot_lab.elf.dir/Core/Src/gpio.c.obj
 .debug_line    0x00000225      0x717 CMakeFiles/iot_lab.elf.dir/Core/Src/main.c.obj
 .debug_line    0x0000093c      0x199 CMakeFiles/iot_lab.elf.dir/Core/Src/stm32l4xx_hal_msp.c.obj
 .debug_line    0x00000ad5      0x552 CMakeFiles/iot_lab.elf.dir/Core/Src/stm32l4xx_it.c.obj
 .debug_line    0x00001027      0x2a5 CMakeFiles/iot_lab.elf.dir/Core/Src/system_stm32l4xx.c.obj
 .debug_line    0x000012cc      0x4d2 CMakeFiles/iot_lab.elf.dir/Core/Src/usart.c.obj
 .debug_line    0x0000179e       0xb6 CMakeFiles/iot_lab.elf.dir/Core/Startup/startup_stm32l475vetx.s.obj
 .debug_line    0x00001854      0x732 CMakeFiles/iot_lab.elf.dir/Drivers/STM32L4xx_HAL_Driver/Src/stm32l4xx_hal.c.obj
 .debug_line    0x00001f86      0x80d CMakeFiles/iot_lab.elf.dir/Drivers/STM32L4xx_HAL_Driver/Src/stm32l4xx_hal_cortex.c.obj
 .debug_line    0x00002793      0x735 CMakeFiles/iot_lab.elf.dir/Drivers/STM32L4xx_HAL_Driver/Src/stm32l4xx_hal_gpio.c.obj
 .debug_line    0x00002ec8      0x4b4 CMakeFiles/iot_lab.elf.dir/Drivers/STM32L4xx_HAL_Driver/Src/stm32l4xx_hal_pwr.c.obj
 .debug_line    0x0000337c      0xb44 CMakeFiles/iot_lab.elf.dir/Drivers/STM32L4xx_HAL_Driver/Src/stm32l4xx_hal_pwr_ex.c.obj
 .debug_line    0x00003ec0      0xf5f CMakeFiles/iot_lab.elf.dir/Drivers/STM32L4xx_HAL_Driver/Src/stm32l4xx_hal_rcc.c.obj
 .debug_line    0x00004e1f     0x1592 CMakeFiles/iot_lab.elf.dir/Drivers/STM32L4xx_HAL_Driver/Src/stm32l4xx_hal_rcc_ex.c.obj
 .debug_line    0x000063b1     0x5258 CMakeFiles/iot_lab.elf.dir/Drivers/STM32L4xx_HAL_Driver/Src/stm32l4xx_hal_uart.c.obj

.debug_str      0x00000000     0x36ec
 .debug_str     0x00000000      0x3bc CMakeFiles/iot_lab.elf.dir/Core/Src/gpio.c.obj
                                0x40c (size before relaxing)
 .debug_str     0x000003bc      0xdab CMakeFiles/iot_lab.elf.dir/Core/Src/main.c.obj
                               0x10aa (size before relaxing)
 .debug_str     0x00001167       0x5a CMakeFiles/iot_lab.elf.dir/Core/Src/stm32l4xx_hal_msp.c.obj
                                0x356 (size before relaxing)
 .debug_str     0x000011c1      0x190 CMakeFiles/iot_lab.elf.dir/Core/Src/stm32l4xx_it.c.obj
                                0x814 (size before relaxing)
 .debug_str     0x00001351       0xcc CMakeFiles/iot_lab.elf.dir/Core/Src/system_stm32l4xx.c.obj
                                0x3d3 (size before relaxing)
 .debug_str     0x0000141d      0x32d CMakeFiles/iot_lab.elf.dir/Core/Src/usart.c.obj
                               0x107d (size before relaxing)
 .debug_str     0x0000174a       0x64 CMakeFiles/iot_lab.elf.dir/Core/Startup/startup_stm32l475vetx.s.obj
                                 0xa7 (size before relaxing)
 .debug_str     0x000017ae      0x4ca CMakeFiles/iot_lab.elf.dir/Drivers/STM32L4xx_HAL_Driver/Src/stm32l4xx_hal.c.obj
                                0xd33 (size before relaxing)
 .debug_str     0x00001c78      0x49f CMakeFiles/iot_lab.elf.dir/Drivers/STM32L4xx_HAL_Driver/Src/stm32l4xx_hal_cortex.c.obj
                                0xc65 (size before relaxing)
 .debug_str     0x00002117      0x114 CMakeFiles/iot_lab.elf.dir/Drivers/STM32L4xx_HAL_Driver/Src/stm32l4xx_hal_gpio.c.obj
                                0x58e (size before relaxing)
 .debug_str     0x0000222b      0x301 CMakeFiles/iot_lab.elf.dir/Drivers/STM32L4xx_HAL_Driver/Src/stm32l4xx_hal_pwr.c.obj
                                0x6fc (size before relaxing)
 .debug_str     0x0000252c      0x462 CMakeFiles/iot_lab.elf.dir/Drivers/STM32L4xx_HAL_Driver/Src/stm32l4xx_hal_pwr_ex.c.obj
                                0x862 (size before relaxing)
 .debug_str     0x0000298e      0x26b CMakeFiles/iot_lab.elf.dir/Drivers/STM32L4xx_HAL_Driver/Src/stm32l4xx_hal_rcc.c.obj
                                0x8ea (size before relaxing)
 .debug_str     0x00002bf9      0x2f2 CMakeFiles/iot_lab.elf.dir/Drivers/STM32L4xx_HAL_Driver/Src/stm32l4xx_hal_rcc_ex.c.obj
                                0xb09 (size before relaxing)
 .debug_str     0x00002eeb      0x801 CMakeFiles/iot_lab.elf.dir/Drivers/STM32L4xx_HAL_Driver/Src/stm32l4xx_hal_uart.c.obj
                               0x1062 (size before relaxing)

.comment        0x00000000       0x49
 .comment       0x00000000       0x49 CMakeFiles/iot_lab.elf.dir/Core/Src/gpio.c.obj
                                 0x4a (size before relaxing)
 .comment       0x00000049       0x4a CMakeFiles/iot_lab.elf.dir/Core/Src/main.c.obj
 .comment       0x00000049       0x4a CMakeFiles/iot_lab.elf.dir/Core/Src/stm32l4xx_hal_msp.c.obj
 .comment       0x00000049       0x4a CMakeFiles/iot_lab.elf.dir/Core/Src/stm32l4xx_it.c.obj
 .comment       0x00000049       0x4a CMakeFiles/iot_lab.elf.dir/Core/Src/system_stm32l4xx.c.obj
 .comment       0x00000049       0x4a CMakeFiles/iot_lab.elf.dir/Core/Src/usart.c.obj
 .comment       0x00000049       0x4a CMakeFiles/iot_lab.elf.dir/Drivers/STM32L4xx_HAL_Driver/Src/stm32l4xx_hal.c.obj
 .comment       0x00000049       0x4a CMakeFiles/iot_lab.elf.dir/Drivers/STM32L4xx_HAL_Driver/Src/stm32l4xx_hal_cortex.c.obj
 .comment       0x00000049       0x4a CMakeFiles/iot_lab.elf.dir/Drivers/STM32L4xx_HAL_Driver/Src/stm32l4xx_hal_gpio.c.obj
 .comment       0x00000049       0x4a CMakeFiles/iot_lab.elf.dir/Drivers/STM32L4xx_HAL_Driver/Src/stm32l4xx_hal_pwr.c.obj
 .comment       0x00000049       0x4a CMakeFiles/iot_lab.elf.dir/Drivers/STM32L4xx_HAL_Driver/Src/stm32l4xx_hal_pwr_ex.c.obj
 .comment       0x00000049       0x4a CMakeFiles/iot_lab.elf.dir/Drivers/STM32L4xx_HAL_Driver/Src/stm32l4xx_hal_rcc.c.obj
 .comment       0x00000049       0x4a CMakeFiles/iot_lab.elf.dir/Drivers/STM32L4xx_HAL_Driver/Src/stm32l4xx_hal_rcc_ex.c.obj
 .comment       0x00000049       0x4a CMakeFiles/iot_lab.elf.dir/Drivers/STM32L4xx_HAL_Driver/Src/stm32l4xx_hal_uart.c.obj

.debug_frame    0x00000000     0x1750
 .debug_frame   0x00000000       0x30 CMakeFiles/iot_lab.elf.dir/Core/Src/gpio.c.obj
 .debug_frame   0x00000030       0xe4 CMakeFiles/iot_lab.elf.dir/Core/Src/main.c.obj
 .debug_frame   0x00000114       0x28 CMakeFiles/iot_lab.elf.dir/Core/Src/stm32l4xx_hal_msp.c.obj
 .debug_frame   0x0000013c      0x138 CMakeFiles/iot_lab.elf.dir/Core/Src/stm32l4xx_it.c.obj
 .debug_frame   0x00000274       0x30 CMakeFiles/iot_lab.elf.dir/Core/Src/system_stm32l4xx.c.obj
 .debug_frame   0x000002a4       0x7c CMakeFiles/iot_lab.elf.dir/Core/Src/usart.c.obj
 .debug_frame   0x00000320      0x274 CMakeFiles/iot_lab.elf.dir/Drivers/STM32L4xx_HAL_Driver/Src/stm32l4xx_hal.c.obj
 .debug_frame   0x00000594      0x148 CMakeFiles/iot_lab.elf.dir/Drivers/STM32L4xx_HAL_Driver/Src/stm32l4xx_hal_cortex.c.obj
 .debug_frame   0x000006dc       0xd0 CMakeFiles/iot_lab.elf.dir/Drivers/STM32L4xx_HAL_Driver/Src/stm32l4xx_hal_gpio.c.obj
 .debug_frame   0x000007ac      0x120 CMakeFiles/iot_lab.elf.dir/Drivers/STM32L4xx_HAL_Driver/Src/stm32l4xx_hal_pwr.c.obj
 .debug_frame   0x000008cc      0x298 CMakeFiles/iot_lab.elf.dir/Drivers/STM32L4xx_HAL_Driver/Src/stm32l4xx_hal_pwr_ex.c.obj
 .debug_frame   0x00000b64      0x19c CMakeFiles/iot_lab.elf.dir/Drivers/STM32L4xx_HAL_Driver/Src/stm32l4xx_hal_rcc.c.obj
 .debug_frame   0x00000d00      0x204 CMakeFiles/iot_lab.elf.dir/Drivers/STM32L4xx_HAL_Driver/Src/stm32l4xx_hal_rcc_ex.c.obj
 .debug_frame   0x00000f04      0x600 CMakeFiles/iot_lab.elf.dir/Drivers/STM32L4xx_HAL_Driver/Src/stm32l4xx_hal_uart.c.obj
 .debug_frame   0x00001504       0x2c c:/progra~2/gnuarm~1/102021~1.10/bin/../lib/gcc/arm-none-eabi/10.3.1/thumb/v7e-m/nofp\libgcc.a(_aeabi_uldivmod.o)
 .debug_frame   0x00001530       0x34 c:/progra~2/gnuarm~1/102021~1.10/bin/../lib/gcc/arm-none-eabi/10.3.1/thumb/v7e-m/nofp\libgcc.a(_udivmoddi4.o)
 .debug_frame   0x00001564       0x2c c:/progra~2/gnuarm~1/102021~1.10/bin/../lib/gcc/arm-none-eabi/10.3.1/../../../../arm-none-eabi/lib/thumb/v7e-m/nofp\libg.a(lib_a-init.o)
 .debug_frame   0x00001590       0x2c c:/progra~2/gnuarm~1/102021~1.10/bin/../lib/gcc/arm-none-eabi/10.3.1/../../../../arm-none-eabi/lib/thumb/v7e-m/nofp\libg.a(lib_a-memset.o)
 .debug_frame   0x000015bc       0x5c c:/progra~2/gnuarm~1/102021~1.10/bin/../lib/gcc/arm-none-eabi/10.3.1/../../../../arm-none-eabi/lib/thumb/v7e-m/nofp\libg.a(lib_a-__call_atexit.o)
 .debug_frame   0x00001618       0x20 c:/progra~2/gnuarm~1/102021~1.10/bin/../lib/gcc/arm-none-eabi/10.3.1/../../../../arm-none-eabi/lib/thumb/v7e-m/nofp\libg.a(lib_a-atexit.o)
 .debug_frame   0x00001638       0x34 c:/progra~2/gnuarm~1/102021~1.10/bin/../lib/gcc/arm-none-eabi/10.3.1/../../../../arm-none-eabi/lib/thumb/v7e-m/nofp\libg.a(lib_a-fini.o)
 .debug_frame   0x0000166c       0xb0 c:/progra~2/gnuarm~1/102021~1.10/bin/../lib/gcc/arm-none-eabi/10.3.1/../../../../arm-none-eabi/lib/thumb/v7e-m/nofp\libg.a(lib_a-lock.o)
 .debug_frame   0x0000171c       0x34 c:/progra~2/gnuarm~1/102021~1.10/bin/../lib/gcc/arm-none-eabi/10.3.1/../../../../arm-none-eabi/lib/thumb/v7e-m/nofp\libg.a(lib_a-__atexit.o)

.debug_loc      0x00000000     0x8b2c
 .debug_loc     0x00000000       0x25 CMakeFiles/iot_lab.elf.dir/Core/Src/main.c.obj
 .debug_loc     0x00000025       0xae CMakeFiles/iot_lab.elf.dir/Core/Src/stm32l4xx_it.c.obj
 .debug_loc     0x000000d3      0x127 CMakeFiles/iot_lab.elf.dir/Core/Src/system_stm32l4xx.c.obj
 .debug_loc     0x000001fa       0x81 CMakeFiles/iot_lab.elf.dir/Core/Src/usart.c.obj
 .debug_loc     0x0000027b      0x1ef CMakeFiles/iot_lab.elf.dir/Drivers/STM32L4xx_HAL_Driver/Src/stm32l4xx_hal.c.obj
 .debug_loc     0x0000046a      0x744 CMakeFiles/iot_lab.elf.dir/Drivers/STM32L4xx_HAL_Driver/Src/stm32l4xx_hal_cortex.c.obj
 .debug_loc     0x00000bae      0x3da CMakeFiles/iot_lab.elf.dir/Drivers/STM32L4xx_HAL_Driver/Src/stm32l4xx_hal_gpio.c.obj
 .debug_loc     0x00000f88      0x1b1 CMakeFiles/iot_lab.elf.dir/Drivers/STM32L4xx_HAL_Driver/Src/stm32l4xx_hal_pwr.c.obj
 .debug_loc     0x00001139      0xb06 CMakeFiles/iot_lab.elf.dir/Drivers/STM32L4xx_HAL_Driver/Src/stm32l4xx_hal_pwr_ex.c.obj
 .debug_loc     0x00001c3f      0x81c CMakeFiles/iot_lab.elf.dir/Drivers/STM32L4xx_HAL_Driver/Src/stm32l4xx_hal_rcc.c.obj
 .debug_loc     0x0000245b     0x1af9 CMakeFiles/iot_lab.elf.dir/Drivers/STM32L4xx_HAL_Driver/Src/stm32l4xx_hal_rcc_ex.c.obj
 .debug_loc     0x00003f54     0x4bd8 CMakeFiles/iot_lab.elf.dir/Drivers/STM32L4xx_HAL_Driver/Src/stm32l4xx_hal_uart.c.obj
