Archive member included to satisfy reference by file (symbol)

c:/progra~2/gnuarm~1/102021~1.10/bin/../lib/gcc/arm-none-eabi/10.3.1/thumb/v7e-m/nofp\libgcc.a(_aeabi_uldivmod.o)
                              CMakeFiles/iot_lab.elf.dir/Drivers/STM32L4xx_HAL_Driver/Src/stm32l4xx_hal_uart.c.obj (__aeabi_uldivmod)
c:/progra~2/gnuarm~1/102021~1.10/bin/../lib/gcc/arm-none-eabi/10.3.1/thumb/v7e-m/nofp\libgcc.a(_udivmoddi4.o)
                              c:/progra~2/gnuarm~1/102021~1.10/bin/../lib/gcc/arm-none-eabi/10.3.1/thumb/v7e-m/nofp\libgcc.a(_aeabi_uldivmod.o) (__udivmoddi4)
c:/progra~2/gnuarm~1/102021~1.10/bin/../lib/gcc/arm-none-eabi/10.3.1/thumb/v7e-m/nofp\libgcc.a(_dvmd_tls.o)
                              c:/progra~2/gnuarm~1/102021~1.10/bin/../lib/gcc/arm-none-eabi/10.3.1/thumb/v7e-m/nofp\libgcc.a(_aeabi_uldivmod.o) (__aeabi_ldiv0)
c:/progra~2/gnuarm~1/102021~1.10/bin/../lib/gcc/arm-none-eabi/10.3.1/../../../../arm-none-eabi/lib/thumb/v7e-m/nofp\libg.a(lib_a-errno.o)
                              CMakeFiles/iot_lab.elf.dir/Core/Src/syscalls.c.obj (__errno)
c:/progra~2/gnuarm~1/102021~1.10/bin/../lib/gcc/arm-none-eabi/10.3.1/../../../../arm-none-eabi/lib/thumb/v7e-m/nofp\libg.a(lib_a-exit.o)
                              c:/progra~2/gnuarm~1/102021~1.10/bin/../lib/gcc/arm-none-eabi/10.3.1/../../../../arm-none-eabi/lib/thumb/v7e-m/nofp/crt0.o (exit)
c:/progra~2/gnuarm~1/102021~1.10/bin/../lib/gcc/arm-none-eabi/10.3.1/../../../../arm-none-eabi/lib/thumb/v7e-m/nofp\libg.a(lib_a-impure.o)
                              c:/progra~2/gnuarm~1/102021~1.10/bin/../lib/gcc/arm-none-eabi/10.3.1/../../../../arm-none-eabi/lib/thumb/v7e-m/nofp\libg.a(lib_a-exit.o) (_global_impure_ptr)
c:/progra~2/gnuarm~1/102021~1.10/bin/../lib/gcc/arm-none-eabi/10.3.1/../../../../arm-none-eabi/lib/thumb/v7e-m/nofp\libg.a(lib_a-init.o)
                              c:/progra~2/gnuarm~1/102021~1.10/bin/../lib/gcc/arm-none-eabi/10.3.1/../../../../arm-none-eabi/lib/thumb/v7e-m/nofp/crt0.o (__libc_init_array)
c:/progra~2/gnuarm~1/102021~1.10/bin/../lib/gcc/arm-none-eabi/10.3.1/../../../../arm-none-eabi/lib/thumb/v7e-m/nofp\libg.a(lib_a-memset.o)
                              c:/progra~2/gnuarm~1/102021~1.10/bin/../lib/gcc/arm-none-eabi/10.3.1/../../../../arm-none-eabi/lib/thumb/v7e-m/nofp/crt0.o (memset)
c:/progra~2/gnuarm~1/102021~1.10/bin/../lib/gcc/arm-none-eabi/10.3.1/../../../../arm-none-eabi/lib/thumb/v7e-m/nofp\libg.a(lib_a-strlen.o)
                              CMakeFiles/iot_lab.elf.dir/Core/Src/main.c.obj (strlen)
c:/progra~2/gnuarm~1/102021~1.10/bin/../lib/gcc/arm-none-eabi/10.3.1/../../../../arm-none-eabi/lib/thumb/v7e-m/nofp\libg.a(lib_a-__call_atexit.o)
                              c:/progra~2/gnuarm~1/102021~1.10/bin/../lib/gcc/arm-none-eabi/10.3.1/../../../../arm-none-eabi/lib/thumb/v7e-m/nofp\libg.a(lib_a-exit.o) (__call_exitprocs)
c:/progra~2/gnuarm~1/102021~1.10/bin/../lib/gcc/arm-none-eabi/10.3.1/../../../../arm-none-eabi/lib/thumb/v7e-m/nofp\libg.a(lib_a-atexit.o)
                              c:/progra~2/gnuarm~1/102021~1.10/bin/../lib/gcc/arm-none-eabi/10.3.1/../../../../arm-none-eabi/lib/thumb/v7e-m/nofp\libg.a(lib_a-__call_atexit.o) (atexit)
c:/progra~2/gnuarm~1/102021~1.10/bin/../lib/gcc/arm-none-eabi/10.3.1/../../../../arm-none-eabi/lib/thumb/v7e-m/nofp\libg.a(lib_a-fini.o)
                              c:/progra~2/gnuarm~1/102021~1.10/bin/../lib/gcc/arm-none-eabi/10.3.1/../../../../arm-none-eabi/lib/thumb/v7e-m/nofp\libg.a(lib_a-__call_atexit.o) (__libc_fini_array)
c:/progra~2/gnuarm~1/102021~1.10/bin/../lib/gcc/arm-none-eabi/10.3.1/../../../../arm-none-eabi/lib/thumb/v7e-m/nofp\libg.a(lib_a-lock.o)
                              c:/progra~2/gnuarm~1/102021~1.10/bin/../lib/gcc/arm-none-eabi/10.3.1/../../../../arm-none-eabi/lib/thumb/v7e-m/nofp\libg.a(lib_a-__call_atexit.o) (__retarget_lock_acquire_recursive)
c:/progra~2/gnuarm~1/102021~1.10/bin/../lib/gcc/arm-none-eabi/10.3.1/../../../../arm-none-eabi/lib/thumb/v7e-m/nofp\libg.a(lib_a-__atexit.o)
                              c:/progra~2/gnuarm~1/102021~1.10/bin/../lib/gcc/arm-none-eabi/10.3.1/../../../../arm-none-eabi/lib/thumb/v7e-m/nofp\libg.a(lib_a-atexit.o) (__register_exitproc)

Discarded input sections

 .text          0x00000000        0x0 c:/progra~2/gnuarm~1/102021~1.10/bin/../lib/gcc/arm-none-eabi/10.3.1/thumb/v7e-m/nofp/crti.o
 .data          0x00000000        0x0 c:/progra~2/gnuarm~1/102021~1.10/bin/../lib/gcc/arm-none-eabi/10.3.1/thumb/v7e-m/nofp/crti.o
 .bss           0x00000000        0x0 c:/progra~2/gnuarm~1/102021~1.10/bin/../lib/gcc/arm-none-eabi/10.3.1/thumb/v7e-m/nofp/crti.o
 .data          0x00000000        0x4 c:/progra~2/gnuarm~1/102021~1.10/bin/../lib/gcc/arm-none-eabi/10.3.1/thumb/v7e-m/nofp/crtbegin.o
 .rodata        0x00000000       0x24 c:/progra~2/gnuarm~1/102021~1.10/bin/../lib/gcc/arm-none-eabi/10.3.1/thumb/v7e-m/nofp/crtbegin.o
[...]
Memory Configuration

Name             Origin             Length             Attributes
RAM              0x20000000         0x00018000         xrw
RAM2             0x10000000         0x00008000         xrw
FLASH            0x08000000         0x00080000         xr
*default*        0x00000000         0xffffffff

Linker script and memory map

LOAD c:/progra~2/gnuarm~1/102021~1.10/bin/../lib/gcc/arm-none-eabi/10.3.1/thumb/v7e-m/nofp/crti.o
LOAD c:/progra~2/gnuarm~1/102021~1.10/bin/../lib/gcc/arm-none-eabi/10.3.1/thumb/v7e-m/nofp/crtbegin.o
LOAD c:/progra~2/gnuarm~1/102021~1.10/bin/../lib/gcc/arm-none-eabi/10.3.1/../../../../arm-none-eabi/lib/thumb/v7e-m/nofp/crt0.o
LOAD CMakeFiles/iot_lab.elf.dir/Core/Src/gpio.c.obj
LOAD CMakeFiles/iot_lab.elf.dir/Core/Src/main.c.obj
LOAD CMakeFiles/iot_lab.elf.dir/Core/Src/stm32l4xx_hal_msp.c.obj
LOAD CMakeFiles/iot_lab.elf.dir/Core/Src/stm32l4xx_it.c.obj
LOAD CMakeFiles/iot_lab.elf.dir/Core/Src/syscalls.c.obj
LOAD CMakeFiles/iot_lab.elf.dir/Core/Src/sysmem.c.obj
LOAD CMakeFiles/iot_lab.elf.dir/Core/Src/system_stm32l4xx.c.obj
LOAD CMakeFiles/iot_lab.elf.dir/Core/Src/usart.c.obj
LOAD CMakeFiles/iot_lab.elf.dir/Core/Startup/startup_stm32l475vetx.s.obj
LOAD CMakeFiles/iot_lab.elf.dir/Drivers/STM32L4xx_HAL_Driver/Src/stm32l4xx_hal.c.obj
LOAD CMakeFiles/iot_lab.elf.dir/Drivers/STM32L4xx_HAL_Driver/Src/stm32l4xx_hal_cortex.c.obj
LOAD CMakeFiles/iot_lab.elf.dir/Drivers/STM32L4xx_HAL_Driver/Src/stm32l4xx_hal_dma.c.obj
LOAD CMakeFiles/iot_lab.elf.dir/Drivers/STM32L4xx_HAL_Driver/Src/stm32l4xx_hal_dma_ex.c.obj
LOAD CMakeFiles/iot_lab.elf.dir/Drivers/STM32L4xx_HAL_Driver/Src/stm32l4xx_hal_exti.c.obj
LOAD CMakeFiles/iot_lab.elf.dir/Drivers/STM32L4xx_HAL_Driver/Src/stm32l4xx_hal_flash.c.obj
LOAD CMakeFiles/iot_lab.elf.dir/Drivers/STM32L4xx_HAL_Driver/Src/stm32l4xx_hal_flash_ex.c.obj
LOAD CMakeFiles/iot_lab.elf.dir/Drivers/STM32L4xx_HAL_Driver/Src/stm32l4xx_hal_flash_ramfunc.c.obj
LOAD CMakeFiles/iot_lab.elf.dir/Drivers/STM32L4xx_HAL_Driver/Src/stm32l4xx_hal_gpio.c.obj
LOAD CMakeFiles/iot_lab.elf.dir/Drivers/STM32L4xx_HAL_Driver/Src/stm32l4xx_hal_pwr.c.obj
LOAD CMakeFiles/iot_lab.elf.dir/Drivers/STM32L4xx_HAL_Driver/Src/stm32l4xx_hal_pwr_ex.c.obj
LOAD CMakeFiles/iot_lab.elf.dir/Drivers/STM32L4xx_HAL_Driver/Src/stm32l4xx_hal_rcc.c.obj
LOAD CMakeFiles/iot_lab.elf.dir/Drivers/STM32L4xx_HAL_Driver/Src/stm32l4xx_hal_rcc_ex.c.obj
LOAD CMakeFiles/iot_lab.elf.dir/Drivers/STM32L4xx_HAL_Driver/Src/stm32l4xx_hal_tim.c.obj
LOAD CMakeFiles/iot_lab.elf.dir/Drivers/STM32L4xx_HAL_Driver/Src/stm32l4xx_hal_tim_ex.c.obj
LOAD CMakeFiles/iot_lab.elf.dir/Drivers/STM32L4xx_HAL_Driver/Src/stm32l4xx_hal_uart.c.obj
LOAD CMakeFiles/iot_lab.elf.dir/Drivers/STM32L4xx_HAL_Driver/Src/stm32l4xx_hal_uart_ex.c.obj
START GROUP
LOAD c:/progra~2/gnuarm~1/102021~1.10/bin/../lib/gcc/arm-none-eabi/10.3.1/thumb/v7e-m/nofp\libgcc.a
LOAD c:/progra~2/gnuarm~1/102021~1.10/bin/../lib/gcc/arm-none-eabi/10.3.1/../../../../arm-none-eabi/lib/thumb/v7e-m/nofp\libg.a
LOAD c:/progra~2/gnuarm~1/102021~1.10/bin/../lib/gcc/arm-none-eabi/10.3.1/../../../../arm-none-eabi/lib/thumb/v7e-m/nofp\libc.a
END GROUP
LOAD c:/progra~2/gnuarm~1/102021~1.10/bin/../lib/gcc/arm-none-eabi/10.3.1/thumb/v7e-m/nofp/crtend.o
LOAD c:/progra~2/gnuarm~1/102021~1.10/bin/../lib/gcc/arm-none-eabi/10.3.1/thumb/v7e-m/nofp/crtn.o
                0x20018000                _estack = (ORIGIN (RAM) + LENGTH (RAM))
                0x00000200                _Min_Heap_Size = 0x200
                0x00000400                _Min_Stack_Size = 0x400

.isr_vector     0x08000000      0x188
                0x08000000                . = ALIGN (0x4)
 *(.isr_vector)
 .isr_vector    0x08000000      0x188 CMakeFiles/iot_lab.elf.dir/Core/Startup/startup_stm32l475vetx.s.obj
                0x08000000                g_pfnVectors
                0x08000188                . = ALIGN (0x4)

.text           0x080001c0     0x28c4
                0x080001c0                . = ALIGN (0x4)
 *(.text)
 .text          0x080001c0       0x40 c:/progra~2/gnuarm~1/102021~1.10/bin/../lib/gcc/arm-none-eabi/10.3.1/thumb/v7e-m/nofp/crtbegin.o
 .text          0x08000200       0x30 c:/progra~2/gnuarm~1/102021~1.10/bin/../lib/gcc/arm-none-eabi/10.3.1/thumb/v7e-m/nofp\libgcc.a(_aeabi_uldivmod.o)
                0x08000200                __aeabi_uldivmod
 .text          0x08000230      0x2d0 c:/progra~2/gnuarm~1/102021~1.10/bin/../lib/gcc/arm-none-eabi/10.3.1/thumb/v7e-m/nofp\libgcc.a(_udivmoddi4.o)
                0x08000230                __udivmoddi4
 .text          0x08000500        0x4 c:/progra~2/gnuarm~1/102021~1.10/bin/../lib/gcc/arm-none-eabi/10.3.1/thumb/v7e-m/nofp\libgcc.a(_dvmd_tls.o)
                0x08000500                __aeabi_idiv0
                0x08000500                __aeabi_ldiv0
 *fill*         0x08000504       0x3c 
 .text          0x08000540       0xdc c:/progra~2/gnuarm~1/102021~1.10/bin/../lib/gcc/arm-none-eabi/10.3.1/../../../../arm-none-eabi/lib/thumb/v7e-m/nofp\libg.a(lib_a-strlen.o)
                0x08000540                strlen
 *(.text*)
 .text.MX_GPIO_Init
                0x0800061c       0x74 CMakeFiles/iot_lab.elf.dir/Core/Src/gpio.c.obj
                0x0800061c                MX_GPIO_Init
 .text.AT_lora_init
                0x08000690       0x50 CMakeFiles/iot_lab.elf.dir/Core/Src/main.c.obj
                0x08000690                AT_lora_init
 .text.AT_lora_mode_set
                0x080006e0       0xd0 CMakeFiles/iot_lab.elf.dir/Core/Src/main.c.obj
                0x080006e0                AT_lora_mode_set
 .text.Error_Handler
                0x080007b0        0x4 CMakeFiles/iot_lab.elf.dir/Core/Src/main.c.obj
                0x080007b0                Error_Handler
 .text.SystemClock_Config
                0x080007b4       0x78 CMakeFiles/iot_lab.elf.dir/Core/Src/main.c.obj
                0x080007b4                SystemClock_Config
 .text.main     0x0800082c       0x5c CMakeFiles/iot_lab.elf.dir/Core/Src/main.c.obj
                0x0800082c                main
 .text.HAL_MspInit
                0x08000888       0x30 CMakeFiles/iot_lab.elf.dir/Core/Src/stm32l4xx_hal_msp.c.obj
                0x08000888                HAL_MspInit
 .text.NMI_Handler
                0x080008b8        0x2 CMakeFiles/iot_lab.elf.dir/Core/Src/stm32l4xx_it.c.obj
                0x080008b8                NMI_Handler
 .text.HardFault_Handler
                0x080008ba        0x2 CMakeFiles/iot_lab.elf.dir/Core/Src/stm32l4xx_it.c.obj
                0x080008ba                HardFault_Handler
 .text.MemManage_Handler
                0x080008bc        0x2 CMakeFiles/iot_lab.elf.dir/Core/Src/stm32l4xx_it.c.obj
                0x080008bc                MemManage_Handler
 .text.BusFault_Handler
                0x080008be        0x2 CMakeFiles/iot_lab.elf.dir/Core/Src/stm32l4xx_it.c.obj
                0x080008be                BusFault_Handler
 .text.UsageFault_Handler
                0x080008c0        0x2 CMakeFiles/iot_lab.elf.dir/Core/Src/stm32l4xx_it.c.obj
                0x080008c0                UsageFault_Handler
 .text.SVC_Handler
                0x080008c2        0x2 CMakeFiles/iot_lab.elf.dir/Core/Src/stm32l4xx_it.c.obj
                0x080008c2                SVC_Handler
 .text.DebugMon_Handler
                0x080008c4        0x2 CMakeFiles/iot_lab.elf.dir/Core/Src/stm32l4xx_it.c.obj
                0x080008c4                DebugMon_Handler
 .text.PendSV_Handler
                0x080008c6        0x2 CMakeFiles/iot_lab.elf.dir/Core/Src/stm32l4xx_it.c.obj
                0x080008c6                PendSV_Handler
 .text.SysTick_Handler
                0x080008c8        0x8 CMakeFiles/iot_lab.elf.dir/Core/Src/stm32l4xx_it.c.obj
                0x080008c8                SysTick_Handler
 .text.USART2_IdleCallback
                0x080008d0       0x28 CMakeFiles/iot_lab.elf.dir/Core/Src/stm32l4xx_it.c.obj
                0x080008d0                USART2_IdleCallback
 .text.USART2_IRQHandler
                0x080008f8       0x88 CMakeFiles/iot_lab.elf.dir/Core/Src/stm32l4xx_it.c.obj
                0x080008f8                USART2_IRQHandler
 .text.USART1_IdleCallback
                0x08000980       0x44 CMakeFiles/iot_lab.elf.dir/Core/Src/stm32l4xx_it.c.obj
                0x08000980                USART1_IdleCallback
 .text.USART1_IRQHandler
                0x080009c4       0x88 CMakeFiles/iot_lab.elf.dir/Core/Src/stm32l4xx_it.c.obj
                0x080009c4                USART1_IRQHandler
 .text.SystemInit
                0x08000a4c        0x2 CMakeFiles/iot_lab.elf.dir/Core/Src/system_stm32l4xx.c.obj
                0x08000a4c                SystemInit
 *fill*         0x08000a4e        0x2 
 .text.MX_USART1_UART_Init
                0x08000a50       0x38 CMakeFiles/iot_lab.elf.dir/Core/Src/usart.c.obj
                0x08000a50                MX_USART1_UART_Init
 .text.MX_USART2_UART_Init
                0x08000a88       0x38 CMakeFiles/iot_lab.elf.dir/Core/Src/usart.c.obj
                0x08000a88                MX_USART2_UART_Init
 .text.HAL_UART_MspInit
                0x08000ac0      0x10c CMakeFiles/iot_lab.elf.dir/Core/Src/usart.c.obj
                0x08000ac0                HAL_UART_MspInit
 .text.Reset_Handler
                0x08000bcc       0x50 CMakeFiles/iot_lab.elf.dir/Core/Startup/startup_stm32l475vetx.s.obj
                0x08000bcc                Reset_Handler
 .text.Default_Handler
                0x08000c1c        0x2 CMakeFiles/iot_lab.elf.dir/Core/Startup/startup_stm32l475vetx.s.obj
                0x08000c1c                RTC_Alarm_IRQHandler
                0x08000c1c                EXTI2_IRQHandler
                0x08000c1c                TIM8_TRG_COM_IRQHandler
                0x08000c1c                TIM8_CC_IRQHandler
                0x08000c1c                TIM1_CC_IRQHandler
                0x08000c1c                TSC_IRQHandler
                0x08000c1c                TAMP_STAMP_IRQHandler
                0x08000c1c                EXTI3_IRQHandler
                0x08000c1c                LPTIM2_IRQHandler
                0x08000c1c                DFSDM1_FLT1_IRQHandler
                0x08000c1c                I2C3_ER_IRQHandler
                0x08000c1c                DFSDM1_FLT2_IRQHandler
                0x08000c1c                EXTI0_IRQHandler
                0x08000c1c                I2C2_EV_IRQHandler
                0x08000c1c                CAN1_RX0_IRQHandler
                0x08000c1c                FPU_IRQHandler
                0x08000c1c                TIM1_UP_TIM16_IRQHandler
                0x08000c1c                ADC1_2_IRQHandler
                0x08000c1c                SPI1_IRQHandler
                0x08000c1c                TIM6_DAC_IRQHandler
                0x08000c1c                TIM8_UP_IRQHandler
                0x08000c1c                DMA2_Channel2_IRQHandler
                0x08000c1c                DMA1_Channel4_IRQHandler
                0x08000c1c                SAI2_IRQHandler
                0x08000c1c                DFSDM1_FLT3_IRQHandler
                0x08000c1c                USART3_IRQHandler
                0x08000c1c                DMA1_Channel7_IRQHandler
                0x08000c1c                CAN1_RX1_IRQHandler
                0x08000c1c                UART5_IRQHandler
                0x08000c1c                ADC3_IRQHandler
                0x08000c1c                TIM4_IRQHandler
                0x08000c1c                DMA2_Channel1_IRQHandler
                0x08000c1c                QUADSPI_IRQHandler
                0x08000c1c                I2C1_EV_IRQHandler
                0x08000c1c                DMA1_Channel6_IRQHandler
                0x08000c1c                UART4_IRQHandler
                0x08000c1c                DMA2_Channel4_IRQHandler
                0x08000c1c                TIM3_IRQHandler
                0x08000c1c                RCC_IRQHandler
                0x08000c1c                DMA1_Channel1_IRQHandler
                0x08000c1c                Default_Handler
                0x08000c1c                DMA2_Channel7_IRQHandler
                0x08000c1c                EXTI15_10_IRQHandler
                0x08000c1c                TIM7_IRQHandler
                0x08000c1c                SDMMC1_IRQHandler
                0x08000c1c                TIM5_IRQHandler
                0x08000c1c                I2C3_EV_IRQHandler
                0x08000c1c                EXTI9_5_IRQHandler
                0x08000c1c                RTC_WKUP_IRQHandler
                0x08000c1c                PVD_PVM_IRQHandler
                0x08000c1c                SPI2_IRQHandler
                0x08000c1c                CAN1_TX_IRQHandler
                0x08000c1c                DMA2_Channel5_IRQHandler
                0x08000c1c                DMA1_Channel5_IRQHandler
                0x08000c1c                EXTI4_IRQHandler
                0x08000c1c                RNG_IRQHandler
                0x08000c1c                TIM1_TRG_COM_TIM17_IRQHandler
                0x08000c1c                DMA1_Channel3_IRQHandler
                0x08000c1c                COMP_IRQHandler
                0x08000c1c                WWDG_IRQHandler
                0x08000c1c                LPUART1_IRQHandler
                0x08000c1c                DMA2_Channel6_IRQHandler
                0x08000c1c                TIM2_IRQHandler
                0x08000c1c                EXTI1_IRQHandler
                0x08000c1c                DFSDM1_FLT0_IRQHandler
                0x08000c1c                I2C2_ER_IRQHandler
                0x08000c1c                DMA1_Channel2_IRQHandler
                0x08000c1c                TIM8_BRK_IRQHandler
                0x08000c1c                CAN1_SCE_IRQHandler
                0x08000c1c                FLASH_IRQHandler
                0x08000c1c                OTG_FS_IRQHandler
                0x08000c1c                SPI3_IRQHandler
                0x08000c1c                I2C1_ER_IRQHandler
                0x08000c1c                FMC_IRQHandler
                0x08000c1c                SWPMI1_IRQHandler
                0x08000c1c                LPTIM1_IRQHandler
                0x08000c1c                SAI1_IRQHandler
                0x08000c1c                DMA2_Channel3_IRQHandler
                0x08000c1c                TIM1_BRK_TIM15_IRQHandler
 *fill*         0x08000c1e        0x2 
 .text.HAL_InitTick
                0x08000c20       0x50 CMakeFiles/iot_lab.elf.dir/Drivers/STM32L4xx_HAL_Driver/Src/stm32l4xx_hal.c.obj
                0x08000c20                HAL_InitTick
 .text.HAL_Init
                0x08000c70       0x1e CMakeFiles/iot_lab.elf.dir/Drivers/STM32L4xx_HAL_Driver/Src/stm32l4xx_hal.c.obj
                0x08000c70                HAL_Init
 *fill*         0x08000c8e        0x2 
 .text.HAL_IncTick
                0x08000c90       0x18 CMakeFiles/iot_lab.elf.dir/Drivers/STM32L4xx_HAL_Driver/Src/stm32l4xx_hal.c.obj
                0x08000c90                HAL_IncTick
 .text.HAL_GetTick
                0x08000ca8        0xc CMakeFiles/iot_lab.elf.dir/Drivers/STM32L4xx_HAL_Driver/Src/stm32l4xx_hal.c.obj
                0x08000ca8                HAL_GetTick
 .text.HAL_Delay
                0x08000cb4       0x28 CMakeFiles/iot_lab.elf.dir/Drivers/STM32L4xx_HAL_Driver/Src/stm32l4xx_hal.c.obj
                0x08000cb4                HAL_Delay
 .text.HAL_NVIC_SetPriorityGrouping
                0x08000cdc       0x24 CMakeFiles/iot_lab.elf.dir/Drivers/STM32L4xx_HAL_Driver/Src/stm32l4xx_hal_cortex.c.obj
                0x08000cdc                HAL_NVIC_SetPriorityGrouping
 .text.HAL_NVIC_SetPriority
                0x08000d00       0x70 CMakeFiles/iot_lab.elf.dir/Drivers/STM32L4xx_HAL_Driver/Src/stm32l4xx_hal_cortex.c.obj
                0x08000d00                HAL_NVIC_SetPriority
 .text.HAL_NVIC_EnableIRQ
                0x08000d70       0x1c CMakeFiles/iot_lab.elf.dir/Drivers/STM32L4xx_HAL_Driver/Src/stm32l4xx_hal_cortex.c.obj
                0x08000d70                HAL_NVIC_EnableIRQ
 .text.HAL_SYSTICK_Config
                0x08000d8c       0x28 CMakeFiles/iot_lab.elf.dir/Drivers/STM32L4xx_HAL_Driver/Src/stm32l4xx_hal_cortex.c.obj
                0x08000d8c                HAL_SYSTICK_Config
 .text.HAL_GPIO_Init
                0x08000db4      0x20c CMakeFiles/iot_lab.elf.dir/Drivers/STM32L4xx_HAL_Driver/Src/stm32l4xx_hal_gpio.c.obj
                0x08000db4                HAL_GPIO_Init
 .text.HAL_GPIO_WritePin
                0x08000fc0        0xa CMakeFiles/iot_lab.elf.dir/Drivers/STM32L4xx_HAL_Driver/Src/stm32l4xx_hal_gpio.c.obj
                0x08000fc0                HAL_GPIO_WritePin
 *fill*         0x08000fca        0x2 
 .text.HAL_PWREx_GetVoltageRange
                0x08000fcc       0x10 CMakeFiles/iot_lab.elf.dir/Drivers/STM32L4xx_HAL_Driver/Src/stm32l4xx_hal_pwr_ex.c.obj
                0x08000fcc                HAL_PWREx_GetVoltageRange
 .text.HAL_PWREx_ControlVoltageScaling
                0x08000fdc       0x90 CMakeFiles/iot_lab.elf.dir/Drivers/STM32L4xx_HAL_Driver/Src/stm32l4xx_hal_pwr_ex.c.obj
                0x08000fdc                HAL_PWREx_ControlVoltageScaling
 .text.RCC_SetFlashLatencyFromMSIRange
                0x0800106c       0x90 CMakeFiles/iot_lab.elf.dir/Drivers/STM32L4xx_HAL_Driver/Src/stm32l4xx_hal_rcc.c.obj
 .text.HAL_RCC_GetSysClockFreq
                0x080010fc       0xb4 CMakeFiles/iot_lab.elf.dir/Drivers/STM32L4xx_HAL_Driver/Src/stm32l4xx_hal_rcc.c.obj
                0x080010fc                HAL_RCC_GetSysClockFreq
 .text.HAL_RCC_OscConfig
                0x080011b0      0x61c CMakeFiles/iot_lab.elf.dir/Drivers/STM32L4xx_HAL_Driver/Src/stm32l4xx_hal_rcc.c.obj
                0x080011b0                HAL_RCC_OscConfig
 .text.HAL_RCC_ClockConfig
                0x080017cc      0x188 CMakeFiles/iot_lab.elf.dir/Drivers/STM32L4xx_HAL_Driver/Src/stm32l4xx_hal_rcc.c.obj
                0x080017cc                HAL_RCC_ClockConfig
 .text.HAL_RCC_GetHCLKFreq
                0x08001954        0xc CMakeFiles/iot_lab.elf.dir/Drivers/STM32L4xx_HAL_Driver/Src/stm32l4xx_hal_rcc.c.obj
                0x08001954                HAL_RCC_GetHCLKFreq
 .text.HAL_RCC_GetPCLK1Freq
                0x08001960       0x24 CMakeFiles/iot_lab.elf.dir/Drivers/STM32L4xx_HAL_Driver/Src/stm32l4xx_hal_rcc.c.obj
                0x08001960                HAL_RCC_GetPCLK1Freq
 .text.HAL_RCC_GetPCLK2Freq
                0x08001984       0x24 CMakeFiles/iot_lab.elf.dir/Drivers/STM32L4xx_HAL_Driver/Src/stm32l4xx_hal_rcc.c.obj
                0x08001984                HAL_RCC_GetPCLK2Freq
 .text.RCCEx_PLLSAI1_Config
                0x080019a8      0x170 CMakeFiles/iot_lab.elf.dir/Drivers/STM32L4xx_HAL_Driver/Src/stm32l4xx_hal_rcc_ex.c.obj
 .text.RCCEx_PLLSAI2_Config
                0x08001b18      0x14c CMakeFiles/iot_lab.elf.dir/Drivers/STM32L4xx_HAL_Driver/Src/stm32l4xx_hal_rcc_ex.c.obj
 .text.HAL_RCCEx_PeriphCLKConfig
                0x08001c64      0x454 CMakeFiles/iot_lab.elf.dir/Drivers/STM32L4xx_HAL_Driver/Src/stm32l4xx_hal_rcc_ex.c.obj
                0x08001c64                HAL_RCCEx_PeriphCLKConfig
 .text.UART_EndRxTransfer
                0x080020b8       0x52 CMakeFiles/iot_lab.elf.dir/Drivers/STM32L4xx_HAL_Driver/Src/stm32l4xx_hal_uart.c.obj
 *fill*         0x0800210a        0x2 
 .text.UART_SetConfig
                0x0800210c      0x328 CMakeFiles/iot_lab.elf.dir/Drivers/STM32L4xx_HAL_Driver/Src/stm32l4xx_hal_uart.c.obj
                0x0800210c                UART_SetConfig
 .text.UART_AdvFeatureConfig
                0x08002434       0xca CMakeFiles/iot_lab.elf.dir/Drivers/STM32L4xx_HAL_Driver/Src/stm32l4xx_hal_uart.c.obj
                0x08002434                UART_AdvFeatureConfig
 .text.UART_WaitOnFlagUntilTimeout
                0x080024fe       0x9a CMakeFiles/iot_lab.elf.dir/Drivers/STM32L4xx_HAL_Driver/Src/stm32l4xx_hal_uart.c.obj
                0x080024fe                UART_WaitOnFlagUntilTimeout
 .text.HAL_UART_Transmit
                0x08002598       0xc8 CMakeFiles/iot_lab.elf.dir/Drivers/STM32L4xx_HAL_Driver/Src/stm32l4xx_hal_uart.c.obj
                0x08002598                HAL_UART_Transmit
 .text.HAL_UART_Receive
                0x08002660      0x118 CMakeFiles/iot_lab.elf.dir/Drivers/STM32L4xx_HAL_Driver/Src/stm32l4xx_hal_uart.c.obj
                0x08002660                HAL_UART_Receive
 .text.UART_CheckIdleState
                0x08002778       0xc6 CMakeFiles/iot_lab.elf.dir/Drivers/STM32L4xx_HAL_Driver/Src/stm32l4xx_hal_uart.c.obj
                0x08002778                UART_CheckIdleState
 .text.HAL_UART_Init
                0x0800283e       0x62 CMakeFiles/iot_lab.elf.dir/Drivers/STM32L4xx_HAL_Driver/Src/stm32l4xx_hal_uart.c.obj
                0x0800283e                HAL_UART_Init
 .text.__libc_init_array
                0x080028a0       0x48 c:/progra~2/gnuarm~1/102021~1.10/bin/../lib/gcc/arm-none-eabi/10.3.1/../../../../arm-none-eabi/lib/thumb/v7e-m/nofp\libg.a(lib_a-init.o)
                0x080028a0                __libc_init_array
 .text.memset   0x080028e8       0xa4 c:/progra~2/gnuarm~1/102021~1.10/bin/../lib/gcc/arm-none-eabi/10.3.1/../../../../arm-none-eabi/lib/thumb/v7e-m/nofp\libg.a(lib_a-memset.o)
                0x080028e8                memset
 .text.startup.register_fini
                0x0800298c       0x14 c:/progra~2/gnuarm~1/102021~1.10/bin/../lib/gcc/arm-none-eabi/10.3.1/../../../../arm-none-eabi/lib/thumb/v7e-m/nofp\libg.a(lib_a-__call_atexit.o)
 .text.atexit   0x080029a0        0xc c:/progra~2/gnuarm~1/102021~1.10/bin/../lib/gcc/arm-none-eabi/10.3.1/../../../../arm-none-eabi/lib/thumb/v7e-m/nofp\libg.a(lib_a-atexit.o)
                0x080029a0                atexit
 .text.__libc_fini_array
                0x080029ac       0x2c c:/progra~2/gnuarm~1/102021~1.10/bin/../lib/gcc/arm-none-eabi/10.3.1/../../../../arm-none-eabi/lib/thumb/v7e-m/nofp\libg.a(lib_a-fini.o)
                0x080029ac                __libc_fini_array
 .text.__retarget_lock_acquire_recursive
                0x080029d8        0x4 c:/progra~2/gnuarm~1/102021~1.10/bin/../lib/gcc/arm-none-eabi/10.3.1/../../../../arm-none-eabi/lib/thumb/v7e-m/nofp\libg.a(lib_a-lock.o)
                0x080029d8                __retarget_lock_acquire_recursive
 .text.__retarget_lock_release_recursive
                0x080029dc        0x4 c:/progra~2/gnuarm~1/102021~1.10/bin/../lib/gcc/arm-none-eabi/10.3.1/../../../../arm-none-eabi/lib/thumb/v7e-m/nofp\libg.a(lib_a-lock.o)
                0x080029dc                __retarget_lock_release_recursive
 .text.__register_exitproc
                0x080029e0       0x8c c:/progra~2/gnuarm~1/102021~1.10/bin/../lib/gcc/arm-none-eabi/10.3.1/../../../../arm-none-eabi/lib/thumb/v7e-m/nofp\libg.a(lib_a-__atexit.o)
                0x080029e0                __register_exitproc
 *(.glue_7)
 .glue_7        0x08002a6c        0x0 linker stubs
 *(.glue_7t)
 .glue_7t       0x08002a6c        0x0 linker stubs
 *(.eh_frame)
 .eh_frame      0x08002a6c        0x0 c:/progra~2/gnuarm~1/102021~1.10/bin/../lib/gcc/arm-none-eabi/10.3.1/thumb/v7e-m/nofp/crtbegin.o
 *(.init)
 .init          0x08002a6c        0x4 c:/progra~2/gnuarm~1/102021~1.10/bin/../lib/gcc/arm-none-eabi/10.3.1/thumb/v7e-m/nofp/crti.o
                0x08002a6c                _init
 .init          0x08002a70        0x8 c:/progra~2/gnuarm~1/102021~1.10/bin/../lib/gcc/arm-none-eabi/10.3.1/thumb/v7e-m/nofp/crtn.o
 *(.fini)
 .fini          0x08002a78        0x4 c:/progra~2/gnuarm~1/102021~1.10/bin/../lib/gcc/arm-none-eabi/10.3.1/thumb/v7e-m/nofp/crti.o
                0x08002a78                _fini
 .fini          0x08002a7c        0x8 c:/progra~2/gnuarm~1/102021~1.10/bin/../lib/gcc/arm-none-eabi/10.3.1/thumb/v7e-m/nofp/crtn.o
                0x08002a84                . = ALIGN (0x4)
                0x08002a84                _etext = .

.vfp11_veneer   0x08002a84        0x0
 .vfp11_veneer  0x08002a84        0x0 linker stubs

.v4_bx          0x08002a84        0x0
 .v4_bx         0x08002a84        0x0 linker stubs

.iplt           0x08002a84        0x0
 .iplt          0x08002a84        0x0 c:/progra~2/gnuarm~1/102021~1.10/bin/../lib/gcc/arm-none-eabi/10.3.1/thumb/v7e-m/nofp/crtbegin.o

.rodata         0x08002a84       0x4c
                0x08002a84                . = ALIGN (0x4)
 *(.rodata)
 *(.rodata*)
 .rodata.AHBPrescTable
                0x08002a84       0x10 CMakeFiles/iot_lab.elf.dir/Core/Src/system_stm32l4xx.c.obj
                0x08002a84                AHBPrescTable
 .rodata.APBPrescTable
                0x08002a94        0x8 CMakeFiles/iot_lab.elf.dir/Core/Src/system_stm32l4xx.c.obj
                0x08002a94                APBPrescTable
 .rodata.MSIRangeTable
                0x08002a9c       0x30 CMakeFiles/iot_lab.elf.dir/Core/Src/system_stm32l4xx.c.obj
                0x08002a9c                MSIRangeTable
 .rodata._global_impure_ptr
                0x08002acc        0x4 c:/progra~2/gnuarm~1/102021~1.10/bin/../lib/gcc/arm-none-eabi/10.3.1/../../../../arm-none-eabi/lib/thumb/v7e-m/nofp\libg.a(lib_a-impure.o)
                0x08002acc                _global_impure_ptr
                0x08002ad0                . = ALIGN (0x4)

.ARM.extab      0x08002ad0        0x0
                0x08002ad0                . = ALIGN (0x4)
 *(.ARM.extab* .gnu.linkonce.armextab.*)
                0x08002ad0                . = ALIGN (0x4)

.ARM            0x08002ad0        0x8
                0x08002ad0                . = ALIGN (0x4)
                0x08002ad0                __exidx_start = .
 *(.ARM.exidx*)
 .ARM.exidx     0x08002ad0        0x8 c:/progra~2/gnuarm~1/102021~1.10/bin/../lib/gcc/arm-none-eabi/10.3.1/thumb/v7e-m/nofp\libgcc.a(_udivmoddi4.o)
                0x08002ad8                __exidx_end = .
                0x08002ad8                . = ALIGN (0x4)

.rel.dyn        0x08002ad8        0x0
 .rel.iplt      0x08002ad8        0x0 c:/progra~2/gnuarm~1/102021~1.10/bin/../lib/gcc/arm-none-eabi/10.3.1/thumb/v7e-m/nofp/crtbegin.o

.preinit_array  0x08002ad8        0x0
                0x08002ad8                . = ALIGN (0x4)
                0x08002ad8                PROVIDE (__preinit_array_start = .)
 *(.preinit_array*)
                0x08002ad8                PROVIDE (__preinit_array_end = .)
                0x08002ad8                . = ALIGN (0x4)

.init_array     0x08002ad8        0x8
                0x08002ad8                . = ALIGN (0x4)
                0x08002ad8                PROVIDE (__init_array_start = .)
 *(SORT_BY_NAME(.init_array.*))
 .init_array.00000
                0x08002ad8        0x4 c:/progra~2/gnuarm~1/102021~1.10/bin/../lib/gcc/arm-none-eabi/10.3.1/../../../../arm-none-eabi/lib/thumb/v7e-m/nofp\libg.a(lib_a-__call_atexit.o)
 *(.init_array*)
 .init_array    0x08002adc        0x4 c:/progra~2/gnuarm~1/102021~1.10/bin/../lib/gcc/arm-none-eabi/10.3.1/thumb/v7e-m/nofp/crtbegin.o
                0x08002ae0                PROVIDE (__init_array_end = .)
                0x08002ae0                . = ALIGN (0x4)

.fini_array     0x08002ae0        0x4
                0x08002ae0                . = ALIGN (0x4)
                0x08002ae0                PROVIDE (__fini_array_start = .)
 *(SORT_BY_NAME(.fini_array.*))
 *(.fini_array*)
 .fini_array    0x08002ae0        0x4 c:/progra~2/gnuarm~1/102021~1.10/bin/../lib/gcc/arm-none-eabi/10.3.1/thumb/v7e-m/nofp/crtbegin.o
                0x08002ae4                PROVIDE (__fini_array_end = .)
                0x08002ae4                . = ALIGN (0x4)
                0x08002ae4                _sidata = LOADADDR (.data)

.data           0x20000000      0x504 load address 0x08002ae4
                0x20000000                . = ALIGN (0x4)
                0x20000000                _sdata = .
 *(.data)
 *(.data*)
 .data.at_open_showback
                0x20000000       0x14 CMakeFiles/iot_lab.elf.dir/Core/Src/main.c.obj
                0x20000000                at_open_showback
 .data.at_restart
                0x20000014       0x14 CMakeFiles/iot_lab.elf.dir/Core/Src/main.c.obj
                0x20000014                at_restart
 .data.at_set_tmode_orientation
                0x20000028       0x14 CMakeFiles/iot_lab.elf.dir/Core/Src/main.c.obj
                0x20000028                at_set_tmode_orientation
 .data.at_set_tmode_transparent
                0x2000003c       0x14 CMakeFiles/iot_lab.elf.dir/Core/Src/main.c.obj
                0x2000003c                at_set_tmode_transparent
 .data.at_set_uart_baudrate_115200
                0x20000050       0x14 CMakeFiles/iot_lab.elf.dir/Core/Src/main.c.obj
                0x20000050                at_set_uart_baudrate_115200
 .data.choose_mode
                0x20000064       0x64 CMakeFiles/iot_lab.elf.dir/Core/Src/main.c.obj
                0x20000064                choose_mode
 .data.SystemCoreClock
                0x200000c8        0x4 CMakeFiles/iot_lab.elf.dir/Core/Src/system_stm32l4xx.c.obj
                0x200000c8                SystemCoreClock
 .data.uwTickFreq
                0x200000cc        0x1 CMakeFiles/iot_lab.elf.dir/Drivers/STM32L4xx_HAL_Driver/Src/stm32l4xx_hal.c.obj
                0x200000cc                uwTickFreq
 *fill*         0x200000cd        0x3 
 .data.uwTickPrio
                0x200000d0        0x4 CMakeFiles/iot_lab.elf.dir/Drivers/STM32L4xx_HAL_Driver/Src/stm32l4xx_hal.c.obj
                0x200000d0                uwTickPrio
 *fill*         0x200000d4        0x4 
 .data.impure_data
                0x200000d8      0x428 c:/progra~2/gnuarm~1/102021~1.10/bin/../lib/gcc/arm-none-eabi/10.3.1/../../../../arm-none-eabi/lib/thumb/v7e-m/nofp\libg.a(lib_a-impure.o)
 .data.__atexit_recursive_mutex
                0x20000500        0x4 c:/progra~2/gnuarm~1/102021~1.10/bin/../lib/gcc/arm-none-eabi/10.3.1/../../../../arm-none-eabi/lib/thumb/v7e-m/nofp\libg.a(lib_a-__call_atexit.o)
                0x20000500                __atexit_recursive_mutex
 *(.RamFunc)
 *(.RamFunc*)
                0x20000504                . = ALIGN (0x4)
                0x20000504                _edata = .

.igot.plt       0x20000504        0x0 load address 0x08002fe8
 .igot.plt      0x20000504        0x0 c:/progra~2/gnuarm~1/102021~1.10/bin/../lib/gcc/arm-none-eabi/10.3.1/thumb/v7e-m/nofp/crtbegin.o
                0x20000504                . = ALIGN (0x4)

.bss            0x20000504      0x340 load address 0x08002fe8
                0x20000504                _sbss = .
                0x20000504                __bss_start__ = _sbss
 *(.bss)
 .bss           0x20000504       0x1c c:/progra~2/gnuarm~1/102021~1.10/bin/../lib/gcc/arm-none-eabi/10.3.1/thumb/v7e-m/nofp/crtbegin.o
 *(.bss*)
 .bss.rx1_buffer
                0x20000520      0x100 CMakeFiles/iot_lab.elf.dir/Core/Src/main.c.obj
                0x20000520                rx1_buffer
 .bss.rx2_buffer
                0x20000620      0x100 CMakeFiles/iot_lab.elf.dir/Core/Src/main.c.obj
                0x20000620                rx2_buffer
 .bss.trans_mode
                0x20000720        0x1 CMakeFiles/iot_lab.elf.dir/Core/Src/main.c.obj
                0x20000720                trans_mode
 *fill*         0x20000721        0x3 
 .bss.rx1_count
                0x20000724        0x4 CMakeFiles/iot_lab.elf.dir/Core/Src/stm32l4xx_it.c.obj
                0x20000724                rx1_count
 .bss.rx2_count
                0x20000728        0x4 CMakeFiles/iot_lab.elf.dir/Core/Src/stm32l4xx_it.c.obj
                0x20000728                rx2_count
 .bss.huart1    0x2000072c       0x88 CMakeFiles/iot_lab.elf.dir/Core/Src/usart.c.obj
                0x2000072c                huart1
 .bss.huart2    0x200007b4       0x88 CMakeFiles/iot_lab.elf.dir/Core/Src/usart.c.obj
                0x200007b4                huart2
 .bss.uwTick    0x2000083c        0x4 CMakeFiles/iot_lab.elf.dir/Drivers/STM32L4xx_HAL_Driver/Src/stm32l4xx_hal.c.obj
                0x2000083c                uwTick
 .bss.__lock___atexit_recursive_mutex
                0x20000840        0x1 c:/progra~2/gnuarm~1/102021~1.10/bin/../lib/gcc/arm-none-eabi/10.3.1/../../../../arm-none-eabi/lib/thumb/v7e-m/nofp\libg.a(lib_a-lock.o)
                0x20000840                __lock___atexit_recursive_mutex
 *(COMMON)
                0x20000844                . = ALIGN (0x4)
 *fill*         0x20000841        0x3 
                0x20000844                _ebss = .
                0x20000844                __bss_end__ = _ebss

._user_heap_stack
                0x20000844      0x604 load address 0x08002fe8
                0x20000848                . = ALIGN (0x8)
 *fill*         0x20000844        0x4 
                [!provide]                PROVIDE (end = .)
                0x20000848                PROVIDE (_end = .)
                0x20000a48                . = (. + _Min_Heap_Size)
 *fill*         0x20000848      0x200 
                0x20000e48                . = (. + _Min_Stack_Size)
 *fill*         0x20000a48      0x400 
                0x20000e48                . = ALIGN (0x8)

/DISCARD/
 libc.a(*)
 libm.a(*)
 libgcc.a(*)

.ARM.attributes
                0x00000000       0x2a
 *(.ARM.attributes)
 .ARM.attributes
                0x00000000       0x1e c:/progra~2/gnuarm~1/102021~1.10/bin/../lib/gcc/arm-none-eabi/10.3.1/thumb/v7e-m/nofp/crti.o
 .ARM.attributes
                0x0000001e       0x2e c:/progra~2/gnuarm~1/102021~1.10/bin/../lib/gcc/arm-none-eabi/10.3.1/thumb/v7e-m/nofp/crtbegin.o
 .ARM.attributes
                0x0000004c       0x2e CMakeFiles/iot_lab.elf.dir/Core/Src/gpio.c.obj
 .ARM.attributes
                0x0000007a       0x2e CMakeFiles/iot_lab.elf.dir/Core/Src/main.c.obj
 .ARM.attributes
                0x000000a8       0x2e CMakeFiles/iot_lab.elf.dir/Core/Src/stm32l4xx_hal_msp.c.obj
 .ARM.attributes
                0x000000d6       0x2e CMakeFiles/iot_lab.elf.dir/Core/Src/stm32l4xx_it.c.obj
 .ARM.attributes
                0x00000104       0x2e CMakeFiles/iot_lab.elf.dir/Core/Src/system_stm32l4xx.c.obj
 .ARM.attributes
                0x00000132       0x2e CMakeFiles/iot_lab.elf.dir/Core/Src/usart.c.obj
 .ARM.attributes
                0x00000160       0x21 CMakeFiles/iot_lab.elf.dir/Core/Startup/startup_stm32l475vetx.s.obj
 .ARM.attributes
                0x00000181       0x2e CMakeFiles/iot_lab.elf.dir/Drivers/STM32L4xx_HAL_Driver/Src/stm32l4xx_hal.c.obj
 .ARM.attributes
                0x000001af       0x2e CMakeFiles/iot_lab.elf.dir/Drivers/STM32L4xx_HAL_Driver/Src/stm32l4xx_hal_cortex.c.obj
 .ARM.attributes
                0x000001dd       0x2e CMakeFiles/iot_lab.elf.dir/Drivers/STM32L4xx_HAL_Driver/Src/stm32l4xx_hal_gpio.c.obj
 .ARM.attributes
                0x0000020b       0x2e CMakeFiles/iot_lab.elf.dir/Drivers/STM32L4xx_HAL_Driver/Src/stm32l4xx_hal_pwr_ex.c.obj
 .ARM.attributes
                0x00000239       0x2e CMakeFiles/iot_lab.elf.dir/Drivers/STM32L4xx_HAL_Driver/Src/stm32l4xx_hal_rcc.c.obj
 .ARM.attributes
                0x00000267       0x2e CMakeFiles/iot_lab.elf.dir/Drivers/STM32L4xx_HAL_Driver/Src/stm32l4xx_hal_rcc_ex.c.obj
 .ARM.attributes
                0x00000295       0x2e CMakeFiles/iot_lab.elf.dir/Drivers/STM32L4xx_HAL_Driver/Src/stm32l4xx_hal_uart.c.obj
 .ARM.attributes
                0x000002c3       0x1e c:/progra~2/gnuarm~1/102021~1.10/bin/../lib/gcc/arm-none-eabi/10.3.1/thumb/v7e-m/nofp\libgcc.a(_aeabi_uldivmod.o)
 .ARM.attributes
                0x000002e1       0x2e c:/progra~2/gnuarm~1/102021~1.10/bin/../lib/gcc/arm-none-eabi/10.3.1/thumb/v7e-m/nofp\libgcc.a(_udivmoddi4.o)
 .ARM.attributes
                0x0000030f       0x1e c:/progra~2/gnuarm~1/102021~1.10/bin/../lib/gcc/arm-none-eabi/10.3.1/thumb/v7e-m/nofp\libgcc.a(_dvmd_tls.o)
 .ARM.attributes
                0x0000032d       0x2e c:/progra~2/gnuarm~1/102021~1.10/bin/../lib/gcc/arm-none-eabi/10.3.1/../../../../arm-none-eabi/lib/thumb/v7e-m/nofp\libg.a(lib_a-impure.o)
 .ARM.attributes
                0x0000035b       0x2e c:/progra~2/gnuarm~1/102021~1.10/bin/../lib/gcc/arm-none-eabi/10.3.1/../../../../arm-none-eabi/lib/thumb/v7e-m/nofp\libg.a(lib_a-init.o)
 .ARM.attributes
                0x00000389       0x2e c:/progra~2/gnuarm~1/102021~1.10/bin/../lib/gcc/arm-none-eabi/10.3.1/../../../../arm-none-eabi/lib/thumb/v7e-m/nofp\libg.a(lib_a-memset.o)
 .ARM.attributes
                0x000003b7       0x1c c:/progra~2/gnuarm~1/102021~1.10/bin/../lib/gcc/arm-none-eabi/10.3.1/../../../../arm-none-eabi/lib/thumb/v7e-m/nofp\libg.a(lib_a-strlen.o)
 .ARM.attributes
                0x000003d3       0x2e c:/progra~2/gnuarm~1/102021~1.10/bin/../lib/gcc/arm-none-eabi/10.3.1/../../../../arm-none-eabi/lib/thumb/v7e-m/nofp\libg.a(lib_a-__call_atexit.o)
 .ARM.attributes
                0x00000401       0x2e c:/progra~2/gnuarm~1/102021~1.10/bin/../lib/gcc/arm-none-eabi/10.3.1/../../../../arm-none-eabi/lib/thumb/v7e-m/nofp\libg.a(lib_a-atexit.o)
 .ARM.attributes
                0x0000042f       0x2e c:/progra~2/gnuarm~1/102021~1.10/bin/../lib/gcc/arm-none-eabi/10.3.1/../../../../arm-none-eabi/lib/thumb/v7e-m/nofp\libg.a(lib_a-fini.o)
 .ARM.attributes
                0x0000045d       0x2e c:/progra~2/gnuarm~1/102021~1.10/bin/../lib/gcc/arm-none-eabi/10.3.1/../../../../arm-none-eabi/lib/thumb/v7e-m/nofp\libg.a(lib_a-lock.o)
 .ARM.attributes
                0x0000048b       0x2e c:/progra~2/gnuarm~1/102021~1.10/bin/../lib/gcc/arm-none-eabi/10.3.1/../../../../arm-none-eabi/lib/thumb/v7e-m/nofp\libg.a(lib_a-__atexit.o)
 .ARM.attributes
                0x000004b9       0x1e c:/progra~2/gnuarm~1/102021~1.10/bin/../lib/gcc/arm-none-eabi/10.3.1/thumb/v7e-m/nofp/crtn.o
OUTPUT(iot_lab.elf elf32-littlearm)
LOAD linker stubs
LOAD c:/progra~2/gnuarm~1/102021~1.10/bin/../lib/gcc/arm-none-eabi/10.3.1/../../../../arm-none-eabi/lib/thumb/v7e-m/nofp\libc.a
LOAD c:/progra~2/gnuarm~1/102021~1.10/bin/../lib/gcc/arm-none-eabi/10.3.1/../../../../arm-none-eabi/lib/thumb/v7e-m/nofp\libm.a
LOAD c:/progra~2/gnuarm~1/102021~1.10/bin/../lib/gcc/arm-none-eabi/10.3.1/thumb/v7e-m/nofp\libgcc.a

.debug_info     0x00000000     0xd99e
 .debug_info    0x00000000      0x4d7 CMakeFiles/iot_lab.elf.dir/Core/Src/gpio.c.obj
 .debug_info    0x000004d7      0xebf CMakeFiles/iot_lab.elf.dir/Core/Src/main.c.obj
 .debug_info    0x00001396      0x304 CMakeFiles/iot_lab.elf.dir/Core/Src/stm32l4xx_hal_msp.c.obj
 .debug_info    0x0000169a      0x9bd CMakeFiles/iot_lab.elf.dir/Core/Src/stm32l4xx_it.c.obj
 .debug_info    0x00002057      0x425 CMakeFiles/iot_lab.elf.dir/Core/Src/system_stm32l4xx.c.obj
 .debug_info    0x0000247c     0x119f CMakeFiles/iot_lab.elf.dir/Core/Src/usart.c.obj
 .debug_info    0x0000361b       0x22 CMakeFiles/iot_lab.elf.dir/Core/Startup/startup_stm32l475vetx.s.obj
 .debug_info    0x0000363d      0xbc0 CMakeFiles/iot_lab.elf.dir/Drivers/STM32L4xx_HAL_Driver/Src/stm32l4xx_hal.c.obj
 .debug_info    0x000041fd     0x1098 CMakeFiles/iot_lab.elf.dir/Drivers/STM32L4xx_HAL_Driver/Src/stm32l4xx_hal_cortex.c.obj
 .debug_info    0x00005295      0x857 CMakeFiles/iot_lab.elf.dir/Drivers/STM32L4xx_HAL_Driver/Src/stm32l4xx_hal_gpio.c.obj
 .debug_info    0x00005aec      0xa7c CMakeFiles/iot_lab.elf.dir/Drivers/STM32L4xx_HAL_Driver/Src/stm32l4xx_hal_pwr_ex.c.obj
 .debug_info    0x00006568      0xf3f CMakeFiles/iot_lab.elf.dir/Drivers/STM32L4xx_HAL_Driver/Src/stm32l4xx_hal_rcc.c.obj
 .debug_info    0x000074a7     0x125c CMakeFiles/iot_lab.elf.dir/Drivers/STM32L4xx_HAL_Driver/Src/stm32l4xx_hal_rcc_ex.c.obj
 .debug_info    0x00008703     0x529b CMakeFiles/iot_lab.elf.dir/Drivers/STM32L4xx_HAL_Driver/Src/stm32l4xx_hal_uart.c.obj

.debug_abbrev   0x00000000     0x1aaf
 .debug_abbrev  0x00000000      0x14e CMakeFiles/iot_lab.elf.dir/Core/Src/gpio.c.obj
 .debug_abbrev  0x0000014e      0x22f CMakeFiles/iot_lab.elf.dir/Core/Src/main.c.obj
 .debug_abbrev  0x0000037d       0xbf CMakeFiles/iot_lab.elf.dir/Core/Src/stm32l4xx_hal_msp.c.obj
 .debug_abbrev  0x0000043c      0x226 CMakeFiles/iot_lab.elf.dir/Core/Src/stm32l4xx_it.c.obj
 .debug_abbrev  0x00000662      0x119 CMakeFiles/iot_lab.elf.dir/Core/Src/system_stm32l4xx.c.obj
 .debug_abbrev  0x0000077b      0x1f4 CMakeFiles/iot_lab.elf.dir/Core/Src/usart.c.obj
 .debug_abbrev  0x0000096f       0x12 CMakeFiles/iot_lab.elf.dir/Core/Startup/startup_stm32l475vetx.s.obj
 .debug_abbrev  0x00000981      0x22a CMakeFiles/iot_lab.elf.dir/Drivers/STM32L4xx_HAL_Driver/Src/stm32l4xx_hal.c.obj
 .debug_abbrev  0x00000bab      0x36a CMakeFiles/iot_lab.elf.dir/Drivers/STM32L4xx_HAL_Driver/Src/stm32l4xx_hal_cortex.c.obj
 .debug_abbrev  0x00000f15      0x1e6 CMakeFiles/iot_lab.elf.dir/Drivers/STM32L4xx_HAL_Driver/Src/stm32l4xx_hal_gpio.c.obj
 .debug_abbrev  0x000010fb      0x215 CMakeFiles/iot_lab.elf.dir/Drivers/STM32L4xx_HAL_Driver/Src/stm32l4xx_hal_pwr_ex.c.obj
 .debug_abbrev  0x00001310      0x251 CMakeFiles/iot_lab.elf.dir/Drivers/STM32L4xx_HAL_Driver/Src/stm32l4xx_hal_rcc.c.obj
 .debug_abbrev  0x00001561      0x275 CMakeFiles/iot_lab.elf.dir/Drivers/STM32L4xx_HAL_Driver/Src/stm32l4xx_hal_rcc_ex.c.obj
 .debug_abbrev  0x000017d6      0x2d9 CMakeFiles/iot_lab.elf.dir/Drivers/STM32L4xx_HAL_Driver/Src/stm32l4xx_hal_uart.c.obj

.debug_aranges  0x00000000      0x880
 .debug_aranges
                0x00000000       0x20 CMakeFiles/iot_lab.elf.dir/Core/Src/gpio.c.obj
 .debug_aranges
                0x00000020       0x40 CMakeFiles/iot_lab.elf.dir/Core/Src/main.c.obj
 .debug_aranges
                0x00000060       0x20 CMakeFiles/iot_lab.elf.dir/Core/Src/stm32l4xx_hal_msp.c.obj
 .debug_aranges
                0x00000080       0x80 CMakeFiles/iot_lab.elf.dir/Core/Src/stm32l4xx_it.c.obj
 .debug_aranges
                0x00000100       0x28 CMakeFiles/iot_lab.elf.dir/Core/Src/system_stm32l4xx.c.obj
 .debug_aranges
                0x00000128       0x38 CMakeFiles/iot_lab.elf.dir/Core/Src/usart.c.obj
 .debug_aranges
                0x00000160       0x28 CMakeFiles/iot_lab.elf.dir/Core/Startup/startup_stm32l475vetx.s.obj
 .debug_aranges
                0x00000188      0x130 CMakeFiles/iot_lab.elf.dir/Drivers/STM32L4xx_HAL_Driver/Src/stm32l4xx_hal.c.obj
 .debug_aranges
                0x000002b8       0xa8 CMakeFiles/iot_lab.elf.dir/Drivers/STM32L4xx_HAL_Driver/Src/stm32l4xx_hal_cortex.c.obj
 .debug_aranges
                0x00000360       0x58 CMakeFiles/iot_lab.elf.dir/Drivers/STM32L4xx_HAL_Driver/Src/stm32l4xx_hal_gpio.c.obj
 .debug_aranges
                0x000003b8      0x150 CMakeFiles/iot_lab.elf.dir/Drivers/STM32L4xx_HAL_Driver/Src/stm32l4xx_hal_pwr_ex.c.obj
 .debug_aranges
                0x00000508       0x90 CMakeFiles/iot_lab.elf.dir/Drivers/STM32L4xx_HAL_Driver/Src/stm32l4xx_hal_rcc.c.obj
 .debug_aranges
                0x00000598       0xc0 CMakeFiles/iot_lab.elf.dir/Drivers/STM32L4xx_HAL_Driver/Src/stm32l4xx_hal_rcc_ex.c.obj
 .debug_aranges
                0x00000658      0x228 CMakeFiles/iot_lab.elf.dir/Drivers/STM32L4xx_HAL_Driver/Src/stm32l4xx_hal_uart.c.obj

.debug_ranges   0x00000000      0x850
 .debug_ranges  0x00000000       0x10 CMakeFiles/iot_lab.elf.dir/Core/Src/gpio.c.obj
 .debug_ranges  0x00000010       0x30 CMakeFiles/iot_lab.elf.dir/Core/Src/main.c.obj
 .debug_ranges  0x00000040       0x10 CMakeFiles/iot_lab.elf.dir/Core/Src/stm32l4xx_hal_msp.c.obj
 .debug_ranges  0x00000050       0x70 CMakeFiles/iot_lab.elf.dir/Core/Src/stm32l4xx_it.c.obj
 .debug_ranges  0x000000c0       0x18 CMakeFiles/iot_lab.elf.dir/Core/Src/system_stm32l4xx.c.obj
 .debug_ranges  0x000000d8       0x28 CMakeFiles/iot_lab.elf.dir/Core/Src/usart.c.obj
 .debug_ranges  0x00000100       0x20 CMakeFiles/iot_lab.elf.dir/Core/Startup/startup_stm32l475vetx.s.obj
 .debug_ranges  0x00000120      0x120 CMakeFiles/iot_lab.elf.dir/Drivers/STM32L4xx_HAL_Driver/Src/stm32l4xx_hal.c.obj
 .debug_ranges  0x00000240       0xf8 CMakeFiles/iot_lab.elf.dir/Drivers/STM32L4xx_HAL_Driver/Src/stm32l4xx_hal_cortex.c.obj
 .debug_ranges  0x00000338       0x48 CMakeFiles/iot_lab.elf.dir/Drivers/STM32L4xx_HAL_Driver/Src/stm32l4xx_hal_gpio.c.obj
 .debug_ranges  0x00000380      0x140 CMakeFiles/iot_lab.elf.dir/Drivers/STM32L4xx_HAL_Driver/Src/stm32l4xx_hal_pwr_ex.c.obj
 .debug_ranges  0x000004c0       0x98 CMakeFiles/iot_lab.elf.dir/Drivers/STM32L4xx_HAL_Driver/Src/stm32l4xx_hal_rcc.c.obj
 .debug_ranges  0x00000558       0xc8 CMakeFiles/iot_lab.elf.dir/Drivers/STM32L4xx_HAL_Driver/Src/stm32l4xx_hal_rcc_ex.c.obj
 .debug_ranges  0x00000620      0x230 CMakeFiles/iot_lab.elf.dir/Drivers/STM32L4xx_HAL_Driver/Src/stm32l4xx_hal_uart.c.obj

.debug_line     0x00000000     0xaec5
 .debug_line    0x00000000      0x225 CMakeFiles/iot_lab.elf.dir/Core/Src/gpio.c.obj
 .debug_line    0x00000225      0x525 CMakeFiles/iot_lab.elf.dir/Core/Src/main.c.obj
 .debug_line    0x0000074a      0x199 CMakeFiles/iot_lab.elf.dir/Core/Src/stm32l4xx_hal_msp.c.obj
 .debug_line    0x000008e3      0x4b2 CMakeFiles/iot_lab.elf.dir/Core/Src/stm32l4xx_it.c.obj
 .debug_line    0x00000d95      0x2a5 CMakeFiles/iot_lab.elf.dir/Core/Src/system_stm32l4xx.c.obj
 .debug_line    0x0000103a      0x4d4 CMakeFiles/iot_lab.elf.dir/Core/Src/usart.c.obj
 .debug_line    0x0000150e       0xb6 CMakeFiles/iot_lab.elf.dir/Core/Startup/startup_stm32l475vetx.s.obj
 .debug_line    0x000015c4      0x732 CMakeFiles/iot_lab.elf.dir/Drivers/STM32L4xx_HAL_Driver/Src/stm32l4xx_hal.c.obj
 .debug_line    0x00001cf6      0x80d CMakeFiles/iot_lab.elf.dir/Drivers/STM32L4xx_HAL_Driver/Src/stm32l4xx_hal_cortex.c.obj
 .debug_line    0x00002503      0x735 CMakeFiles/iot_lab.elf.dir/Drivers/STM32L4xx_HAL_Driver/Src/stm32l4xx_hal_gpio.c.obj
 .debug_line    0x00002c38      0xb44 CMakeFiles/iot_lab.elf.dir/Drivers/STM32L4xx_HAL_Driver/Src/stm32l4xx_hal_pwr_ex.c.obj
 .debug_line    0x0000377c      0xf5f CMakeFiles/iot_lab.elf.dir/Drivers/STM32L4xx_HAL_Driver/Src/stm32l4xx_hal_rcc.c.obj
 .debug_line    0x000046db     0x1592 CMakeFiles/iot_lab.elf.dir/Drivers/STM32L4xx_HAL_Driver/Src/stm32l4xx_hal_rcc_ex.c.obj
 .debug_line    0x00005c6d     0x5258 CMakeFiles/iot_lab.elf.dir/Drivers/STM32L4xx_HAL_Driver/Src/stm32l4xx_hal_uart.c.obj

.debug_str      0x00000000     0x343e
 .debug_str     0x00000000      0x3bc CMakeFiles/iot_lab.elf.dir/Core/Src/gpio.c.obj
                                0x40c (size before relaxing)
 .debug_str     0x000003bc      0x79c CMakeFiles/iot_lab.elf.dir/Core/Src/main.c.obj
                                0xa4d (size before relaxing)
 .debug_str     0x00000b58       0x5a CMakeFiles/iot_lab.elf.dir/Core/Src/stm32l4xx_hal_msp.c.obj
                                0x356 (size before relaxing)
 .debug_str     0x00000bb2      0x166 CMakeFiles/iot_lab.elf.dir/Core/Src/stm32l4xx_it.c.obj
                                0x7d4 (size before relaxing)
 .debug_str     0x00000d18       0xcc CMakeFiles/iot_lab.elf.dir/Core/Src/system_stm32l4xx.c.obj
                                0x3d3 (size before relaxing)
 .debug_str     0x00000de4      0x837 CMakeFiles/iot_lab.elf.dir/Core/Src/usart.c.obj
                               0x107d (size before relaxing)
 .debug_str     0x0000161b       0x64 CMakeFiles/iot_lab.elf.dir/Core/Startup/startup_stm32l475vetx.s.obj
                                 0xa7 (size before relaxing)
 .debug_str     0x0000167f      0x4ca CMakeFiles/iot_lab.elf.dir/Drivers/STM32L4xx_HAL_Driver/Src/stm32l4xx_hal.c.obj
                                0xd33 (size before relaxing)
 .debug_str     0x00001b49      0x49f CMakeFiles/iot_lab.elf.dir/Drivers/STM32L4xx_HAL_Driver/Src/stm32l4xx_hal_cortex.c.obj
                                0xc65 (size before relaxing)
 .debug_str     0x00001fe8      0x14d CMakeFiles/iot_lab.elf.dir/Drivers/STM32L4xx_HAL_Driver/Src/stm32l4xx_hal_gpio.c.obj
                                0x58e (size before relaxing)
 .debug_str     0x00002135      0x568 CMakeFiles/iot_lab.elf.dir/Drivers/STM32L4xx_HAL_Driver/Src/stm32l4xx_hal_pwr_ex.c.obj
                                0x862 (size before relaxing)
 .debug_str     0x0000269d      0x26b CMakeFiles/iot_lab.elf.dir/Drivers/STM32L4xx_HAL_Driver/Src/stm32l4xx_hal_rcc.c.obj
                                0x8ea (size before relaxing)
 .debug_str     0x00002908      0x325 CMakeFiles/iot_lab.elf.dir/Drivers/STM32L4xx_HAL_Driver/Src/stm32l4xx_hal_rcc_ex.c.obj
                                0xb09 (size before relaxing)
 .debug_str     0x00002c2d      0x811 CMakeFiles/iot_lab.elf.dir/Drivers/STM32L4xx_HAL_Driver/Src/stm32l4xx_hal_uart.c.obj
                               0x1062 (size before relaxing)

.comment        0x00000000       0x49
 .comment       0x00000000       0x49 CMakeFiles/iot_lab.elf.dir/Core/Src/gpio.c.obj
                                 0x4a (size before relaxing)
 .comment       0x00000049       0x4a CMakeFiles/iot_lab.elf.dir/Core/Src/main.c.obj
 .comment       0x00000049       0x4a CMakeFiles/iot_lab.elf.dir/Core/Src/stm32l4xx_hal_msp.c.obj
 .comment       0x00000049       0x4a CMakeFiles/iot_lab.elf.dir/Core/Src/stm32l4xx_it.c.obj
 .comment       0x00000049       0x4a CMakeFiles/iot_lab.elf.dir/Core/Src/system_stm32l4xx.c.obj
 .comment       0x00000049       0x4a CMakeFiles/iot_lab.elf.dir/Core/Src/usart.c.obj
 .comment       0x00000049       0x4a CMakeFiles/iot_lab.elf.dir/Drivers/STM32L4xx_HAL_Driver/Src/stm32l4xx_hal.c.obj
 .comment       0x00000049       0x4a CMakeFiles/iot_lab.elf.dir/Drivers/STM32L4xx_HAL_Driver/Src/stm32l4xx_hal_cortex.c.obj
 .comment       0x00000049       0x4a CMakeFiles/iot_lab.elf.dir/Drivers/STM32L4xx_HAL_Driver/Src/stm32l4xx_hal_gpio.c.obj
 .comment       0x00000049       0x4a CMakeFiles/iot_lab.elf.dir/Drivers/STM32L4xx_HAL_Driver/Src/stm32l4xx_hal_pwr_ex.c.obj
 .comment       0x00000049       0x4a CMakeFiles/iot_lab.elf.dir/Drivers/STM32L4xx_HAL_Driver/Src/stm32l4xx_hal_rcc.c.obj
 .comment       0x00000049       0x4a CMakeFiles/iot_lab.elf.dir/Drivers/STM32L4xx_HAL_Driver/Src/stm32l4xx_hal_rcc_ex.c.obj
 .comment       0x00000049       0x4a CMakeFiles/iot_lab.elf.dir/Drivers/STM32L4xx_HAL_Driver/Src/stm32l4xx_hal_uart.c.obj

.debug_frame    0x00000000     0x15c4
 .debug_frame   0x00000000       0x30 CMakeFiles/iot_lab.elf.dir/Core/Src/gpio.c.obj
 .debug_frame   0x00000030       0x90 CMakeFiles/iot_lab.elf.dir/Core/Src/main.c.obj
 .debug_frame   0x000000c0       0x28 CMakeFiles/iot_lab.elf.dir/Core/Src/stm32l4xx_hal_msp.c.obj
 .debug_frame   0x000000e8      0x120 CMakeFiles/iot_lab.elf.dir/Core/Src/stm32l4xx_it.c.obj
 .debug_frame   0x00000208       0x30 CMakeFiles/iot_lab.elf.dir/Core/Src/system_stm32l4xx.c.obj
 .debug_frame   0x00000238       0x7c CMakeFiles/iot_lab.elf.dir/Core/Src/usart.c.obj
 .debug_frame   0x000002b4      0x274 CMakeFiles/iot_lab.elf.dir/Drivers/STM32L4xx_HAL_Driver/Src/stm32l4xx_hal.c.obj
 .debug_frame   0x00000528      0x148 CMakeFiles/iot_lab.elf.dir/Drivers/STM32L4xx_HAL_Driver/Src/stm32l4xx_hal_cortex.c.obj
 .debug_frame   0x00000670       0xd0 CMakeFiles/iot_lab.elf.dir/Drivers/STM32L4xx_HAL_Driver/Src/stm32l4xx_hal_gpio.c.obj
 .debug_frame   0x00000740      0x298 CMakeFiles/iot_lab.elf.dir/Drivers/STM32L4xx_HAL_Driver/Src/stm32l4xx_hal_pwr_ex.c.obj
 .debug_frame   0x000009d8      0x19c CMakeFiles/iot_lab.elf.dir/Drivers/STM32L4xx_HAL_Driver/Src/stm32l4xx_hal_rcc.c.obj
 .debug_frame   0x00000b74      0x204 CMakeFiles/iot_lab.elf.dir/Drivers/STM32L4xx_HAL_Driver/Src/stm32l4xx_hal_rcc_ex.c.obj
 .debug_frame   0x00000d78      0x600 CMakeFiles/iot_lab.elf.dir/Drivers/STM32L4xx_HAL_Driver/Src/stm32l4xx_hal_uart.c.obj
 .debug_frame   0x00001378       0x2c c:/progra~2/gnuarm~1/102021~1.10/bin/../lib/gcc/arm-none-eabi/10.3.1/thumb/v7e-m/nofp\libgcc.a(_aeabi_uldivmod.o)
 .debug_frame   0x000013a4       0x34 c:/progra~2/gnuarm~1/102021~1.10/bin/../lib/gcc/arm-none-eabi/10.3.1/thumb/v7e-m/nofp\libgcc.a(_udivmoddi4.o)
 .debug_frame   0x000013d8       0x2c c:/progra~2/gnuarm~1/102021~1.10/bin/../lib/gcc/arm-none-eabi/10.3.1/../../../../arm-none-eabi/lib/thumb/v7e-m/nofp\libg.a(lib_a-init.o)
 .debug_frame   0x00001404       0x2c c:/progra~2/gnuarm~1/102021~1.10/bin/../lib/gcc/arm-none-eabi/10.3.1/../../../../arm-none-eabi/lib/thumb/v7e-m/nofp\libg.a(lib_a-memset.o)
 .debug_frame   0x00001430       0x5c c:/progra~2/gnuarm~1/102021~1.10/bin/../lib/gcc/arm-none-eabi/10.3.1/../../../../arm-none-eabi/lib/thumb/v7e-m/nofp\libg.a(lib_a-__call_atexit.o)
 .debug_frame   0x0000148c       0x20 c:/progra~2/gnuarm~1/102021~1.10/bin/../lib/gcc/arm-none-eabi/10.3.1/../../../../arm-none-eabi/lib/thumb/v7e-m/nofp\libg.a(lib_a-atexit.o)
 .debug_frame   0x000014ac       0x34 c:/progra~2/gnuarm~1/102021~1.10/bin/../lib/gcc/arm-none-eabi/10.3.1/../../../../arm-none-eabi/lib/thumb/v7e-m/nofp\libg.a(lib_a-fini.o)
 .debug_frame   0x000014e0       0xb0 c:/progra~2/gnuarm~1/102021~1.10/bin/../lib/gcc/arm-none-eabi/10.3.1/../../../../arm-none-eabi/lib/thumb/v7e-m/nofp\libg.a(lib_a-lock.o)
 .debug_frame   0x00001590       0x34 c:/progra~2/gnuarm~1/102021~1.10/bin/../lib/gcc/arm-none-eabi/10.3.1/../../../../arm-none-eabi/lib/thumb/v7e-m/nofp\libg.a(lib_a-__atexit.o)

.debug_loc      0x00000000     0x89ad
 .debug_loc     0x00000000       0xae CMakeFiles/iot_lab.elf.dir/Core/Src/stm32l4xx_it.c.obj
 .debug_loc     0x000000ae      0x127 CMakeFiles/iot_lab.elf.dir/Core/Src/system_stm32l4xx.c.obj
 .debug_loc     0x000001d5       0xd8 CMakeFiles/iot_lab.elf.dir/Core/Src/usart.c.obj
 .debug_loc     0x000002ad      0x1ef CMakeFiles/iot_lab.elf.dir/Drivers/STM32L4xx_HAL_Driver/Src/stm32l4xx_hal.c.obj
 .debug_loc     0x0000049c      0x744 CMakeFiles/iot_lab.elf.dir/Drivers/STM32L4xx_HAL_Driver/Src/stm32l4xx_hal_cortex.c.obj
 .debug_loc     0x00000be0      0x3da CMakeFiles/iot_lab.elf.dir/Drivers/STM32L4xx_HAL_Driver/Src/stm32l4xx_hal_gpio.c.obj
 .debug_loc     0x00000fba      0xb06 CMakeFiles/iot_lab.elf.dir/Drivers/STM32L4xx_HAL_Driver/Src/stm32l4xx_hal_pwr_ex.c.obj
 .debug_loc     0x00001ac0      0x81c CMakeFiles/iot_lab.elf.dir/Drivers/STM32L4xx_HAL_Driver/Src/stm32l4xx_hal_rcc.c.obj
 .debug_loc     0x000022dc     0x1af9 CMakeFiles/iot_lab.elf.dir/Drivers/STM32L4xx_HAL_Driver/Src/stm32l4xx_hal_rcc_ex.c.obj
 .debug_loc     0x00003dd5     0x4bd8 CMakeFiles/iot_lab.elf.dir/Drivers/STM32L4xx_HAL_Driver/Src/stm32l4xx_hal_uart.c.obj
