Archive member included to satisfy reference by file (symbol)

c:/arm_toolchain/bin/../lib/gcc/arm-none-eabi/10.3.1/thumb/v7e-m/nofp\libgcc.a(_aeabi_uldivmod.o)
                              CMakeFiles/iot_lab.elf.dir/Drivers/STM32L4xx_HAL_Driver/Src/stm32l4xx_hal_uart.c.obj (__aeabi_uldivmod)
c:/arm_toolchain/bin/../lib/gcc/arm-none-eabi/10.3.1/thumb/v7e-m/nofp\libgcc.a(_udivmoddi4.o)
                              c:/arm_toolchain/bin/../lib/gcc/arm-none-eabi/10.3.1/thumb/v7e-m/nofp\libgcc.a(_aeabi_uldivmod.o) (__udivmoddi4)
c:/arm_toolchain/bin/../lib/gcc/arm-none-eabi/10.3.1/thumb/v7e-m/nofp\libgcc.a(_dvmd_tls.o)
                              c:/arm_toolchain/bin/../lib/gcc/arm-none-eabi/10.3.1/thumb/v7e-m/nofp\libgcc.a(_aeabi_uldivmod.o) (__aeabi_ldiv0)
c:/arm_toolchain/bin/../lib/gcc/arm-none-eabi/10.3.1/../../../../arm-none-eabi/lib/thumb/v7e-m/nofp\libc.a(lib_a-errno.o)
                              CMakeFiles/iot_lab.elf.dir/Core/Src/syscalls.c.obj (__errno)
c:/arm_toolchain/bin/../lib/gcc/arm-none-eabi/10.3.1/../../../../arm-none-eabi/lib/thumb/v7e-m/nofp\libc.a(lib_a-exit.o)
                              c:/arm_toolchain/bin/../lib/gcc/arm-none-eabi/10.3.1/../../../../arm-none-eabi/lib/thumb/v7e-m/nofp/crt0.o (exit)
c:/arm_toolchain/bin/../lib/gcc/arm-none-eabi/10.3.1/../../../../arm-none-eabi/lib/thumb/v7e-m/nofp\libc.a(lib_a-impure.o)
                              c:/arm_toolchain/bin/../lib/gcc/arm-none-eabi/10.3.1/../../../../arm-none-eabi/lib/thumb/v7e-m/nofp\libc.a(lib_a-exit.o) (_global_impure_ptr)
c:/arm_toolchain/bin/../lib/gcc/arm-none-eabi/10.3.1/../../../../arm-none-eabi/lib/thumb/v7e-m/nofp\libc.a(lib_a-init.o)
                              c:/arm_toolchain/bin/../lib/gcc/arm-none-eabi/10.3.1/../../../../arm-none-eabi/lib/thumb/v7e-m/nofp/crt0.o (__libc_init_array)
c:/arm_toolchain/bin/../lib/gcc/arm-none-eabi/10.3.1/../../../../arm-none-eabi/lib/thumb/v7e-m/nofp\libc.a(lib_a-memset.o)
                              c:/arm_toolchain/bin/../lib/gcc/arm-none-eabi/10.3.1/../../../../arm-none-eabi/lib/thumb/v7e-m/nofp/crt0.o (memset)
c:/arm_toolchain/bin/../lib/gcc/arm-none-eabi/10.3.1/../../../../arm-none-eabi/lib/thumb/v7e-m/nofp\libc.a(lib_a-strlen.o)
                              CMakeFiles/iot_lab.elf.dir/Core/Src/main.c.obj (strlen)
c:/arm_toolchain/bin/../lib/gcc/arm-none-eabi/10.3.1/../../../../arm-none-eabi/lib/thumb/v7e-m/nofp\libc.a(lib_a-__call_atexit.o)
                              c:/arm_toolchain/bin/../lib/gcc/arm-none-eabi/10.3.1/../../../../arm-none-eabi/lib/thumb/v7e-m/nofp\libc.a(lib_a-exit.o) (__call_exitprocs)
c:/arm_toolchain/bin/../lib/gcc/arm-none-eabi/10.3.1/../../../../arm-none-eabi/lib/thumb/v7e-m/nofp\libc.a(lib_a-atexit.o)
                              c:/arm_toolchain/bin/../lib/gcc/arm-none-eabi/10.3.1/../../../../arm-none-eabi/lib/thumb/v7e-m/nofp\libc.a(lib_a-__call_atexit.o) (atexit)
c:/arm_toolchain/bin/../lib/gcc/arm-none-eabi/10.3.1/../../../../arm-none-eabi/lib/thumb/v7e-m/nofp\libc.a(lib_a-fini.o)
                              c:/arm_toolchain/bin/../lib/gcc/arm-none-eabi/10.3.1/../../../../arm-none-eabi/lib/thumb/v7e-m/nofp\libc.a(lib_a-__call_atexit.o) (__libc_fini_array)
c:/arm_toolchain/bin/../lib/gcc/arm-none-eabi/10.3.1/../../../../arm-none-eabi/lib/thumb/v7e-m/nofp\libc.a(lib_a-lock.o)
                              c:/arm_toolchain/bin/../lib/gcc/arm-none-eabi/10.3.1/../../../../arm-none-eabi/lib/thumb/v7e-m/nofp\libc.a(lib_a-__call_atexit.o) (__retarget_lock_acquire_recursive)
c:/arm_toolchain/bin/../lib/gcc/arm-none-eabi/10.3.1/../../../../arm-none-eabi/lib/thumb/v7e-m/nofp\libc.a(lib_a-__atexit.o)
                              c:/arm_toolchain/bin/../lib/gcc/arm-none-eabi/10.3.1/../../../../arm-none-eabi/lib/thumb/v7e-m/nofp\libc.a(lib_a-atexit.o) (__register_exitproc)

Discarded input sections

 .text          0x00000000        0x0 c:/arm_toolchain/bin/../lib/gcc/arm-none-eabi/10.3.1/thumb/v7e-m/nofp/crti.o
 .data          0x00000000        0x0 c:/arm_toolchain/bin/../lib/gcc/arm-none-eabi/10.3.1/thumb/v7e-m/nofp/crti.o
 .bss           0x00000000        0x0 c:/arm_toolchain/bin/../lib/gcc/arm-none-eabi/10.3.1/thumb/v7e-m/nofp/crti.o
 .data          0x00000000        0x4 c:/arm_toolchain/bin/../lib/gcc/arm-none-eabi/10.3.1/thumb/v7e-m/nofp/crtbegin.o
 .rodata        0x00000000       0x24 c:/arm_toolchain/bin/../lib/gcc/arm-none-eabi/10.3.1/thumb/v7e-m/nofp/crtbegin.o
 .text          0x00000000       0x7c c:/arm_toolchain/bin/../lib/gcc/arm-none-eabi/10.3.1/../../../../arm-none-eabi/lib/thumb/v7e-m/nofp/crt0.o
 .data          0x00000000        0x0 c:/arm_toolchain/bin/../lib/gcc/arm-none-eabi/10.3.1/../../../../arm-none-eabi/lib/thumb/v7e-m/nofp/crt0.o
 .bss           0x00000000        0x0 c:/arm_toolchain/bin/../lib/gcc/arm-none-eabi/10.3.1/../../../../arm-none-eabi/lib/thumb/v7e-m/nofp/crt0.o
 .ARM.extab     0x00000000        0x0 c:/arm_toolchain/bin/../lib/gcc/arm-none-eabi/10.3.1/../../../../arm-none-eabi/lib/thumb/v7e-m/nofp/crt0.o
[...]
Memory Configuration

Name             Origin             Length             Attributes
RAM              0x20000000         0x00018000         xrw
RAM2             0x10000000         0x00008000         xrw
FLASH            0x08000000         0x00080000         xr
*default*        0x00000000         0xffffffff

Linker script and memory map

LOAD c:/arm_toolchain/bin/../lib/gcc/arm-none-eabi/10.3.1/thumb/v7e-m/nofp/crti.o
LOAD c:/arm_toolchain/bin/../lib/gcc/arm-none-eabi/10.3.1/thumb/v7e-m/nofp/crtbegin.o
LOAD c:/arm_toolchain/bin/../lib/gcc/arm-none-eabi/10.3.1/../../../../arm-none-eabi/lib/thumb/v7e-m/nofp/crt0.o
LOAD CMakeFiles/iot_lab.elf.dir/Core/Src/gpio.c.obj
LOAD CMakeFiles/iot_lab.elf.dir/Core/Src/main.c.obj
LOAD CMakeFiles/iot_lab.elf.dir/Core/Src/stm32l4xx_hal_msp.c.obj
LOAD CMakeFiles/iot_lab.elf.dir/Core/Src/stm32l4xx_it.c.obj
LOAD CMakeFiles/iot_lab.elf.dir/Core/Src/syscalls.c.obj
LOAD CMakeFiles/iot_lab.elf.dir/Core/Src/sysmem.c.obj
LOAD CMakeFiles/iot_lab.elf.dir/Core/Src/system_stm32l4xx.c.obj
LOAD CMakeFiles/iot_lab.elf.dir/Core/Src/usart.c.obj
LOAD CMakeFiles/iot_lab.elf.dir/Core/Startup/startup_stm32l475vetx.s.obj
LOAD CMakeFiles/iot_lab.elf.dir/Drivers/STM32L4xx_HAL_Driver/Src/stm32l4xx_hal.c.obj
LOAD CMakeFiles/iot_lab.elf.dir/Drivers/STM32L4xx_HAL_Driver/Src/stm32l4xx_hal_cortex.c.obj
LOAD CMakeFiles/iot_lab.elf.dir/Drivers/STM32L4xx_HAL_Driver/Src/stm32l4xx_hal_dma.c.obj
LOAD CMakeFiles/iot_lab.elf.dir/Drivers/STM32L4xx_HAL_Driver/Src/stm32l4xx_hal_dma_ex.c.obj
LOAD CMakeFiles/iot_lab.elf.dir/Drivers/STM32L4xx_HAL_Driver/Src/stm32l4xx_hal_exti.c.obj
LOAD CMakeFiles/iot_lab.elf.dir/Drivers/STM32L4xx_HAL_Driver/Src/stm32l4xx_hal_flash.c.obj
LOAD CMakeFiles/iot_lab.elf.dir/Drivers/STM32L4xx_HAL_Driver/Src/stm32l4xx_hal_flash_ex.c.obj
LOAD CMakeFiles/iot_lab.elf.dir/Drivers/STM32L4xx_HAL_Driver/Src/stm32l4xx_hal_flash_ramfunc.c.obj
LOAD CMakeFiles/iot_lab.elf.dir/Drivers/STM32L4xx_HAL_Driver/Src/stm32l4xx_hal_gpio.c.obj
LOAD CMakeFiles/iot_lab.elf.dir/Drivers/STM32L4xx_HAL_Driver/Src/stm32l4xx_hal_pwr.c.obj
LOAD CMakeFiles/iot_lab.elf.dir/Drivers/STM32L4xx_HAL_Driver/Src/stm32l4xx_hal_pwr_ex.c.obj
LOAD CMakeFiles/iot_lab.elf.dir/Drivers/STM32L4xx_HAL_Driver/Src/stm32l4xx_hal_rcc.c.obj
LOAD CMakeFiles/iot_lab.elf.dir/Drivers/STM32L4xx_HAL_Driver/Src/stm32l4xx_hal_rcc_ex.c.obj
LOAD CMakeFiles/iot_lab.elf.dir/Drivers/STM32L4xx_HAL_Driver/Src/stm32l4xx_hal_tim.c.obj
LOAD CMakeFiles/iot_lab.elf.dir/Drivers/STM32L4xx_HAL_Driver/Src/stm32l4xx_hal_tim_ex.c.obj
LOAD CMakeFiles/iot_lab.elf.dir/Drivers/STM32L4xx_HAL_Driver/Src/stm32l4xx_hal_uart.c.obj
LOAD CMakeFiles/iot_lab.elf.dir/Drivers/STM32L4xx_HAL_Driver/Src/stm32l4xx_hal_uart_ex.c.obj
START GROUP
LOAD c:/arm_toolchain/bin/../lib/gcc/arm-none-eabi/10.3.1/thumb/v7e-m/nofp\libgcc.a
LOAD c:/arm_toolchain/bin/../lib/gcc/arm-none-eabi/10.3.1/../../../../arm-none-eabi/lib/thumb/v7e-m/nofp\libc.a
END GROUP
LOAD c:/arm_toolchain/bin/../lib/gcc/arm-none-eabi/10.3.1/thumb/v7e-m/nofp/crtend.o
LOAD c:/arm_toolchain/bin/../lib/gcc/arm-none-eabi/10.3.1/thumb/v7e-m/nofp/crtn.o
                0x20018000                _estack = (ORIGIN (RAM) + LENGTH (RAM))
                0x00000200                _Min_Heap_Size = 0x200
                0x00000400                _Min_Stack_Size = 0x400

.isr_vector     0x08000000      0x188
                0x08000000                . = ALIGN (0x4)
 *(.isr_vector)
 .isr_vector    0x08000000      0x188 CMakeFiles/iot_lab.elf.dir/Core/Startup/startup_stm32l475vetx.s.obj
                0x08000000                g_pfnVectors
                0x08000188                . = ALIGN (0x4)

.text           0x080001c0     0x2ba8
                0x080001c0                . = ALIGN (0x4)
 *(.text)
 .text          0x080001c0       0x40 c:/arm_toolchain/bin/../lib/gcc/arm-none-eabi/10.3.1/thumb/v7e-m/nofp/crtbegin.o
 .text          0x08000200       0x30 c:/arm_toolchain/bin/../lib/gcc/arm-none-eabi/10.3.1/thumb/v7e-m/nofp\libgcc.a(_aeabi_uldivmod.o)
                0x08000200                __aeabi_uldivmod
 .text          0x08000230      0x2d0 c:/arm_toolchain/bin/../lib/gcc/arm-none-eabi/10.3.1/thumb/v7e-m/nofp\libgcc.a(_udivmoddi4.o)
                0x08000230                __udivmoddi4
 .text          0x08000500        0x4 c:/arm_toolchain/bin/../lib/gcc/arm-none-eabi/10.3.1/thumb/v7e-m/nofp\libgcc.a(_dvmd_tls.o)
                0x08000500                __aeabi_idiv0
                0x08000500                __aeabi_ldiv0
 *fill*         0x08000504       0x3c 
 .text          0x08000540       0xdc c:/arm_toolchain/bin/../lib/gcc/arm-none-eabi/10.3.1/../../../../arm-none-eabi/lib/thumb/v7e-m/nofp\libc.a(lib_a-strlen.o)
                0x08000540                strlen
 *(.text*)
 .text.MX_GPIO_Init
                0x0800061c       0x74 CMakeFiles/iot_lab.elf.dir/Core/Src/gpio.c.obj
                0x0800061c                MX_GPIO_Init
 .text.AT_lora_inquire
                0x08000690       0x8c CMakeFiles/iot_lab.elf.dir/Core/Src/main.c.obj
                0x08000690                AT_lora_inquire
 .text.AT_lora_mode_set
                0x0800071c      0x260 CMakeFiles/iot_lab.elf.dir/Core/Src/main.c.obj
                0x0800071c                AT_lora_mode_set
 .text.AT_lora_init
                0x0800097c       0xa0 CMakeFiles/iot_lab.elf.dir/Core/Src/main.c.obj
                0x0800097c                AT_lora_init
 .text.Error_Handler
                0x08000a1c        0x4 CMakeFiles/iot_lab.elf.dir/Core/Src/main.c.obj
                0x08000a1c                Error_Handler
 .text.SystemClock_Config
                0x08000a20       0x78 CMakeFiles/iot_lab.elf.dir/Core/Src/main.c.obj
                0x08000a20                SystemClock_Config
 .text.main     0x08000a98       0x58 CMakeFiles/iot_lab.elf.dir/Core/Src/main.c.obj
                0x08000a98                main
 .text.HAL_MspInit
                0x08000af0       0x30 CMakeFiles/iot_lab.elf.dir/Core/Src/stm32l4xx_hal_msp.c.obj
                0x08000af0                HAL_MspInit
 .text.NMI_Handler
                0x08000b20        0x2 CMakeFiles/iot_lab.elf.dir/Core/Src/stm32l4xx_it.c.obj
                0x08000b20                NMI_Handler
 .text.HardFault_Handler
                0x08000b22        0x2 CMakeFiles/iot_lab.elf.dir/Core/Src/stm32l4xx_it.c.obj
                0x08000b22                HardFault_Handler
 .text.MemManage_Handler
                0x08000b24        0x2 CMakeFiles/iot_lab.elf.dir/Core/Src/stm32l4xx_it.c.obj
                0x08000b24                MemManage_Handler
 .text.BusFault_Handler
                0x08000b26        0x2 CMakeFiles/iot_lab.elf.dir/Core/Src/stm32l4xx_it.c.obj
                0x08000b26                BusFault_Handler
 .text.UsageFault_Handler
                0x08000b28        0x2 CMakeFiles/iot_lab.elf.dir/Core/Src/stm32l4xx_it.c.obj
                0x08000b28                UsageFault_Handler
 .text.SVC_Handler
                0x08000b2a        0x2 CMakeFiles/iot_lab.elf.dir/Core/Src/stm32l4xx_it.c.obj
                0x08000b2a                SVC_Handler
 .text.DebugMon_Handler
                0x08000b2c        0x2 CMakeFiles/iot_lab.elf.dir/Core/Src/stm32l4xx_it.c.obj
                0x08000b2c                DebugMon_Handler
 .text.PendSV_Handler
                0x08000b2e        0x2 CMakeFiles/iot_lab.elf.dir/Core/Src/stm32l4xx_it.c.obj
                0x08000b2e                PendSV_Handler
 .text.SysTick_Handler
                0x08000b30        0x8 CMakeFiles/iot_lab.elf.dir/Core/Src/stm32l4xx_it.c.obj
                0x08000b30                SysTick_Handler
 .text.USART2_IdleCallback
                0x08000b38       0x28 CMakeFiles/iot_lab.elf.dir/Core/Src/stm32l4xx_it.c.obj
                0x08000b38                USART2_IdleCallback
 .text.USART2_IRQHandler
                0x08000b60       0xc4 CMakeFiles/iot_lab.elf.dir/Core/Src/stm32l4xx_it.c.obj
                0x08000b60                USART2_IRQHandler
 .text.USART1_IdleCallback
                0x08000c24       0x84 CMakeFiles/iot_lab.elf.dir/Core/Src/stm32l4xx_it.c.obj
                0x08000c24                USART1_IdleCallback
 .text.USART1_IRQHandler
                0x08000ca8       0x88 CMakeFiles/iot_lab.elf.dir/Core/Src/stm32l4xx_it.c.obj
                0x08000ca8                USART1_IRQHandler
 .text.SystemInit
                0x08000d30        0x2 CMakeFiles/iot_lab.elf.dir/Core/Src/system_stm32l4xx.c.obj
                0x08000d30                SystemInit
 *fill*         0x08000d32        0x2 
 .text.MX_USART1_UART_Init
                0x08000d34       0x38 CMakeFiles/iot_lab.elf.dir/Core/Src/usart.c.obj
                0x08000d34                MX_USART1_UART_Init
 .text.MX_USART2_UART_Init
                0x08000d6c       0x38 CMakeFiles/iot_lab.elf.dir/Core/Src/usart.c.obj
                0x08000d6c                MX_USART2_UART_Init
 .text.HAL_UART_MspInit
                0x08000da4      0x10c CMakeFiles/iot_lab.elf.dir/Core/Src/usart.c.obj
                0x08000da4                HAL_UART_MspInit
 .text.Reset_Handler
                0x08000eb0       0x50 CMakeFiles/iot_lab.elf.dir/Core/Startup/startup_stm32l475vetx.s.obj
                0x08000eb0                Reset_Handler
 .text.Default_Handler
                0x08000f00        0x2 CMakeFiles/iot_lab.elf.dir/Core/Startup/startup_stm32l475vetx.s.obj
                0x08000f00                RTC_Alarm_IRQHandler
                0x08000f00                EXTI2_IRQHandler
                0x08000f00                TIM8_TRG_COM_IRQHandler
                0x08000f00                TIM8_CC_IRQHandler
                0x08000f00                TIM1_CC_IRQHandler
                0x08000f00                TSC_IRQHandler
                0x08000f00                TAMP_STAMP_IRQHandler
                0x08000f00                EXTI3_IRQHandler
                0x08000f00                LPTIM2_IRQHandler
                0x08000f00                DFSDM1_FLT1_IRQHandler
                0x08000f00                I2C3_ER_IRQHandler
                0x08000f00                DFSDM1_FLT2_IRQHandler
                0x08000f00                EXTI0_IRQHandler
                0x08000f00                I2C2_EV_IRQHandler
                0x08000f00                CAN1_RX0_IRQHandler
                0x08000f00                FPU_IRQHandler
                0x08000f00                TIM1_UP_TIM16_IRQHandler
                0x08000f00                ADC1_2_IRQHandler
                0x08000f00                SPI1_IRQHandler
                0x08000f00                TIM6_DAC_IRQHandler
                0x08000f00                TIM8_UP_IRQHandler
                0x08000f00                DMA2_Channel2_IRQHandler
                0x08000f00                DMA1_Channel4_IRQHandler
                0x08000f00                SAI2_IRQHandler
                0x08000f00                DFSDM1_FLT3_IRQHandler
                0x08000f00                USART3_IRQHandler
                0x08000f00                DMA1_Channel7_IRQHandler
                0x08000f00                CAN1_RX1_IRQHandler
                0x08000f00                UART5_IRQHandler
                0x08000f00                ADC3_IRQHandler
                0x08000f00                TIM4_IRQHandler
                0x08000f00                DMA2_Channel1_IRQHandler
                0x08000f00                QUADSPI_IRQHandler
                0x08000f00                I2C1_EV_IRQHandler
                0x08000f00                DMA1_Channel6_IRQHandler
                0x08000f00                UART4_IRQHandler
                0x08000f00                DMA2_Channel4_IRQHandler
                0x08000f00                TIM3_IRQHandler
                0x08000f00                RCC_IRQHandler
                0x08000f00                DMA1_Channel1_IRQHandler
                0x08000f00                Default_Handler
                0x08000f00                DMA2_Channel7_IRQHandler
                0x08000f00                EXTI15_10_IRQHandler
                0x08000f00                TIM7_IRQHandler
                0x08000f00                SDMMC1_IRQHandler
                0x08000f00                TIM5_IRQHandler
                0x08000f00                I2C3_EV_IRQHandler
                0x08000f00                EXTI9_5_IRQHandler
                0x08000f00                RTC_WKUP_IRQHandler
                0x08000f00                PVD_PVM_IRQHandler
                0x08000f00                SPI2_IRQHandler
                0x08000f00                CAN1_TX_IRQHandler
                0x08000f00                DMA2_Channel5_IRQHandler
                0x08000f00                DMA1_Channel5_IRQHandler
                0x08000f00                EXTI4_IRQHandler
                0x08000f00                RNG_IRQHandler
                0x08000f00                TIM1_TRG_COM_TIM17_IRQHandler
                0x08000f00                DMA1_Channel3_IRQHandler
                0x08000f00                COMP_IRQHandler
                0x08000f00                WWDG_IRQHandler
                0x08000f00                LPUART1_IRQHandler
                0x08000f00                DMA2_Channel6_IRQHandler
                0x08000f00                TIM2_IRQHandler
                0x08000f00                EXTI1_IRQHandler
                0x08000f00                DFSDM1_FLT0_IRQHandler
                0x08000f00                I2C2_ER_IRQHandler
                0x08000f00                DMA1_Channel2_IRQHandler
                0x08000f00                TIM8_BRK_IRQHandler
                0x08000f00                CAN1_SCE_IRQHandler
                0x08000f00                FLASH_IRQHandler
                0x08000f00                OTG_FS_IRQHandler
                0x08000f00                SPI3_IRQHandler
                0x08000f00                I2C1_ER_IRQHandler
                0x08000f00                FMC_IRQHandler
                0x08000f00                SWPMI1_IRQHandler
                0x08000f00                LPTIM1_IRQHandler
                0x08000f00                SAI1_IRQHandler
                0x08000f00                DMA2_Channel3_IRQHandler
                0x08000f00                TIM1_BRK_TIM15_IRQHandler
 *fill*         0x08000f02        0x2 
 .text.HAL_InitTick
                0x08000f04       0x50 CMakeFiles/iot_lab.elf.dir/Drivers/STM32L4xx_HAL_Driver/Src/stm32l4xx_hal.c.obj
                0x08000f04                HAL_InitTick
 .text.HAL_Init
                0x08000f54       0x1e CMakeFiles/iot_lab.elf.dir/Drivers/STM32L4xx_HAL_Driver/Src/stm32l4xx_hal.c.obj
                0x08000f54                HAL_Init
 *fill*         0x08000f72        0x2 
 .text.HAL_IncTick
                0x08000f74       0x18 CMakeFiles/iot_lab.elf.dir/Drivers/STM32L4xx_HAL_Driver/Src/stm32l4xx_hal.c.obj
                0x08000f74                HAL_IncTick
 .text.HAL_GetTick
                0x08000f8c        0xc CMakeFiles/iot_lab.elf.dir/Drivers/STM32L4xx_HAL_Driver/Src/stm32l4xx_hal.c.obj
                0x08000f8c                HAL_GetTick
 .text.HAL_Delay
                0x08000f98       0x28 CMakeFiles/iot_lab.elf.dir/Drivers/STM32L4xx_HAL_Driver/Src/stm32l4xx_hal.c.obj
                0x08000f98                HAL_Delay
 .text.HAL_NVIC_SetPriorityGrouping
                0x08000fc0       0x24 CMakeFiles/iot_lab.elf.dir/Drivers/STM32L4xx_HAL_Driver/Src/stm32l4xx_hal_cortex.c.obj
                0x08000fc0                HAL_NVIC_SetPriorityGrouping
 .text.HAL_NVIC_SetPriority
                0x08000fe4       0x70 CMakeFiles/iot_lab.elf.dir/Drivers/STM32L4xx_HAL_Driver/Src/stm32l4xx_hal_cortex.c.obj
                0x08000fe4                HAL_NVIC_SetPriority
 .text.HAL_NVIC_EnableIRQ
                0x08001054       0x1c CMakeFiles/iot_lab.elf.dir/Drivers/STM32L4xx_HAL_Driver/Src/stm32l4xx_hal_cortex.c.obj
                0x08001054                HAL_NVIC_EnableIRQ
 .text.HAL_SYSTICK_Config
                0x08001070       0x28 CMakeFiles/iot_lab.elf.dir/Drivers/STM32L4xx_HAL_Driver/Src/stm32l4xx_hal_cortex.c.obj
                0x08001070                HAL_SYSTICK_Config
 .text.HAL_GPIO_Init
                0x08001098      0x20c CMakeFiles/iot_lab.elf.dir/Drivers/STM32L4xx_HAL_Driver/Src/stm32l4xx_hal_gpio.c.obj
                0x08001098                HAL_GPIO_Init
 .text.HAL_GPIO_WritePin
                0x080012a4        0xa CMakeFiles/iot_lab.elf.dir/Drivers/STM32L4xx_HAL_Driver/Src/stm32l4xx_hal_gpio.c.obj
                0x080012a4                HAL_GPIO_WritePin
 *fill*         0x080012ae        0x2 
 .text.HAL_PWREx_GetVoltageRange
                0x080012b0       0x10 CMakeFiles/iot_lab.elf.dir/Drivers/STM32L4xx_HAL_Driver/Src/stm32l4xx_hal_pwr_ex.c.obj
                0x080012b0                HAL_PWREx_GetVoltageRange
 .text.HAL_PWREx_ControlVoltageScaling
                0x080012c0       0x90 CMakeFiles/iot_lab.elf.dir/Drivers/STM32L4xx_HAL_Driver/Src/stm32l4xx_hal_pwr_ex.c.obj
                0x080012c0                HAL_PWREx_ControlVoltageScaling
 .text.RCC_SetFlashLatencyFromMSIRange
                0x08001350       0x90 CMakeFiles/iot_lab.elf.dir/Drivers/STM32L4xx_HAL_Driver/Src/stm32l4xx_hal_rcc.c.obj
 .text.HAL_RCC_GetSysClockFreq
                0x080013e0       0xb4 CMakeFiles/iot_lab.elf.dir/Drivers/STM32L4xx_HAL_Driver/Src/stm32l4xx_hal_rcc.c.obj
                0x080013e0                HAL_RCC_GetSysClockFreq
 .text.HAL_RCC_OscConfig
                0x08001494      0x61c CMakeFiles/iot_lab.elf.dir/Drivers/STM32L4xx_HAL_Driver/Src/stm32l4xx_hal_rcc.c.obj
                0x08001494                HAL_RCC_OscConfig
 .text.HAL_RCC_ClockConfig
                0x08001ab0      0x188 CMakeFiles/iot_lab.elf.dir/Drivers/STM32L4xx_HAL_Driver/Src/stm32l4xx_hal_rcc.c.obj
                0x08001ab0                HAL_RCC_ClockConfig
 .text.HAL_RCC_GetHCLKFreq
                0x08001c38        0xc CMakeFiles/iot_lab.elf.dir/Drivers/STM32L4xx_HAL_Driver/Src/stm32l4xx_hal_rcc.c.obj
                0x08001c38                HAL_RCC_GetHCLKFreq
 .text.HAL_RCC_GetPCLK1Freq
                0x08001c44       0x24 CMakeFiles/iot_lab.elf.dir/Drivers/STM32L4xx_HAL_Driver/Src/stm32l4xx_hal_rcc.c.obj
                0x08001c44                HAL_RCC_GetPCLK1Freq
 .text.HAL_RCC_GetPCLK2Freq
                0x08001c68       0x24 CMakeFiles/iot_lab.elf.dir/Drivers/STM32L4xx_HAL_Driver/Src/stm32l4xx_hal_rcc.c.obj
                0x08001c68                HAL_RCC_GetPCLK2Freq
 .text.RCCEx_PLLSAI1_Config
                0x08001c8c      0x170 CMakeFiles/iot_lab.elf.dir/Drivers/STM32L4xx_HAL_Driver/Src/stm32l4xx_hal_rcc_ex.c.obj
 .text.RCCEx_PLLSAI2_Config
                0x08001dfc      0x14c CMakeFiles/iot_lab.elf.dir/Drivers/STM32L4xx_HAL_Driver/Src/stm32l4xx_hal_rcc_ex.c.obj
 .text.HAL_RCCEx_PeriphCLKConfig
                0x08001f48      0x454 CMakeFiles/iot_lab.elf.dir/Drivers/STM32L4xx_HAL_Driver/Src/stm32l4xx_hal_rcc_ex.c.obj
                0x08001f48                HAL_RCCEx_PeriphCLKConfig
 .text.UART_EndRxTransfer
                0x0800239c       0x52 CMakeFiles/iot_lab.elf.dir/Drivers/STM32L4xx_HAL_Driver/Src/stm32l4xx_hal_uart.c.obj
 *fill*         0x080023ee        0x2 
 .text.UART_SetConfig
                0x080023f0      0x328 CMakeFiles/iot_lab.elf.dir/Drivers/STM32L4xx_HAL_Driver/Src/stm32l4xx_hal_uart.c.obj
                0x080023f0                UART_SetConfig
 .text.UART_AdvFeatureConfig
                0x08002718       0xca CMakeFiles/iot_lab.elf.dir/Drivers/STM32L4xx_HAL_Driver/Src/stm32l4xx_hal_uart.c.obj
                0x08002718                UART_AdvFeatureConfig
 .text.UART_WaitOnFlagUntilTimeout
                0x080027e2       0x9a CMakeFiles/iot_lab.elf.dir/Drivers/STM32L4xx_HAL_Driver/Src/stm32l4xx_hal_uart.c.obj
                0x080027e2                UART_WaitOnFlagUntilTimeout
 .text.HAL_UART_Transmit
                0x0800287c       0xc8 CMakeFiles/iot_lab.elf.dir/Drivers/STM32L4xx_HAL_Driver/Src/stm32l4xx_hal_uart.c.obj
                0x0800287c                HAL_UART_Transmit
 .text.HAL_UART_Receive
                0x08002944      0x118 CMakeFiles/iot_lab.elf.dir/Drivers/STM32L4xx_HAL_Driver/Src/stm32l4xx_hal_uart.c.obj
                0x08002944                HAL_UART_Receive
 .text.UART_CheckIdleState
                0x08002a5c       0xc6 CMakeFiles/iot_lab.elf.dir/Drivers/STM32L4xx_HAL_Driver/Src/stm32l4xx_hal_uart.c.obj
                0x08002a5c                UART_CheckIdleState
 .text.HAL_UART_Init
                0x08002b22       0x62 CMakeFiles/iot_lab.elf.dir/Drivers/STM32L4xx_HAL_Driver/Src/stm32l4xx_hal_uart.c.obj
                0x08002b22                HAL_UART_Init
 .text.__libc_init_array
                0x08002b84       0x48 c:/arm_toolchain/bin/../lib/gcc/arm-none-eabi/10.3.1/../../../../arm-none-eabi/lib/thumb/v7e-m/nofp\libc.a(lib_a-init.o)
                0x08002b84                __libc_init_array
 .text.memset   0x08002bcc       0xa4 c:/arm_toolchain/bin/../lib/gcc/arm-none-eabi/10.3.1/../../../../arm-none-eabi/lib/thumb/v7e-m/nofp\libc.a(lib_a-memset.o)
                0x08002bcc                memset
 .text.startup.register_fini
                0x08002c70       0x14 c:/arm_toolchain/bin/../lib/gcc/arm-none-eabi/10.3.1/../../../../arm-none-eabi/lib/thumb/v7e-m/nofp\libc.a(lib_a-__call_atexit.o)
 .text.atexit   0x08002c84        0xc c:/arm_toolchain/bin/../lib/gcc/arm-none-eabi/10.3.1/../../../../arm-none-eabi/lib/thumb/v7e-m/nofp\libc.a(lib_a-atexit.o)
                0x08002c84                atexit
 .text.__libc_fini_array
                0x08002c90       0x2c c:/arm_toolchain/bin/../lib/gcc/arm-none-eabi/10.3.1/../../../../arm-none-eabi/lib/thumb/v7e-m/nofp\libc.a(lib_a-fini.o)
                0x08002c90                __libc_fini_array
 .text.__retarget_lock_acquire_recursive
                0x08002cbc        0x4 c:/arm_toolchain/bin/../lib/gcc/arm-none-eabi/10.3.1/../../../../arm-none-eabi/lib/thumb/v7e-m/nofp\libc.a(lib_a-lock.o)
                0x08002cbc                __retarget_lock_acquire_recursive
 .text.__retarget_lock_release_recursive
                0x08002cc0        0x4 c:/arm_toolchain/bin/../lib/gcc/arm-none-eabi/10.3.1/../../../../arm-none-eabi/lib/thumb/v7e-m/nofp\libc.a(lib_a-lock.o)
                0x08002cc0                __retarget_lock_release_recursive
 .text.__register_exitproc
                0x08002cc4       0x8c c:/arm_toolchain/bin/../lib/gcc/arm-none-eabi/10.3.1/../../../../arm-none-eabi/lib/thumb/v7e-m/nofp\libc.a(lib_a-__atexit.o)
                0x08002cc4                __register_exitproc
 *(.glue_7)
 .glue_7        0x08002d50        0x0 linker stubs
 *(.glue_7t)
 .glue_7t       0x08002d50        0x0 linker stubs
 *(.eh_frame)
 .eh_frame      0x08002d50        0x0 c:/arm_toolchain/bin/../lib/gcc/arm-none-eabi/10.3.1/thumb/v7e-m/nofp/crtbegin.o
 *(.init)
 .init          0x08002d50        0x4 c:/arm_toolchain/bin/../lib/gcc/arm-none-eabi/10.3.1/thumb/v7e-m/nofp/crti.o
                0x08002d50                _init
 .init          0x08002d54        0x8 c:/arm_toolchain/bin/../lib/gcc/arm-none-eabi/10.3.1/thumb/v7e-m/nofp/crtn.o
 *(.fini)
 .fini          0x08002d5c        0x4 c:/arm_toolchain/bin/../lib/gcc/arm-none-eabi/10.3.1/thumb/v7e-m/nofp/crti.o
                0x08002d5c                _fini
 .fini          0x08002d60        0x8 c:/arm_toolchain/bin/../lib/gcc/arm-none-eabi/10.3.1/thumb/v7e-m/nofp/crtn.o
                0x08002d68                . = ALIGN (0x4)
                0x08002d68                _etext = .

.vfp11_veneer   0x08002d68        0x0
 .vfp11_veneer  0x08002d68        0x0 linker stubs

.v4_bx          0x08002d68        0x0
 .v4_bx         0x08002d68        0x0 linker stubs

.iplt           0x08002d68        0x0
 .iplt          0x08002d68        0x0 c:/arm_toolchain/bin/../lib/gcc/arm-none-eabi/10.3.1/thumb/v7e-m/nofp/crtbegin.o

.rodata         0x08002d68       0x4c
                0x08002d68                . = ALIGN (0x4)
 *(.rodata)
 *(.rodata*)
 .rodata.AHBPrescTable
                0x08002d68       0x10 CMakeFiles/iot_lab.elf.dir/Core/Src/system_stm32l4xx.c.obj
                0x08002d68                AHBPrescTable
 .rodata.APBPrescTable
                0x08002d78        0x8 CMakeFiles/iot_lab.elf.dir/Core/Src/system_stm32l4xx.c.obj
                0x08002d78                APBPrescTable
 .rodata.MSIRangeTable
                0x08002d80       0x30 CMakeFiles/iot_lab.elf.dir/Core/Src/system_stm32l4xx.c.obj
                0x08002d80                MSIRangeTable
 .rodata._global_impure_ptr
                0x08002db0        0x4 c:/arm_toolchain/bin/../lib/gcc/arm-none-eabi/10.3.1/../../../../arm-none-eabi/lib/thumb/v7e-m/nofp\libc.a(lib_a-impure.o)
                0x08002db0                _global_impure_ptr
                0x08002db4                . = ALIGN (0x4)

.ARM.extab      0x08002db4        0x0
                0x08002db4                . = ALIGN (0x4)
 *(.ARM.extab* .gnu.linkonce.armextab.*)
                0x08002db4                . = ALIGN (0x4)

.ARM            0x08002db4        0x8
                0x08002db4                . = ALIGN (0x4)
                0x08002db4                __exidx_start = .
 *(.ARM.exidx*)
 .ARM.exidx     0x08002db4        0x8 c:/arm_toolchain/bin/../lib/gcc/arm-none-eabi/10.3.1/thumb/v7e-m/nofp\libgcc.a(_udivmoddi4.o)
                0x08002dbc                __exidx_end = .
                0x08002dbc                . = ALIGN (0x4)

.rel.dyn        0x08002dbc        0x0
 .rel.iplt      0x08002dbc        0x0 c:/arm_toolchain/bin/../lib/gcc/arm-none-eabi/10.3.1/thumb/v7e-m/nofp/crtbegin.o

.preinit_array  0x08002dbc        0x0
                0x08002dbc                . = ALIGN (0x4)
                0x08002dbc                PROVIDE (__preinit_array_start = .)
 *(.preinit_array*)
                0x08002dbc                PROVIDE (__preinit_array_end = .)
                0x08002dbc                . = ALIGN (0x4)

.init_array     0x08002dbc        0x8
                0x08002dbc                . = ALIGN (0x4)
                0x08002dbc                PROVIDE (__init_array_start = .)
 *(SORT_BY_NAME(.init_array.*))
 .init_array.00000
                0x08002dbc        0x4 c:/arm_toolchain/bin/../lib/gcc/arm-none-eabi/10.3.1/../../../../arm-none-eabi/lib/thumb/v7e-m/nofp\libc.a(lib_a-__call_atexit.o)
 *(.init_array*)
 .init_array    0x08002dc0        0x4 c:/arm_toolchain/bin/../lib/gcc/arm-none-eabi/10.3.1/thumb/v7e-m/nofp/crtbegin.o
                0x08002dc4                PROVIDE (__init_array_end = .)
                0x08002dc4                . = ALIGN (0x4)

.fini_array     0x08002dc4        0x4
                0x08002dc4                . = ALIGN (0x4)
                0x08002dc4                PROVIDE (__fini_array_start = .)
 *(SORT_BY_NAME(.fini_array.*))
 *(.fini_array*)
 .fini_array    0x08002dc4        0x4 c:/arm_toolchain/bin/../lib/gcc/arm-none-eabi/10.3.1/thumb/v7e-m/nofp/crtbegin.o
                0x08002dc8                PROVIDE (__fini_array_end = .)
                0x08002dc8                . = ALIGN (0x4)
                0x08002dc8                _sidata = LOADADDR (.data)

.data           0x20000000      0x6b4 load address 0x08002dc8
                0x20000000                . = ALIGN (0x4)
                0x20000000                _sdata = .
 *(.data)
 *(.data*)
 .data.at_open_showback
                0x20000000       0x14 CMakeFiles/iot_lab.elf.dir/Core/Src/main.c.obj
                0x20000000                at_open_showback
 .data.at_restart
                0x20000014       0x14 CMakeFiles/iot_lab.elf.dir/Core/Src/main.c.obj
                0x20000014                at_restart
 .data.at_search_address
                0x20000028       0x14 CMakeFiles/iot_lab.elf.dir/Core/Src/main.c.obj
                0x20000028                at_search_address
 .data.at_search_cwmode
                0x2000003c       0x14 CMakeFiles/iot_lab.elf.dir/Core/Src/main.c.obj
                0x2000003c                at_search_cwmode
 .data.at_search_tmode
                0x20000050       0x14 CMakeFiles/iot_lab.elf.dir/Core/Src/main.c.obj
                0x20000050                at_search_tmode
 .data.at_search_wlrate
                0x20000064       0x14 CMakeFiles/iot_lab.elf.dir/Core/Src/main.c.obj
                0x20000064                at_search_wlrate
 .data.at_set_address_a
                0x20000078       0x14 CMakeFiles/iot_lab.elf.dir/Core/Src/main.c.obj
                0x20000078                at_set_address_a
 .data.at_set_address_b
                0x2000008c       0x14 CMakeFiles/iot_lab.elf.dir/Core/Src/main.c.obj
                0x2000008c                at_set_address_b
 .data.at_set_tmode_orientation
                0x200000a0       0x14 CMakeFiles/iot_lab.elf.dir/Core/Src/main.c.obj
                0x200000a0                at_set_tmode_orientation
 .data.at_set_tmode_transparent
                0x200000b4       0x14 CMakeFiles/iot_lab.elf.dir/Core/Src/main.c.obj
                0x200000b4                at_set_tmode_transparent
 .data.at_set_uart_baudrate_115200
                0x200000c8       0x14 CMakeFiles/iot_lab.elf.dir/Core/Src/main.c.obj
                0x200000c8                at_set_uart_baudrate_115200
 .data.at_set_wlrate_a
                0x200000dc       0x1e CMakeFiles/iot_lab.elf.dir/Core/Src/main.c.obj
                0x200000dc                at_set_wlrate_a
 *fill*         0x200000fa        0x2 
 .data.at_set_wlrate_b
                0x200000fc       0x1e CMakeFiles/iot_lab.elf.dir/Core/Src/main.c.obj
                0x200000fc                at_set_wlrate_b
 *fill*         0x2000011a        0x2 
 .data.at_test  0x2000011c       0x14 CMakeFiles/iot_lab.elf.dir/Core/Src/main.c.obj
                0x2000011c                at_test
 .data.choose_board
                0x20000130       0x64 CMakeFiles/iot_lab.elf.dir/Core/Src/main.c.obj
                0x20000130                choose_board
 .data.choose_mode
                0x20000194       0x64 CMakeFiles/iot_lab.elf.dir/Core/Src/main.c.obj
                0x20000194                choose_mode
 .data.choose_work
                0x200001f8       0x64 CMakeFiles/iot_lab.elf.dir/Core/Src/main.c.obj
                0x200001f8                choose_work
 .data.error    0x2000025c       0x1e CMakeFiles/iot_lab.elf.dir/Core/Src/main.c.obj
                0x2000025c                error
 *fill*         0x2000027a        0x2 
 .data.SystemCoreClock
                0x2000027c        0x4 CMakeFiles/iot_lab.elf.dir/Core/Src/system_stm32l4xx.c.obj
                0x2000027c                SystemCoreClock
 .data.uwTickFreq
                0x20000280        0x1 CMakeFiles/iot_lab.elf.dir/Drivers/STM32L4xx_HAL_Driver/Src/stm32l4xx_hal.c.obj
                0x20000280                uwTickFreq
 *fill*         0x20000281        0x3 
 .data.uwTickPrio
                0x20000284        0x4 CMakeFiles/iot_lab.elf.dir/Drivers/STM32L4xx_HAL_Driver/Src/stm32l4xx_hal.c.obj
                0x20000284                uwTickPrio
 .data.impure_data
                0x20000288      0x428 c:/arm_toolchain/bin/../lib/gcc/arm-none-eabi/10.3.1/../../../../arm-none-eabi/lib/thumb/v7e-m/nofp\libc.a(lib_a-impure.o)
 .data.__atexit_recursive_mutex
                0x200006b0        0x4 c:/arm_toolchain/bin/../lib/gcc/arm-none-eabi/10.3.1/../../../../arm-none-eabi/lib/thumb/v7e-m/nofp\libc.a(lib_a-__call_atexit.o)
                0x200006b0                __atexit_recursive_mutex
 *(.RamFunc)
 *(.RamFunc*)
                0x200006b4                . = ALIGN (0x4)
                0x200006b4                _edata = .

.igot.plt       0x200006b4        0x0 load address 0x0800347c
 .igot.plt      0x200006b4        0x0 c:/arm_toolchain/bin/../lib/gcc/arm-none-eabi/10.3.1/thumb/v7e-m/nofp/crtbegin.o
                0x200006b4                . = ALIGN (0x4)

.bss            0x200006b4      0x344 load address 0x0800347c
                0x200006b4                _sbss = .
                0x200006b4                __bss_start__ = _sbss
 *(.bss)
 .bss           0x200006b4       0x1c c:/arm_toolchain/bin/../lib/gcc/arm-none-eabi/10.3.1/thumb/v7e-m/nofp/crtbegin.o
 *(.bss*)
 .bss.config_ab
                0x200006d0        0x1 CMakeFiles/iot_lab.elf.dir/Core/Src/main.c.obj
                0x200006d0                config_ab
 .bss.config_flag
                0x200006d1        0x1 CMakeFiles/iot_lab.elf.dir/Core/Src/main.c.obj
                0x200006d1                config_flag
 *fill*         0x200006d2        0x2 
 .bss.rx1_buffer
                0x200006d4      0x100 CMakeFiles/iot_lab.elf.dir/Core/Src/main.c.obj
                0x200006d4                rx1_buffer
 .bss.rx2_buffer
                0x200007d4      0x100 CMakeFiles/iot_lab.elf.dir/Core/Src/main.c.obj
                0x200007d4                rx2_buffer
 .bss.trans_mode
                0x200008d4        0x1 CMakeFiles/iot_lab.elf.dir/Core/Src/main.c.obj
                0x200008d4                trans_mode
 *fill*         0x200008d5        0x3 
 .bss.rx1_count
                0x200008d8        0x4 CMakeFiles/iot_lab.elf.dir/Core/Src/stm32l4xx_it.c.obj
                0x200008d8                rx1_count
 .bss.rx2_count
                0x200008dc        0x4 CMakeFiles/iot_lab.elf.dir/Core/Src/stm32l4xx_it.c.obj
                0x200008dc                rx2_count
 .bss.huart1    0x200008e0       0x88 CMakeFiles/iot_lab.elf.dir/Core/Src/usart.c.obj
                0x200008e0                huart1
 .bss.huart2    0x20000968       0x88 CMakeFiles/iot_lab.elf.dir/Core/Src/usart.c.obj
                0x20000968                huart2
 .bss.uwTick    0x200009f0        0x4 CMakeFiles/iot_lab.elf.dir/Drivers/STM32L4xx_HAL_Driver/Src/stm32l4xx_hal.c.obj
                0x200009f0                uwTick
 .bss.__lock___atexit_recursive_mutex
                0x200009f4        0x1 c:/arm_toolchain/bin/../lib/gcc/arm-none-eabi/10.3.1/../../../../arm-none-eabi/lib/thumb/v7e-m/nofp\libc.a(lib_a-lock.o)
                0x200009f4                __lock___atexit_recursive_mutex
 *(COMMON)
                0x200009f8                . = ALIGN (0x4)
 *fill*         0x200009f5        0x3 
                0x200009f8                _ebss = .
                0x200009f8                __bss_end__ = _ebss

._user_heap_stack
                0x200009f8      0x600 load address 0x0800347c
                0x200009f8                . = ALIGN (0x8)
                [!provide]                PROVIDE (end = .)
                0x200009f8                PROVIDE (_end = .)
                0x20000bf8                . = (. + _Min_Heap_Size)
 *fill*         0x200009f8      0x200 
                0x20000ff8                . = (. + _Min_Stack_Size)
 *fill*         0x20000bf8      0x400 
                0x20000ff8                . = ALIGN (0x8)

/DISCARD/
 libc.a(*)
 libm.a(*)
 libgcc.a(*)

.ARM.attributes
                0x00000000       0x2a
 *(.ARM.attributes)
 .ARM.attributes
                0x00000000       0x1e c:/arm_toolchain/bin/../lib/gcc/arm-none-eabi/10.3.1/thumb/v7e-m/nofp/crti.o
 .ARM.attributes
                0x0000001e       0x2e c:/arm_toolchain/bin/../lib/gcc/arm-none-eabi/10.3.1/thumb/v7e-m/nofp/crtbegin.o
 .ARM.attributes
                0x0000004c       0x2e CMakeFiles/iot_lab.elf.dir/Core/Src/gpio.c.obj
 .ARM.attributes
                0x0000007a       0x2e CMakeFiles/iot_lab.elf.dir/Core/Src/main.c.obj
 .ARM.attributes
                0x000000a8       0x2e CMakeFiles/iot_lab.elf.dir/Core/Src/stm32l4xx_hal_msp.c.obj
 .ARM.attributes
                0x000000d6       0x2e CMakeFiles/iot_lab.elf.dir/Core/Src/stm32l4xx_it.c.obj
 .ARM.attributes
                0x00000104       0x2e CMakeFiles/iot_lab.elf.dir/Core/Src/system_stm32l4xx.c.obj
 .ARM.attributes
                0x00000132       0x2e CMakeFiles/iot_lab.elf.dir/Core/Src/usart.c.obj
 .ARM.attributes
                0x00000160       0x21 CMakeFiles/iot_lab.elf.dir/Core/Startup/startup_stm32l475vetx.s.obj
 .ARM.attributes
                0x00000181       0x2e CMakeFiles/iot_lab.elf.dir/Drivers/STM32L4xx_HAL_Driver/Src/stm32l4xx_hal.c.obj
 .ARM.attributes
                0x000001af       0x2e CMakeFiles/iot_lab.elf.dir/Drivers/STM32L4xx_HAL_Driver/Src/stm32l4xx_hal_cortex.c.obj
 .ARM.attributes
                0x000001dd       0x2e CMakeFiles/iot_lab.elf.dir/Drivers/STM32L4xx_HAL_Driver/Src/stm32l4xx_hal_gpio.c.obj
 .ARM.attributes
                0x0000020b       0x2e CMakeFiles/iot_lab.elf.dir/Drivers/STM32L4xx_HAL_Driver/Src/stm32l4xx_hal_pwr_ex.c.obj
 .ARM.attributes
                0x00000239       0x2e CMakeFiles/iot_lab.elf.dir/Drivers/STM32L4xx_HAL_Driver/Src/stm32l4xx_hal_rcc.c.obj
 .ARM.attributes
                0x00000267       0x2e CMakeFiles/iot_lab.elf.dir/Drivers/STM32L4xx_HAL_Driver/Src/stm32l4xx_hal_rcc_ex.c.obj
 .ARM.attributes
                0x00000295       0x2e CMakeFiles/iot_lab.elf.dir/Drivers/STM32L4xx_HAL_Driver/Src/stm32l4xx_hal_uart.c.obj
 .ARM.attributes
                0x000002c3       0x1e c:/arm_toolchain/bin/../lib/gcc/arm-none-eabi/10.3.1/thumb/v7e-m/nofp\libgcc.a(_aeabi_uldivmod.o)
 .ARM.attributes
                0x000002e1       0x2e c:/arm_toolchain/bin/../lib/gcc/arm-none-eabi/10.3.1/thumb/v7e-m/nofp\libgcc.a(_udivmoddi4.o)
 .ARM.attributes
                0x0000030f       0x1e c:/arm_toolchain/bin/../lib/gcc/arm-none-eabi/10.3.1/thumb/v7e-m/nofp\libgcc.a(_dvmd_tls.o)
 .ARM.attributes
                0x0000032d       0x2e c:/arm_toolchain/bin/../lib/gcc/arm-none-eabi/10.3.1/../../../../arm-none-eabi/lib/thumb/v7e-m/nofp\libc.a(lib_a-impure.o)
 .ARM.attributes
                0x0000035b       0x2e c:/arm_toolchain/bin/../lib/gcc/arm-none-eabi/10.3.1/../../../../arm-none-eabi/lib/thumb/v7e-m/nofp\libc.a(lib_a-init.o)
 .ARM.attributes
                0x00000389       0x2e c:/arm_toolchain/bin/../lib/gcc/arm-none-eabi/10.3.1/../../../../arm-none-eabi/lib/thumb/v7e-m/nofp\libc.a(lib_a-memset.o)
 .ARM.attributes
                0x000003b7       0x1c c:/arm_toolchain/bin/../lib/gcc/arm-none-eabi/10.3.1/../../../../arm-none-eabi/lib/thumb/v7e-m/nofp\libc.a(lib_a-strlen.o)
 .ARM.attributes
                0x000003d3       0x2e c:/arm_toolchain/bin/../lib/gcc/arm-none-eabi/10.3.1/../../../../arm-none-eabi/lib/thumb/v7e-m/nofp\libc.a(lib_a-__call_atexit.o)
 .ARM.attributes
                0x00000401       0x2e c:/arm_toolchain/bin/../lib/gcc/arm-none-eabi/10.3.1/../../../../arm-none-eabi/lib/thumb/v7e-m/nofp\libc.a(lib_a-atexit.o)
 .ARM.attributes
                0x0000042f       0x2e c:/arm_toolchain/bin/../lib/gcc/arm-none-eabi/10.3.1/../../../../arm-none-eabi/lib/thumb/v7e-m/nofp\libc.a(lib_a-fini.o)
 .ARM.attributes
                0x0000045d       0x2e c:/arm_toolchain/bin/../lib/gcc/arm-none-eabi/10.3.1/../../../../arm-none-eabi/lib/thumb/v7e-m/nofp\libc.a(lib_a-lock.o)
 .ARM.attributes
                0x0000048b       0x2e c:/arm_toolchain/bin/../lib/gcc/arm-none-eabi/10.3.1/../../../../arm-none-eabi/lib/thumb/v7e-m/nofp\libc.a(lib_a-__atexit.o)
 .ARM.attributes
                0x000004b9       0x1e c:/arm_toolchain/bin/../lib/gcc/arm-none-eabi/10.3.1/thumb/v7e-m/nofp/crtn.o
OUTPUT(iot_lab.elf elf32-littlearm)
LOAD linker stubs
LOAD c:/arm_toolchain/bin/../lib/gcc/arm-none-eabi/10.3.1/../../../../arm-none-eabi/lib/thumb/v7e-m/nofp\libc.a
LOAD c:/arm_toolchain/bin/../lib/gcc/arm-none-eabi/10.3.1/../../../../arm-none-eabi/lib/thumb/v7e-m/nofp\libm.a
LOAD c:/arm_toolchain/bin/../lib/gcc/arm-none-eabi/10.3.1/thumb/v7e-m/nofp\libgcc.a

.debug_info     0x00000000     0xdf9e
 .debug_info    0x00000000      0x4d7 CMakeFiles/iot_lab.elf.dir/Core/Src/gpio.c.obj
 .debug_info    0x000004d7     0x1489 CMakeFiles/iot_lab.elf.dir/Core/Src/main.c.obj
 .debug_info    0x00001960      0x304 CMakeFiles/iot_lab.elf.dir/Core/Src/stm32l4xx_hal_msp.c.obj
 .debug_info    0x00001c64      0x9f7 CMakeFiles/iot_lab.elf.dir/Core/Src/stm32l4xx_it.c.obj
 .debug_info    0x0000265b      0x425 CMakeFiles/iot_lab.elf.dir/Core/Src/system_stm32l4xx.c.obj
 .debug_info    0x00002a80     0x119b CMakeFiles/iot_lab.elf.dir/Core/Src/usart.c.obj
 .debug_info    0x00003c1b       0x22 CMakeFiles/iot_lab.elf.dir/Core/Startup/startup_stm32l475vetx.s.obj
 .debug_info    0x00003c3d      0xbc0 CMakeFiles/iot_lab.elf.dir/Drivers/STM32L4xx_HAL_Driver/Src/stm32l4xx_hal.c.obj
 .debug_info    0x000047fd     0x1098 CMakeFiles/iot_lab.elf.dir/Drivers/STM32L4xx_HAL_Driver/Src/stm32l4xx_hal_cortex.c.obj
 .debug_info    0x00005895      0x857 CMakeFiles/iot_lab.elf.dir/Drivers/STM32L4xx_HAL_Driver/Src/stm32l4xx_hal_gpio.c.obj
 .debug_info    0x000060ec      0xa7c CMakeFiles/iot_lab.elf.dir/Drivers/STM32L4xx_HAL_Driver/Src/stm32l4xx_hal_pwr_ex.c.obj
 .debug_info    0x00006b68      0xf3f CMakeFiles/iot_lab.elf.dir/Drivers/STM32L4xx_HAL_Driver/Src/stm32l4xx_hal_rcc.c.obj
 .debug_info    0x00007aa7     0x125c CMakeFiles/iot_lab.elf.dir/Drivers/STM32L4xx_HAL_Driver/Src/stm32l4xx_hal_rcc_ex.c.obj
 .debug_info    0x00008d03     0x529b CMakeFiles/iot_lab.elf.dir/Drivers/STM32L4xx_HAL_Driver/Src/stm32l4xx_hal_uart.c.obj

.debug_abbrev   0x00000000     0x1aaf
 .debug_abbrev  0x00000000      0x14e CMakeFiles/iot_lab.elf.dir/Core/Src/gpio.c.obj
 .debug_abbrev  0x0000014e      0x22f CMakeFiles/iot_lab.elf.dir/Core/Src/main.c.obj
 .debug_abbrev  0x0000037d       0xbf CMakeFiles/iot_lab.elf.dir/Core/Src/stm32l4xx_hal_msp.c.obj
 .debug_abbrev  0x0000043c      0x226 CMakeFiles/iot_lab.elf.dir/Core/Src/stm32l4xx_it.c.obj
 .debug_abbrev  0x00000662      0x119 CMakeFiles/iot_lab.elf.dir/Core/Src/system_stm32l4xx.c.obj
 .debug_abbrev  0x0000077b      0x1f4 CMakeFiles/iot_lab.elf.dir/Core/Src/usart.c.obj
 .debug_abbrev  0x0000096f       0x12 CMakeFiles/iot_lab.elf.dir/Core/Startup/startup_stm32l475vetx.s.obj
 .debug_abbrev  0x00000981      0x22a CMakeFiles/iot_lab.elf.dir/Drivers/STM32L4xx_HAL_Driver/Src/stm32l4xx_hal.c.obj
 .debug_abbrev  0x00000bab      0x36a CMakeFiles/iot_lab.elf.dir/Drivers/STM32L4xx_HAL_Driver/Src/stm32l4xx_hal_cortex.c.obj
 .debug_abbrev  0x00000f15      0x1e6 CMakeFiles/iot_lab.elf.dir/Drivers/STM32L4xx_HAL_Driver/Src/stm32l4xx_hal_gpio.c.obj
 .debug_abbrev  0x000010fb      0x215 CMakeFiles/iot_lab.elf.dir/Drivers/STM32L4xx_HAL_Driver/Src/stm32l4xx_hal_pwr_ex.c.obj
 .debug_abbrev  0x00001310      0x251 CMakeFiles/iot_lab.elf.dir/Drivers/STM32L4xx_HAL_Driver/Src/stm32l4xx_hal_rcc.c.obj
 .debug_abbrev  0x00001561      0x275 CMakeFiles/iot_lab.elf.dir/Drivers/STM32L4xx_HAL_Driver/Src/stm32l4xx_hal_rcc_ex.c.obj
 .debug_abbrev  0x000017d6      0x2d9 CMakeFiles/iot_lab.elf.dir/Drivers/STM32L4xx_HAL_Driver/Src/stm32l4xx_hal_uart.c.obj

.debug_aranges  0x00000000      0x888
 .debug_aranges
                0x00000000       0x20 CMakeFiles/iot_lab.elf.dir/Core/Src/gpio.c.obj
 .debug_aranges
                0x00000020       0x48 CMakeFiles/iot_lab.elf.dir/Core/Src/main.c.obj
 .debug_aranges
                0x00000068       0x20 CMakeFiles/iot_lab.elf.dir/Core/Src/stm32l4xx_hal_msp.c.obj
 .debug_aranges
                0x00000088       0x80 CMakeFiles/iot_lab.elf.dir/Core/Src/stm32l4xx_it.c.obj
 .debug_aranges
                0x00000108       0x28 CMakeFiles/iot_lab.elf.dir/Core/Src/system_stm32l4xx.c.obj
 .debug_aranges
                0x00000130       0x38 CMakeFiles/iot_lab.elf.dir/Core/Src/usart.c.obj
 .debug_aranges
                0x00000168       0x28 CMakeFiles/iot_lab.elf.dir/Core/Startup/startup_stm32l475vetx.s.obj
 .debug_aranges
                0x00000190      0x130 CMakeFiles/iot_lab.elf.dir/Drivers/STM32L4xx_HAL_Driver/Src/stm32l4xx_hal.c.obj
 .debug_aranges
                0x000002c0       0xa8 CMakeFiles/iot_lab.elf.dir/Drivers/STM32L4xx_HAL_Driver/Src/stm32l4xx_hal_cortex.c.obj
 .debug_aranges
                0x00000368       0x58 CMakeFiles/iot_lab.elf.dir/Drivers/STM32L4xx_HAL_Driver/Src/stm32l4xx_hal_gpio.c.obj
 .debug_aranges
                0x000003c0      0x150 CMakeFiles/iot_lab.elf.dir/Drivers/STM32L4xx_HAL_Driver/Src/stm32l4xx_hal_pwr_ex.c.obj
 .debug_aranges
                0x00000510       0x90 CMakeFiles/iot_lab.elf.dir/Drivers/STM32L4xx_HAL_Driver/Src/stm32l4xx_hal_rcc.c.obj
 .debug_aranges
                0x000005a0       0xc0 CMakeFiles/iot_lab.elf.dir/Drivers/STM32L4xx_HAL_Driver/Src/stm32l4xx_hal_rcc_ex.c.obj
 .debug_aranges
                0x00000660      0x228 CMakeFiles/iot_lab.elf.dir/Drivers/STM32L4xx_HAL_Driver/Src/stm32l4xx_hal_uart.c.obj

.debug_ranges   0x00000000      0x858
 .debug_ranges  0x00000000       0x10 CMakeFiles/iot_lab.elf.dir/Core/Src/gpio.c.obj
 .debug_ranges  0x00000010       0x38 CMakeFiles/iot_lab.elf.dir/Core/Src/main.c.obj
 .debug_ranges  0x00000048       0x10 CMakeFiles/iot_lab.elf.dir/Core/Src/stm32l4xx_hal_msp.c.obj
 .debug_ranges  0x00000058       0x70 CMakeFiles/iot_lab.elf.dir/Core/Src/stm32l4xx_it.c.obj
 .debug_ranges  0x000000c8       0x18 CMakeFiles/iot_lab.elf.dir/Core/Src/system_stm32l4xx.c.obj
 .debug_ranges  0x000000e0       0x28 CMakeFiles/iot_lab.elf.dir/Core/Src/usart.c.obj
 .debug_ranges  0x00000108       0x20 CMakeFiles/iot_lab.elf.dir/Core/Startup/startup_stm32l475vetx.s.obj
 .debug_ranges  0x00000128      0x120 CMakeFiles/iot_lab.elf.dir/Drivers/STM32L4xx_HAL_Driver/Src/stm32l4xx_hal.c.obj
 .debug_ranges  0x00000248       0xf8 CMakeFiles/iot_lab.elf.dir/Drivers/STM32L4xx_HAL_Driver/Src/stm32l4xx_hal_cortex.c.obj
 .debug_ranges  0x00000340       0x48 CMakeFiles/iot_lab.elf.dir/Drivers/STM32L4xx_HAL_Driver/Src/stm32l4xx_hal_gpio.c.obj
 .debug_ranges  0x00000388      0x140 CMakeFiles/iot_lab.elf.dir/Drivers/STM32L4xx_HAL_Driver/Src/stm32l4xx_hal_pwr_ex.c.obj
 .debug_ranges  0x000004c8       0x98 CMakeFiles/iot_lab.elf.dir/Drivers/STM32L4xx_HAL_Driver/Src/stm32l4xx_hal_rcc.c.obj
 .debug_ranges  0x00000560       0xc8 CMakeFiles/iot_lab.elf.dir/Drivers/STM32L4xx_HAL_Driver/Src/stm32l4xx_hal_rcc_ex.c.obj
 .debug_ranges  0x00000628      0x230 CMakeFiles/iot_lab.elf.dir/Drivers/STM32L4xx_HAL_Driver/Src/stm32l4xx_hal_uart.c.obj

.debug_line     0x00000000     0xac3c
 .debug_line    0x00000000      0x1db CMakeFiles/iot_lab.elf.dir/Core/Src/gpio.c.obj
 .debug_line    0x000001db      0x5df CMakeFiles/iot_lab.elf.dir/Core/Src/main.c.obj
 .debug_line    0x000007ba      0x15d CMakeFiles/iot_lab.elf.dir/Core/Src/stm32l4xx_hal_msp.c.obj
 .debug_line    0x00000917      0x4d7 CMakeFiles/iot_lab.elf.dir/Core/Src/stm32l4xx_it.c.obj
 .debug_line    0x00000dee      0x269 CMakeFiles/iot_lab.elf.dir/Core/Src/system_stm32l4xx.c.obj
 .debug_line    0x00001057      0x47a CMakeFiles/iot_lab.elf.dir/Core/Src/usart.c.obj
 .debug_line    0x000014d1       0xa8 CMakeFiles/iot_lab.elf.dir/Core/Startup/startup_stm32l475vetx.s.obj
 .debug_line    0x00001579      0x6da CMakeFiles/iot_lab.elf.dir/Drivers/STM32L4xx_HAL_Driver/Src/stm32l4xx_hal.c.obj
 .debug_line    0x00001c53      0x7b5 CMakeFiles/iot_lab.elf.dir/Drivers/STM32L4xx_HAL_Driver/Src/stm32l4xx_hal_cortex.c.obj
 .debug_line    0x00002408      0x6eb CMakeFiles/iot_lab.elf.dir/Drivers/STM32L4xx_HAL_Driver/Src/stm32l4xx_hal_gpio.c.obj
 .debug_line    0x00002af3      0xaec CMakeFiles/iot_lab.elf.dir/Drivers/STM32L4xx_HAL_Driver/Src/stm32l4xx_hal_pwr_ex.c.obj
 .debug_line    0x000035df      0xf15 CMakeFiles/iot_lab.elf.dir/Drivers/STM32L4xx_HAL_Driver/Src/stm32l4xx_hal_rcc.c.obj
 .debug_line    0x000044f4     0x1548 CMakeFiles/iot_lab.elf.dir/Drivers/STM32L4xx_HAL_Driver/Src/stm32l4xx_hal_rcc_ex.c.obj
 .debug_line    0x00005a3c     0x5200 CMakeFiles/iot_lab.elf.dir/Drivers/STM32L4xx_HAL_Driver/Src/stm32l4xx_hal_uart.c.obj

.debug_str      0x00000000     0x3413
 .debug_str     0x00000000      0x39d CMakeFiles/iot_lab.elf.dir/Core/Src/gpio.c.obj
                                0x3ed (size before relaxing)
 .debug_str     0x0000039d      0x838 CMakeFiles/iot_lab.elf.dir/Core/Src/main.c.obj
                                0xad8 (size before relaxing)
 .debug_str     0x00000bd5       0x4c CMakeFiles/iot_lab.elf.dir/Core/Src/stm32l4xx_hal_msp.c.obj
                                0x337 (size before relaxing)
 .debug_str     0x00000c21      0x158 CMakeFiles/iot_lab.elf.dir/Core/Src/stm32l4xx_it.c.obj
                                0x7cb (size before relaxing)
 .debug_str     0x00000d79       0xbe CMakeFiles/iot_lab.elf.dir/Core/Src/system_stm32l4xx.c.obj
                                0x3b4 (size before relaxing)
 .debug_str     0x00000e37      0x829 CMakeFiles/iot_lab.elf.dir/Core/Src/usart.c.obj
                               0x105e (size before relaxing)
 .debug_str     0x00001660       0x56 CMakeFiles/iot_lab.elf.dir/Core/Startup/startup_stm32l475vetx.s.obj
                                 0x8b (size before relaxing)
 .debug_str     0x000016b6      0x4bc CMakeFiles/iot_lab.elf.dir/Drivers/STM32L4xx_HAL_Driver/Src/stm32l4xx_hal.c.obj
                                0xd14 (size before relaxing)
 .debug_str     0x00001b72      0x491 CMakeFiles/iot_lab.elf.dir/Drivers/STM32L4xx_HAL_Driver/Src/stm32l4xx_hal_cortex.c.obj
                                0xc46 (size before relaxing)
 .debug_str     0x00002003      0x13f CMakeFiles/iot_lab.elf.dir/Drivers/STM32L4xx_HAL_Driver/Src/stm32l4xx_hal_gpio.c.obj
                                0x56f (size before relaxing)
 .debug_str     0x00002142      0x55a CMakeFiles/iot_lab.elf.dir/Drivers/STM32L4xx_HAL_Driver/Src/stm32l4xx_hal_pwr_ex.c.obj
                                0x843 (size before relaxing)
 .debug_str     0x0000269c      0x25d CMakeFiles/iot_lab.elf.dir/Drivers/STM32L4xx_HAL_Driver/Src/stm32l4xx_hal_rcc.c.obj
                                0x8cb (size before relaxing)
 .debug_str     0x000028f9      0x317 CMakeFiles/iot_lab.elf.dir/Drivers/STM32L4xx_HAL_Driver/Src/stm32l4xx_hal_rcc_ex.c.obj
                                0xaea (size before relaxing)
 .debug_str     0x00002c10      0x803 CMakeFiles/iot_lab.elf.dir/Drivers/STM32L4xx_HAL_Driver/Src/stm32l4xx_hal_uart.c.obj
                               0x1043 (size before relaxing)

.comment        0x00000000       0x49
 .comment       0x00000000       0x49 CMakeFiles/iot_lab.elf.dir/Core/Src/gpio.c.obj
                                 0x4a (size before relaxing)
 .comment       0x00000049       0x4a CMakeFiles/iot_lab.elf.dir/Core/Src/main.c.obj
 .comment       0x00000049       0x4a CMakeFiles/iot_lab.elf.dir/Core/Src/stm32l4xx_hal_msp.c.obj
 .comment       0x00000049       0x4a CMakeFiles/iot_lab.elf.dir/Core/Src/stm32l4xx_it.c.obj
 .comment       0x00000049       0x4a CMakeFiles/iot_lab.elf.dir/Core/Src/system_stm32l4xx.c.obj
 .comment       0x00000049       0x4a CMakeFiles/iot_lab.elf.dir/Core/Src/usart.c.obj
 .comment       0x00000049       0x4a CMakeFiles/iot_lab.elf.dir/Drivers/STM32L4xx_HAL_Driver/Src/stm32l4xx_hal.c.obj
 .comment       0x00000049       0x4a CMakeFiles/iot_lab.elf.dir/Drivers/STM32L4xx_HAL_Driver/Src/stm32l4xx_hal_cortex.c.obj
 .comment       0x00000049       0x4a CMakeFiles/iot_lab.elf.dir/Drivers/STM32L4xx_HAL_Driver/Src/stm32l4xx_hal_gpio.c.obj
 .comment       0x00000049       0x4a CMakeFiles/iot_lab.elf.dir/Drivers/STM32L4xx_HAL_Driver/Src/stm32l4xx_hal_pwr_ex.c.obj
 .comment       0x00000049       0x4a CMakeFiles/iot_lab.elf.dir/Drivers/STM32L4xx_HAL_Driver/Src/stm32l4xx_hal_rcc.c.obj
 .comment       0x00000049       0x4a CMakeFiles/iot_lab.elf.dir/Drivers/STM32L4xx_HAL_Driver/Src/stm32l4xx_hal_rcc_ex.c.obj
 .comment       0x00000049       0x4a CMakeFiles/iot_lab.elf.dir/Drivers/STM32L4xx_HAL_Driver/Src/stm32l4xx_hal_uart.c.obj

.debug_frame    0x00000000     0x15dc
 .debug_frame   0x00000000       0x30 CMakeFiles/iot_lab.elf.dir/Core/Src/gpio.c.obj
 .debug_frame   0x00000030       0xa8 CMakeFiles/iot_lab.elf.dir/Core/Src/main.c.obj
 .debug_frame   0x000000d8       0x28 CMakeFiles/iot_lab.elf.dir/Core/Src/stm32l4xx_hal_msp.c.obj
 .debug_frame   0x00000100      0x120 CMakeFiles/iot_lab.elf.dir/Core/Src/stm32l4xx_it.c.obj
 .debug_frame   0x00000220       0x30 CMakeFiles/iot_lab.elf.dir/Core/Src/system_stm32l4xx.c.obj
 .debug_frame   0x00000250       0x7c CMakeFiles/iot_lab.elf.dir/Core/Src/usart.c.obj
 .debug_frame   0x000002cc      0x274 CMakeFiles/iot_lab.elf.dir/Drivers/STM32L4xx_HAL_Driver/Src/stm32l4xx_hal.c.obj
 .debug_frame   0x00000540      0x148 CMakeFiles/iot_lab.elf.dir/Drivers/STM32L4xx_HAL_Driver/Src/stm32l4xx_hal_cortex.c.obj
 .debug_frame   0x00000688       0xd0 CMakeFiles/iot_lab.elf.dir/Drivers/STM32L4xx_HAL_Driver/Src/stm32l4xx_hal_gpio.c.obj
 .debug_frame   0x00000758      0x298 CMakeFiles/iot_lab.elf.dir/Drivers/STM32L4xx_HAL_Driver/Src/stm32l4xx_hal_pwr_ex.c.obj
 .debug_frame   0x000009f0      0x19c CMakeFiles/iot_lab.elf.dir/Drivers/STM32L4xx_HAL_Driver/Src/stm32l4xx_hal_rcc.c.obj
 .debug_frame   0x00000b8c      0x204 CMakeFiles/iot_lab.elf.dir/Drivers/STM32L4xx_HAL_Driver/Src/stm32l4xx_hal_rcc_ex.c.obj
 .debug_frame   0x00000d90      0x600 CMakeFiles/iot_lab.elf.dir/Drivers/STM32L4xx_HAL_Driver/Src/stm32l4xx_hal_uart.c.obj
 .debug_frame   0x00001390       0x2c c:/arm_toolchain/bin/../lib/gcc/arm-none-eabi/10.3.1/thumb/v7e-m/nofp\libgcc.a(_aeabi_uldivmod.o)
 .debug_frame   0x000013bc       0x34 c:/arm_toolchain/bin/../lib/gcc/arm-none-eabi/10.3.1/thumb/v7e-m/nofp\libgcc.a(_udivmoddi4.o)
 .debug_frame   0x000013f0       0x2c c:/arm_toolchain/bin/../lib/gcc/arm-none-eabi/10.3.1/../../../../arm-none-eabi/lib/thumb/v7e-m/nofp\libc.a(lib_a-init.o)
 .debug_frame   0x0000141c       0x2c c:/arm_toolchain/bin/../lib/gcc/arm-none-eabi/10.3.1/../../../../arm-none-eabi/lib/thumb/v7e-m/nofp\libc.a(lib_a-memset.o)
 .debug_frame   0x00001448       0x5c c:/arm_toolchain/bin/../lib/gcc/arm-none-eabi/10.3.1/../../../../arm-none-eabi/lib/thumb/v7e-m/nofp\libc.a(lib_a-__call_atexit.o)
 .debug_frame   0x000014a4       0x20 c:/arm_toolchain/bin/../lib/gcc/arm-none-eabi/10.3.1/../../../../arm-none-eabi/lib/thumb/v7e-m/nofp\libc.a(lib_a-atexit.o)
 .debug_frame   0x000014c4       0x34 c:/arm_toolchain/bin/../lib/gcc/arm-none-eabi/10.3.1/../../../../arm-none-eabi/lib/thumb/v7e-m/nofp\libc.a(lib_a-fini.o)
 .debug_frame   0x000014f8       0xb0 c:/arm_toolchain/bin/../lib/gcc/arm-none-eabi/10.3.1/../../../../arm-none-eabi/lib/thumb/v7e-m/nofp\libc.a(lib_a-lock.o)
 .debug_frame   0x000015a8       0x34 c:/arm_toolchain/bin/../lib/gcc/arm-none-eabi/10.3.1/../../../../arm-none-eabi/lib/thumb/v7e-m/nofp\libc.a(lib_a-__atexit.o)

.debug_loc      0x00000000     0x8956
 .debug_loc     0x00000000       0xae CMakeFiles/iot_lab.elf.dir/Core/Src/stm32l4xx_it.c.obj
 .debug_loc     0x000000ae      0x127 CMakeFiles/iot_lab.elf.dir/Core/Src/system_stm32l4xx.c.obj
 .debug_loc     0x000001d5       0x81 CMakeFiles/iot_lab.elf.dir/Core/Src/usart.c.obj
 .debug_loc     0x00000256      0x1ef CMakeFiles/iot_lab.elf.dir/Drivers/STM32L4xx_HAL_Driver/Src/stm32l4xx_hal.c.obj
 .debug_loc     0x00000445      0x744 CMakeFiles/iot_lab.elf.dir/Drivers/STM32L4xx_HAL_Driver/Src/stm32l4xx_hal_cortex.c.obj
 .debug_loc     0x00000b89      0x3da CMakeFiles/iot_lab.elf.dir/Drivers/STM32L4xx_HAL_Driver/Src/stm32l4xx_hal_gpio.c.obj
 .debug_loc     0x00000f63      0xb06 CMakeFiles/iot_lab.elf.dir/Drivers/STM32L4xx_HAL_Driver/Src/stm32l4xx_hal_pwr_ex.c.obj
 .debug_loc     0x00001a69      0x81c CMakeFiles/iot_lab.elf.dir/Drivers/STM32L4xx_HAL_Driver/Src/stm32l4xx_hal_rcc.c.obj
 .debug_loc     0x00002285     0x1af9 CMakeFiles/iot_lab.elf.dir/Drivers/STM32L4xx_HAL_Driver/Src/stm32l4xx_hal_rcc_ex.c.obj
 .debug_loc     0x00003d7e     0x4bd8 CMakeFiles/iot_lab.elf.dir/Drivers/STM32L4xx_HAL_Driver/Src/stm32l4xx_hal_uart.c.obj
